Archive member included to satisfy reference by file (symbol)

app/libapp.a(main.c.obj)      (--whole-archive)
zephyr/libzephyr.a(cbprintf.c.obj)
                              (--whole-archive)
zephyr/libzephyr.a(cbprintf_packaged.c.obj)
                              (--whole-archive)
zephyr/libzephyr.a(crc32c_sw.c.obj)
                              (--whole-archive)
zephyr/libzephyr.a(crc32_sw.c.obj)
                              (--whole-archive)
zephyr/libzephyr.a(crc16_sw.c.obj)
                              (--whole-archive)
zephyr/libzephyr.a(crc8_sw.c.obj)
                              (--whole-archive)
zephyr/libzephyr.a(crc7_sw.c.obj)
                              (--whole-archive)
zephyr/libzephyr.a(dec.c.obj)
                              (--whole-archive)
zephyr/libzephyr.a(fdtable.c.obj)
                              (--whole-archive)
zephyr/libzephyr.a(hex.c.obj)
                              (--whole-archive)
zephyr/libzephyr.a(notify.c.obj)
                              (--whole-archive)
zephyr/libzephyr.a(printk.c.obj)
                              (--whole-archive)
zephyr/libzephyr.a(onoff.c.obj)
                              (--whole-archive)
zephyr/libzephyr.a(rb.c.obj)  (--whole-archive)
zephyr/libzephyr.a(sem.c.obj)
                              (--whole-archive)
zephyr/libzephyr.a(thread_entry.c.obj)
                              (--whole-archive)
zephyr/libzephyr.a(timeutil.c.obj)
                              (--whole-archive)
zephyr/libzephyr.a(heap.c.obj)
                              (--whole-archive)
zephyr/libzephyr.a(heap-validate.c.obj)
                              (--whole-archive)
zephyr/libzephyr.a(cbprintf_complete.c.obj)
                              (--whole-archive)
zephyr/libzephyr.a(configs.c.obj)
                              (--whole-archive)
zephyr/libzephyr.a(validate_base_addresses.c.obj)
                              (--whole-archive)
zephyr/libzephyr.a(validate_enabled_instances.c.obj)
                              (--whole-archive)
zephyr/libzephyr.a(log_list.c.obj)
                              (--whole-archive)
zephyr/libzephyr.a(log_core.c.obj)
                              (--whole-archive)
zephyr/libzephyr.a(log_msg.c.obj)
                              (--whole-archive)
zephyr/libzephyr.a(log_output.c.obj)
                              (--whole-archive)
zephyr/libzephyr.a(log_backend_rtt.c.obj)
                              (--whole-archive)
zephyr/libzephyr.a(dis.c.obj)
                              (--whole-archive)
zephyr/libzephyr.a(lres.c.obj)
                              (--whole-archive)
zephyr/libzephyr.a(addr_utils.c.obj)
                              (--whole-archive)
zephyr/libzephyr.a(power.c.obj)
                              (--whole-archive)
zephyr/libzephyr.a(pm_ctrl.c.obj)
                              (--whole-archive)
zephyr/libzephyr.a(policy_residency.c.obj)
                              (--whole-archive)
zephyr/libzephyr.a(rtt_console.c.obj)
                              (--whole-archive)
zephyr/libzephyr.a(clock_control_nrf.c.obj)
                              (--whole-archive)
zephyr/libzephyr.a(sys_clock_init.c.obj)
                              (--whole-archive)
zephyr/libzephyr.a(nrf_rtc_timer.c.obj)
                              (--whole-archive)
zephyr/libzephyr.a(SEGGER_RTT.c.obj)
                              (--whole-archive)
zephyr/libzephyr.a(SEGGER_RTT_zephyr.c.obj)
                              (--whole-archive)
zephyr/libzephyr.a(utils.c.obj)
                              (--whole-archive)
zephyr/libzephyr.a(ecc_dh.c.obj)
                              (--whole-archive)
zephyr/libzephyr.a(ecc.c.obj)
                              (--whole-archive)
zephyr/libzephyr.a(aes_decrypt.c.obj)
                              (--whole-archive)
zephyr/libzephyr.a(aes_encrypt.c.obj)
                              (--whole-archive)
zephyr/libzephyr.a(cmac_mode.c.obj)
                              (--whole-archive)
zephyr/arch/common/libarch__common.a(sw_isr_common.c.obj)
                              (--whole-archive)
zephyr/arch/arch/arm/core/aarch32/libarch__arm__core__aarch32.a(swap.c.obj)
                              (--whole-archive)
zephyr/arch/arch/arm/core/aarch32/libarch__arm__core__aarch32.a(swap_helper.S.obj)
                              (--whole-archive)
zephyr/arch/arch/arm/core/aarch32/libarch__arm__core__aarch32.a(irq_manage.c.obj)
                              (--whole-archive)
zephyr/arch/arch/arm/core/aarch32/libarch__arm__core__aarch32.a(thread.c.obj)
                              (--whole-archive)
zephyr/arch/arch/arm/core/aarch32/libarch__arm__core__aarch32.a(cpu_idle.S.obj)
                              (--whole-archive)
zephyr/arch/arch/arm/core/aarch32/libarch__arm__core__aarch32.a(fatal.c.obj)
                              (--whole-archive)
zephyr/arch/arch/arm/core/aarch32/libarch__arm__core__aarch32.a(nmi.c.obj)
                              (--whole-archive)
[...]
Memory Configuration

Name             Origin             Length             Attributes
FLASH            0x0000000000000000 0x0000000000100000 xr
SRAM             0x0000000020000000 0x0000000000040000 xw
IDT_LIST         0x0000000020040000 0x0000000000000800 xw
*default*        0x0000000000000000 0xffffffffffffffff

Linker script and memory map

LOAD zephyr/CMakeFiles/zephyr_prebuilt.dir/misc/empty_file.c.obj
                0x0000000000000020                _region_min_align = 0x20

.rel.plt        0x0000000000000000        0x0
 *(SORT_BY_ALIGNMENT(.rel.plt))
                [!provide]                        PROVIDE (__rel_iplt_start = .)
 *(SORT_BY_ALIGNMENT(.rel.iplt))
 .rel.iplt      0x0000000000000000        0x0 app/libapp.a(main.c.obj)
                [!provide]                        PROVIDE (__rel_iplt_end = .)

.rela.plt       0x0000000000000000        0x0
 *(SORT_BY_ALIGNMENT(.rela.plt))
                [!provide]                        PROVIDE (__rela_iplt_start = .)
 *(SORT_BY_ALIGNMENT(.rela.iplt))
                [!provide]                        PROVIDE (__rela_iplt_end = .)

.rel.dyn
 *(SORT_BY_ALIGNMENT(.rel.*))

.rela.dyn
 *(SORT_BY_ALIGNMENT(.rela.*))

/DISCARD/
 *(SORT_BY_ALIGNMENT(.plt))
 *(SORT_BY_ALIGNMENT(.iplt))
 *(SORT_BY_ALIGNMENT(.got.plt))
 *(SORT_BY_ALIGNMENT(.igot.plt))
 *(SORT_BY_ALIGNMENT(.got))
 *(SORT_BY_ALIGNMENT(.igot))
 *(SORT_BY_ALIGNMENT(.note.GNU-stack))
                0x0000000000000000                _image_rom_start = 0x0

rom_start       0x0000000000000000      0x100
                0x0000000000000000                . = 0x0
                0x0000000000000000                . = ALIGN (0x4)
                0x0000000000000000                . = ALIGN (0x80)
                0x0000000000000000                . = ALIGN (0x100)
                0x0000000000000000                _vector_start = .
 *(SORT_BY_ALIGNMENT(.exc_vector_table))
 *(SORT_BY_ALIGNMENT(.exc_vector_table.*))
 .exc_vector_table._vector_table_section
                0x0000000000000000       0x40 zephyr/arch/arch/arm/core/aarch32/cortex_m/libarch__arm__core__aarch32__cortex_m.a(vector_table.S.obj)
                0x0000000000000000                _vector_table
 *(SORT_BY_ALIGNMENT(.gnu.linkonce.irq_vector_table*))
 .gnu.linkonce.irq_vector_table
                0x0000000000000040       0xc0 zephyr/arch/common/libisr_tables.a(isr_tables.c.obj)
                0x0000000000000040                _irq_vector_table
 *(SORT_BY_ALIGNMENT(.vectors))
                0x0000000000000100                _vector_end = .

text            0x0000000000000100    0x24388
                0x0000000000000100                _image_text_start = .
 *(SORT_BY_ALIGNMENT(.text))
 .text          0x0000000000000100      0x378 /home/lorenz/zephyr-sdk-0.11.3/arm-zephyr-eabi/bin/../lib/gcc/arm-zephyr-eabi/9.2.0/thumb/v7e-m/nofp/libgcc.a(_arm_addsubdf3.o)
                0x0000000000000100                __aeabi_drsub
                0x0000000000000108                __aeabi_dsub
                0x0000000000000108                __subdf3
                0x000000000000010c                __adddf3
                0x000000000000010c                __aeabi_dadd
                0x0000000000000384                __aeabi_ui2d
                0x0000000000000384                __floatunsidf
                0x00000000000003a4                __floatsidf
                0x00000000000003a4                __aeabi_i2d
                0x00000000000003c8                __extendsfdf2
                0x00000000000003c8                __aeabi_f2d
                0x000000000000040c                __aeabi_ul2d
                0x000000000000040c                __floatundidf
                0x000000000000041c                __floatdidf
                0x000000000000041c                __aeabi_l2d
 .text          0x0000000000000478      0x424 /home/lorenz/zephyr-sdk-0.11.3/arm-zephyr-eabi/bin/../lib/gcc/arm-zephyr-eabi/9.2.0/thumb/v7e-m/nofp/libgcc.a(_arm_muldivdf3.o)
                0x0000000000000478                __aeabi_dmul
                0x0000000000000478                __muldf3
                0x00000000000006cc                __aeabi_ddiv
                0x00000000000006cc                __divdf3
 .text          0x000000000000089c      0x110 /home/lorenz/zephyr-sdk-0.11.3/arm-zephyr-eabi/bin/../lib/gcc/arm-zephyr-eabi/9.2.0/thumb/v7e-m/nofp/libgcc.a(_arm_cmpdf2.o)
                0x000000000000089c                __gtdf2
                0x000000000000089c                __gedf2
                0x00000000000008a4                __ltdf2
                0x00000000000008a4                __ledf2
                0x00000000000008ac                __cmpdf2
                0x00000000000008ac                __eqdf2
                0x00000000000008ac                __nedf2
                0x0000000000000928                __aeabi_cdrcmple
                0x0000000000000938                __aeabi_cdcmple
                0x0000000000000938                __aeabi_cdcmpeq
                0x0000000000000948                __aeabi_dcmpeq
                0x000000000000095c                __aeabi_dcmplt
                0x0000000000000970                __aeabi_dcmple
                0x0000000000000984                __aeabi_dcmpge
                0x0000000000000998                __aeabi_dcmpgt
 .text          0x00000000000009ac       0x50 /home/lorenz/zephyr-sdk-0.11.3/arm-zephyr-eabi/bin/../lib/gcc/arm-zephyr-eabi/9.2.0/thumb/v7e-m/nofp/libgcc.a(_arm_fixdfsi.o)
                0x00000000000009ac                __fixdfsi
                0x00000000000009ac                __aeabi_d2iz
 .text          0x00000000000009fc       0x40 /home/lorenz/zephyr-sdk-0.11.3/arm-zephyr-eabi/bin/../lib/gcc/arm-zephyr-eabi/9.2.0/thumb/v7e-m/nofp/libgcc.a(_arm_fixunsdfsi.o)
                0x00000000000009fc                __fixunsdfsi
                0x00000000000009fc                __aeabi_d2uiz
 .text          0x0000000000000a3c       0x30 /home/lorenz/zephyr-sdk-0.11.3/arm-zephyr-eabi/bin/../lib/gcc/arm-zephyr-eabi/9.2.0/thumb/v7e-m/nofp/libgcc.a(_aeabi_uldivmod.o)
                0x0000000000000a3c                __aeabi_uldivmod
 .text          0x0000000000000a6c      0x2c4 /home/lorenz/zephyr-sdk-0.11.3/arm-zephyr-eabi/bin/../lib/gcc/arm-zephyr-eabi/9.2.0/thumb/v7e-m/nofp/libgcc.a(_udivmoddi4.o)
                0x0000000000000a6c                __udivmoddi4
 .text          0x0000000000000d30        0x4 /home/lorenz/zephyr-sdk-0.11.3/arm-zephyr-eabi/bin/../lib/gcc/arm-zephyr-eabi/9.2.0/thumb/v7e-m/nofp/libgcc.a(_dvmd_tls.o)
                0x0000000000000d30                __aeabi_ldiv0
                0x0000000000000d30                __aeabi_idiv0
 .text          0x0000000000000d34       0x14 /home/lorenz/zephyr-sdk-0.11.3/arm-zephyr-eabi/arm-zephyr-eabi/lib/thumb/v7e-m/nofp/libc_nano.a(lib_a-strcmp.o)
                0x0000000000000d34                strcmp
 .text          0x0000000000000d48       0x10 /home/lorenz/zephyr-sdk-0.11.3/arm-zephyr-eabi/arm-zephyr-eabi/lib/thumb/v7e-m/nofp/libc_nano.a(lib_a-strlen.o)
                0x0000000000000d48                strlen
 *(SORT_BY_ALIGNMENT(.text.*))
 .text.hci_init
                0x0000000000000d58      0x4cc zephyr/subsys/bluetooth/host/libsubsys__bluetooth__host.a(hci_core.c.obj)
 *fill*         0x0000000000001224        0x4 
 .text.ull_drift_ticks_get
                0x0000000000001228       0x8c zephyr/subsys/bluetooth/controller/libsubsys__bluetooth__controller.a(ull.c.obj)
                0x0000000000001228                ull_drift_ticks_get
 *fill*         0x00000000000012b4        0x4 
 .text.ll_adv_enable
                0x00000000000012b8      0x5b0 zephyr/subsys/bluetooth/controller/libsubsys__bluetooth__controller.a(ull_adv.c.obj)
                0x00000000000012b8                ll_adv_enable
 .text.event_conn_upd_prep
                0x0000000000001868      0x57c zephyr/subsys/bluetooth/controller/libsubsys__bluetooth__controller.a(ull_conn.c.obj)
 *fill*         0x0000000000001de4        0x4 
 .text.ull_slave_setup
                0x0000000000001de8      0x40c zephyr/subsys/bluetooth/controller/libsubsys__bluetooth__controller.a(ull_slave.c.obj)
                0x0000000000001de8                ull_slave_setup
 *fill*         0x00000000000021f4        0x4 
 .text.SX1276SetChannel
                0x00000000000021f8       0x4c zephyr/drivers/lora/libloramac-node.a(sx1276.c.obj)
                0x00000000000021f8                SX1276SetChannel
 *fill*         0x0000000000002244        0x4 
 .text.RxChainCalibration
                0x0000000000002248       0xa4 zephyr/drivers/lora/libloramac-node.a(sx1276.c.obj)
 *fill*         0x00000000000022ec        0x4 
 .text.SX1276GetTimeOnAir
                0x00000000000022f0      0x1f0 zephyr/drivers/lora/libloramac-node.a(sx1276.c.obj)
                0x00000000000022f0                SX1276GetTimeOnAir
 .text.SX1276SetRxConfig
                0x00000000000024e0      0x304 zephyr/drivers/lora/libloramac-node.a(sx1276.c.obj)
                0x00000000000024e0                SX1276SetRxConfig
 *fill*         0x00000000000027e4        0x4 
 .text.SX1276SetTxConfig
                0x00000000000027e8      0x254 zephyr/drivers/lora/libloramac-node.a(sx1276.c.obj)
                0x00000000000027e8                SX1276SetTxConfig
 *fill*         0x0000000000002a3c        0x4 
 .text.SX1276OnDio2Irq
                0x0000000000002a40       0xd4 zephyr/drivers/lora/libloramac-node.a(sx1276.c.obj)
                0x0000000000002a40                SX1276OnDio2Irq
 *fill*         0x0000000000002b14        0x4 
 .text.ceil     0x0000000000002b18      0x1d0 /home/lorenz/zephyr-sdk-0.11.3/arm-zephyr-eabi/arm-zephyr-eabi/lib/thumb/v7e-m/nofp/libm.a(lib_a-s_ceil.o)
                0x0000000000002b18                ceil
 .text.floor    0x0000000000002ce8      0x1d0 /home/lorenz/zephyr-sdk-0.11.3/arm-zephyr-eabi/arm-zephyr-eabi/lib/thumb/v7e-m/nofp/libm.a(lib_a-s_floor.o)
                0x0000000000002ce8                floor
 .text.disconnected
                0x0000000000002eb8       0x1c app/libapp.a(main.c.obj)
 .text.connected
                0x0000000000002ed4       0x28 app/libapp.a(main.c.obj)
 .text.auth_cancel
                0x0000000000002efc       0x84 app/libapp.a(main.c.obj)
 .text.main     0x0000000000002f80       0x7c app/libapp.a(main.c.obj)
                0x0000000000002f80                main
 .text.__printk_hook_install
                0x0000000000002ffc        0xc zephyr/libzephyr.a(printk.c.obj)
                0x0000000000002ffc                __printk_hook_install
 .text.vsnprintk
                0x0000000000003008       0x28 zephyr/libzephyr.a(printk.c.obj)
                0x0000000000003008                vsnprintk
 .text.process_event
                0x0000000000003030      0x1cc zephyr/libzephyr.a(onoff.c.obj)
 .text.extract_decimal
                0x00000000000031fc       0x2c zephyr/libzephyr.a(cbprintf_complete.c.obj)
 .text.encode_uint
                0x0000000000003228       0xa0 zephyr/libzephyr.a(cbprintf_complete.c.obj)
 .text.cbvprintf
                0x00000000000032c8      0xd2c zephyr/libzephyr.a(cbprintf_complete.c.obj)
                0x00000000000032c8                cbvprintf
 .text.enable_logger
                0x0000000000003ff4       0x5c zephyr/libzephyr.a(log_core.c.obj)
 .text.log_process_thread_timer_expiry_fn
                0x0000000000004050        0xc zephyr/libzephyr.a(log_core.c.obj)
 .text.z_log_get_s_mask
                0x000000000000405c       0x48 zephyr/libzephyr.a(log_core.c.obj)
                0x000000000000405c                z_log_get_s_mask
 .text.log_core_init
                0x00000000000040a4       0x40 zephyr/libzephyr.a(log_core.c.obj)
                0x00000000000040a4                log_core_init
 .text.dropped_notify
                0x00000000000040e4       0x4c zephyr/libzephyr.a(log_core.c.obj)
                0x00000000000040e4                dropped_notify
 .text.log_dropped
                0x0000000000004130       0x20 zephyr/libzephyr.a(log_core.c.obj)
                0x0000000000004130                log_dropped
 .text.log_source_name_get
                0x0000000000004150       0x1c zephyr/libzephyr.a(log_core.c.obj)
                0x0000000000004150                log_source_name_get
 .text.log_backend_enable
                0x000000000000416c       0x34 zephyr/libzephyr.a(log_core.c.obj)
                0x000000000000416c                log_backend_enable
 .text.log_init
                0x00000000000041a0       0x54 zephyr/libzephyr.a(log_core.c.obj)
                0x00000000000041a0                log_init
 .text.log_strdup
                0x00000000000041f4       0x70 zephyr/libzephyr.a(log_core.c.obj)
                0x00000000000041f4                log_strdup
 .text.log_is_strdup
                0x0000000000004264       0x20 zephyr/libzephyr.a(log_core.c.obj)
                0x0000000000004264                log_is_strdup
 .text.z_impl_log_process
                0x0000000000004284      0x170 zephyr/libzephyr.a(log_core.c.obj)
                0x0000000000004284                z_impl_log_process
 .text.msg_finalize
                0x00000000000043f4       0xc4 zephyr/libzephyr.a(log_core.c.obj)
 .text.log_process_thread_func
                0x00000000000044b8       0x48 zephyr/libzephyr.a(log_core.c.obj)
 .text.z_impl_log_panic
                0x0000000000004500       0x48 zephyr/libzephyr.a(log_core.c.obj)
                0x0000000000004500                z_impl_log_panic
 .text.log_free
                0x0000000000004548       0x34 zephyr/libzephyr.a(log_core.c.obj)
                0x0000000000004548                log_free
 .text.log_msg_pool_init
                0x000000000000457c       0x14 zephyr/libzephyr.a(log_msg.c.obj)
                0x000000000000457c                log_msg_pool_init
 .text.log_msg_no_space_handle
                0x0000000000004590       0x30 zephyr/libzephyr.a(log_msg.c.obj)
                0x0000000000004590                log_msg_no_space_handle
 .text.log_msg_chunk_alloc
                0x00000000000045c0       0x28 zephyr/libzephyr.a(log_msg.c.obj)
                0x00000000000045c0                log_msg_chunk_alloc
 .text.msg_free
                0x00000000000045e8       0x7c zephyr/libzephyr.a(log_msg.c.obj)
 .text.print_formatted
                0x0000000000004664       0x24 zephyr/libzephyr.a(log_output.c.obj)
 .text.prefix_print
                0x0000000000004688      0x11c zephyr/libzephyr.a(log_output.c.obj)
 .text.postfix_print
                0x00000000000047a4       0x3c zephyr/libzephyr.a(log_output.c.obj)
 .text.hexdump_line_print
                0x00000000000047e0       0xe4 zephyr/libzephyr.a(log_output.c.obj)
 .text.log_output_msg_process
                0x00000000000048c4       0xf4 zephyr/libzephyr.a(log_output.c.obj)
                0x00000000000048c4                log_output_msg_process
 .text.log_output_dropped_process
                0x00000000000049b8       0x58 zephyr/libzephyr.a(log_output.c.obj)
                0x00000000000049b8                log_output_dropped_process
 .text.log_output_timestamp_freq_set
                0x0000000000004a10       0x30 zephyr/libzephyr.a(log_output.c.obj)
                0x0000000000004a10                log_output_timestamp_freq_set
 .text.log_backend_rtt_init
                0x0000000000004a40        0xc zephyr/libzephyr.a(log_backend_rtt.c.obj)
 .text.panic    0x0000000000004a4c       0x14 zephyr/libzephyr.a(log_backend_rtt.c.obj)
 .text.dropped  0x0000000000004a60        0xc zephyr/libzephyr.a(log_backend_rtt.c.obj)
 .text.put      0x0000000000004a6c       0x24 zephyr/libzephyr.a(log_backend_rtt.c.obj)
 .text.on_failed_write.part.0
                0x0000000000004a90       0x1c zephyr/libzephyr.a(log_backend_rtt.c.obj)
 .text.data_out_block_mode
                0x0000000000004aac       0xa0 zephyr/libzephyr.a(log_backend_rtt.c.obj)
 .text.lec_ccc_cfg_changed
                0x0000000000004b4c       0x34 zephyr/libzephyr.a(lres.c.obj)
 .text.bt_gatt_notify.constprop.0
                0x0000000000004b80       0x2c zephyr/libzephyr.a(lres.c.obj)
 .text.lora_config.constprop.0
                0x0000000000004bac        0xc zephyr/libzephyr.a(lres.c.obj)
 .text.change_config
                0x0000000000004bb8       0xcc zephyr/libzephyr.a(lres.c.obj)
                0x0000000000004bb8                change_config
 .text.bt_lres_notify
                0x0000000000004c84       0x5c zephyr/libzephyr.a(lres.c.obj)
                0x0000000000004c84                bt_lres_notify
 .text.receive_lora
                0x0000000000004ce0       0xec zephyr/libzephyr.a(lres.c.obj)
                0x0000000000004ce0                receive_lora
 .text.exec_experiment
                0x0000000000004dcc      0x508 zephyr/libzephyr.a(lres.c.obj)
                0x0000000000004dcc                exec_experiment
 .text.wait_for_ping_return
                0x00000000000052d4      0x10c zephyr/libzephyr.a(lres.c.obj)
                0x00000000000052d4                wait_for_ping_return
 .text.experiment_settings_cb
                0x00000000000053e0       0xe0 zephyr/libzephyr.a(lres.c.obj)
 .text.change_config_cb
                0x00000000000054c0       0x64 zephyr/libzephyr.a(lres.c.obj)
 .text.set_connected
                0x0000000000005524        0xc zephyr/libzephyr.a(lres.c.obj)
                0x0000000000005524                set_connected
 .text.pm_state_notify
                0x0000000000005530       0x4c zephyr/libzephyr.a(power.c.obj)
 .text.pm_system_resume
                0x000000000000557c       0x2c zephyr/libzephyr.a(power.c.obj)
                0x000000000000557c                pm_system_resume
 .text.pm_system_suspend
                0x00000000000055a8       0x48 zephyr/libzephyr.a(power.c.obj)
                0x00000000000055a8                pm_system_suspend
 .text.rtt_console_init
                0x00000000000055f0       0x18 zephyr/libzephyr.a(rtt_console.c.obj)
 .text.rtt_console_out
                0x0000000000005608       0x6c zephyr/libzephyr.a(rtt_console.c.obj)
 .text.onoff_stop
                0x0000000000005674       0x48 zephyr/libzephyr.a(clock_control_nrf.c.obj)
 .text.onoff_start
                0x00000000000056bc       0x54 zephyr/libzephyr.a(clock_control_nrf.c.obj)
 .text.clk_init
                0x0000000000005710       0x60 zephyr/libzephyr.a(clock_control_nrf.c.obj)
 .text.clkstarted_handle.constprop.0
                0x0000000000005770       0x34 zephyr/libzephyr.a(clock_control_nrf.c.obj)
 .text.clock_event_handler
                0x00000000000057a4       0x1c zephyr/libzephyr.a(clock_control_nrf.c.obj)
 .text.generic_hfclk_start
                0x00000000000057c0       0x64 zephyr/libzephyr.a(clock_control_nrf.c.obj)
 .text.generic_hfclk_stop
                0x0000000000005824       0x2c zephyr/libzephyr.a(clock_control_nrf.c.obj)
 .text.api_blocking_start
                0x0000000000005850       0x3c zephyr/libzephyr.a(clock_control_nrf.c.obj)
 .text.z_nrf_clock_control_get_onoff
                0x000000000000588c       0x10 zephyr/libzephyr.a(clock_control_nrf.c.obj)
                0x000000000000588c                z_nrf_clock_control_get_onoff
 .text.z_nrf_clock_bt_ctlr_hf_request
                0x000000000000589c       0x2c zephyr/libzephyr.a(clock_control_nrf.c.obj)
                0x000000000000589c                z_nrf_clock_bt_ctlr_hf_request
 .text.z_nrf_clock_bt_ctlr_hf_release
                0x00000000000058c8       0x2c zephyr/libzephyr.a(clock_control_nrf.c.obj)
                0x00000000000058c8                z_nrf_clock_bt_ctlr_hf_release
 .text.z_nrf_clock_control_lf_on
                0x00000000000058f4      0x10c zephyr/libzephyr.a(clock_control_nrf.c.obj)
                0x00000000000058f4                z_nrf_clock_control_lf_on
 .text.sys_clock_timeout_handler
                0x0000000000005a00       0x18 zephyr/libzephyr.a(nrf_rtc_timer.c.obj)
 .text.set_absolute_alarm
                0x0000000000005a18       0x98 zephyr/libzephyr.a(nrf_rtc_timer.c.obj)
 .text.rtc_nrf_isr
                0x0000000000005ab0       0x50 zephyr/libzephyr.a(nrf_rtc_timer.c.obj)
                0x0000000000005ab0                rtc_nrf_isr
 .text.sys_clock_driver_init
                0x0000000000005b00       0x54 zephyr/libzephyr.a(nrf_rtc_timer.c.obj)
                0x0000000000005b00                sys_clock_driver_init
 .text.sys_clock_set_timeout
                0x0000000000005b54       0x64 zephyr/libzephyr.a(nrf_rtc_timer.c.obj)
                0x0000000000005b54                sys_clock_set_timeout
 .text.sys_clock_elapsed
                0x0000000000005bb8       0x34 zephyr/libzephyr.a(nrf_rtc_timer.c.obj)
                0x0000000000005bb8                sys_clock_elapsed
 .text.sys_clock_cycle_get_32
                0x0000000000005bec       0x34 zephyr/libzephyr.a(nrf_rtc_timer.c.obj)
                0x0000000000005bec                sys_clock_cycle_get_32
 .text._DoInit  0x0000000000005c20       0x60 zephyr/libzephyr.a(SEGGER_RTT.c.obj)
 .text.SEGGER_RTT_WriteSkipNoLock
                0x0000000000005c80       0x98 zephyr/libzephyr.a(SEGGER_RTT.c.obj)
                0x0000000000005c80                SEGGER_RTT_WriteSkipNoLock
 .text.SEGGER_RTT_WriteNoLock
                0x0000000000005d18       0x68 zephyr/libzephyr.a(SEGGER_RTT.c.obj)
                0x0000000000005d18                SEGGER_RTT_WriteNoLock
 .text.SEGGER_RTT_HasDataUp
                0x0000000000005d80       0x14 zephyr/libzephyr.a(SEGGER_RTT.c.obj)
                0x0000000000005d80                SEGGER_RTT_HasDataUp
 .text.uECC_get_rng
                0x0000000000005d94        0xc zephyr/libzephyr.a(ecc.c.obj)
                0x0000000000005d94                uECC_get_rng
 .text.vli_mmod_fast_secp256r1
                0x0000000000005da0      0x1a0 zephyr/libzephyr.a(ecc.c.obj)
                0x0000000000005da0                vli_mmod_fast_secp256r1
 .text.tc_aes128_set_encrypt_key
                0x0000000000005f40       0xa4 zephyr/libzephyr.a(aes_encrypt.c.obj)
                0x0000000000005f40                tc_aes128_set_encrypt_key
 .text.tc_aes_encrypt
                0x0000000000005fe4       0xd4 zephyr/libzephyr.a(aes_encrypt.c.obj)
                0x0000000000005fe4                tc_aes_encrypt
 .text.arch_swap
                0x00000000000060b8       0x34 zephyr/arch/arch/arm/core/aarch32/libarch__arm__core__aarch32.a(swap.c.obj)
                0x00000000000060b8                arch_swap
 .text.z_arm_pendsv
                0x00000000000060ec       0x48 zephyr/arch/arch/arm/core/aarch32/libarch__arm__core__aarch32.a(swap_helper.S.obj)
                0x00000000000060ec                z_arm_pendsv
 .text.z_arm_svc
                0x0000000000006134       0x20 zephyr/arch/arch/arm/core/aarch32/libarch__arm__core__aarch32.a(swap_helper.S.obj)
                0x0000000000006134                z_arm_svc
 .text.arch_irq_enable
                0x0000000000006154       0x20 zephyr/arch/arch/arm/core/aarch32/libarch__arm__core__aarch32.a(irq_manage.c.obj)
                0x0000000000006154                arch_irq_enable
 .text.arch_irq_disable
                0x0000000000006174       0x28 zephyr/arch/arch/arm/core/aarch32/libarch__arm__core__aarch32.a(irq_manage.c.obj)
                0x0000000000006174                arch_irq_disable
 .text.arch_irq_is_enabled
                0x000000000000619c       0x1c zephyr/arch/arch/arm/core/aarch32/libarch__arm__core__aarch32.a(irq_manage.c.obj)
                0x000000000000619c                arch_irq_is_enabled
 .text.z_arm_irq_priority_set
                0x00000000000061b8       0x30 zephyr/arch/arch/arm/core/aarch32/libarch__arm__core__aarch32.a(irq_manage.c.obj)
                0x00000000000061b8                z_arm_irq_priority_set
 .text._arch_isr_direct_pm
                0x00000000000061e8       0x1c zephyr/arch/arch/arm/core/aarch32/libarch__arm__core__aarch32.a(irq_manage.c.obj)
                0x00000000000061e8                _arch_isr_direct_pm
 .text.arch_new_thread
                0x0000000000006204       0x38 zephyr/arch/arch/arm/core/aarch32/libarch__arm__core__aarch32.a(thread.c.obj)
                0x0000000000006204                arch_new_thread
 .text.arch_switch_to_main_thread
                0x000000000000623c       0x30 zephyr/arch/arch/arm/core/aarch32/libarch__arm__core__aarch32.a(thread.c.obj)
                0x000000000000623c                arch_switch_to_main_thread
 .text.z_arm_cpu_idle_init
                0x000000000000626c        0xc zephyr/arch/arch/arm/core/aarch32/libarch__arm__core__aarch32.a(cpu_idle.S.obj)
                0x000000000000626c                z_arm_cpu_idle_init
 .text.arch_cpu_idle
                0x0000000000006278       0x1c zephyr/arch/arch/arm/core/aarch32/libarch__arm__core__aarch32.a(cpu_idle.S.obj)
                0x0000000000006278                arch_cpu_idle
 .text.arch_cpu_atomic_idle
                0x0000000000006294       0x14 zephyr/arch/arch/arm/core/aarch32/libarch__arm__core__aarch32.a(cpu_idle.S.obj)
                0x0000000000006294                arch_cpu_atomic_idle
 .text.z_arm_fatal_error
                0x00000000000062a8       0x70 zephyr/arch/arch/arm/core/aarch32/libarch__arm__core__aarch32.a(fatal.c.obj)
                0x00000000000062a8                z_arm_fatal_error
 .text.z_SysNmiOnReset
                0x0000000000006318        0x8 zephyr/arch/arch/arm/core/aarch32/libarch__arm__core__aarch32.a(nmi_on_reset.S.obj)
                0x0000000000006318                z_SysNmiOnReset
 .text.z_arm_prep_c
                0x0000000000006320       0x44 zephyr/arch/arch/arm/core/aarch32/libarch__arm__core__aarch32.a(prep_c.c.obj)
                0x0000000000006320                z_arm_prep_c
 .text._isr_wrapper
                0x0000000000006364       0x40 zephyr/arch/arch/arm/core/aarch32/libarch__arm__core__aarch32.a(isr_wrapper.S.obj)
                0x0000000000006364                _isr_wrapper
 .text._reset_section
                0x00000000000063a4       0x30 zephyr/arch/arch/arm/core/aarch32/cortex_m/libarch__arm__core__aarch32__cortex_m.a(reset.S.obj)
                0x00000000000063a4                z_arm_reset
                0x00000000000063a4                __start
 .text.__fault  0x00000000000063d4       0x14 zephyr/arch/arch/arm/core/aarch32/cortex_m/libarch__arm__core__aarch32__cortex_m.a(fault_s.S.obj)
                0x00000000000063d4                z_arm_bus_fault
                0x00000000000063d4                z_arm_usage_fault
                0x00000000000063d4                z_arm_mpu_fault
                0x00000000000063d4                z_arm_exc_spurious
                0x00000000000063d4                z_arm_debug_monitor
                0x00000000000063d4                z_arm_hard_fault
 .text.usage_fault.isra.0
                0x00000000000063e8       0xb8 zephyr/arch/arch/arm/core/aarch32/cortex_m/libarch__arm__core__aarch32__cortex_m.a(fault.c.obj)
 .text.mem_manage_fault.isra.0
                0x00000000000064a0       0xd0 zephyr/arch/arch/arm/core/aarch32/cortex_m/libarch__arm__core__aarch32__cortex_m.a(fault.c.obj)
 .text.bus_fault.isra.0
                0x0000000000006570       0xdc zephyr/arch/arch/arm/core/aarch32/cortex_m/libarch__arm__core__aarch32__cortex_m.a(fault.c.obj)
 .text.z_arm_fault
                0x000000000000664c      0x1a8 zephyr/arch/arch/arm/core/aarch32/cortex_m/libarch__arm__core__aarch32__cortex_m.a(fault.c.obj)
                0x000000000000664c                z_arm_fault
 .text.z_arm_fault_init
                0x00000000000067f4       0x10 zephyr/arch/arch/arm/core/aarch32/cortex_m/libarch__arm__core__aarch32__cortex_m.a(fault.c.obj)
                0x00000000000067f4                z_arm_fault_init
 .text._HandlerModeExit
                0x0000000000006804       0x1c zephyr/arch/arch/arm/core/aarch32/cortex_m/libarch__arm__core__aarch32__cortex_m.a(exc_exit.S.obj)
                0x0000000000006804                z_arm_exc_exit
                0x0000000000006804                z_arm_int_exit
 .text.z_arm_interrupt_init
                0x0000000000006820       0x18 zephyr/arch/arch/arm/core/aarch32/cortex_m/libarch__arm__core__aarch32__cortex_m.a(irq_init.c.obj)
                0x0000000000006820                z_arm_interrupt_init
 .text.z_impl_k_thread_abort
                0x0000000000006838       0x24 zephyr/arch/arch/arm/core/aarch32/cortex_m/libarch__arm__core__aarch32__cortex_m.a(thread_abort.c.obj)
                0x0000000000006838                z_impl_k_thread_abort
 .text.z_arm_configure_static_mpu_regions
                0x000000000000685c       0x18 zephyr/arch/arch/arm/core/aarch32/cortex_m/mpu/libarch__arm__core__aarch32__cortex_m__mpu.a(arm_core_mpu.c.obj)
                0x000000000000685c                z_arm_configure_static_mpu_regions
 .text.mpu_configure_regions
                0x0000000000006874       0xb8 zephyr/arch/arch/arm/core/aarch32/cortex_m/mpu/libarch__arm__core__aarch32__cortex_m__mpu.a(arm_mpu.c.obj)
 .text.arm_core_mpu_enable
                0x000000000000692c       0x14 zephyr/arch/arch/arm/core/aarch32/cortex_m/mpu/libarch__arm__core__aarch32__cortex_m__mpu.a(arm_mpu.c.obj)
                0x000000000000692c                arm_core_mpu_enable
 .text.arm_core_mpu_disable
                0x0000000000006940       0x10 zephyr/arch/arch/arm/core/aarch32/cortex_m/mpu/libarch__arm__core__aarch32__cortex_m__mpu.a(arm_mpu.c.obj)
                0x0000000000006940                arm_core_mpu_disable
 .text.arm_mpu_init
                0x0000000000006950       0x5c zephyr/arch/arch/arm/core/aarch32/cortex_m/mpu/libarch__arm__core__aarch32__cortex_m__mpu.a(arm_mpu.c.obj)
 .text.arm_core_mpu_configure_static_mpu_regions
                0x00000000000069ac       0x14 zephyr/arch/arch/arm/core/aarch32/cortex_m/mpu/libarch__arm__core__aarch32__cortex_m__mpu.a(arm_mpu.c.obj)
                0x00000000000069ac                arm_core_mpu_configure_static_mpu_regions
 .text.__stdout_hook_install
                0x00000000000069c0        0xc zephyr/lib/libc/newlib/liblib__libc__newlib.a(libc-hooks.c.obj)
                0x00000000000069c0                __stdout_hook_install
 .text.nordicsemi_nrf52_init
                0x00000000000069cc       0x30 zephyr/soc/arm/nordic_nrf/nrf52/libsoc__arm__nordic_nrf__nrf52.a(soc.c.obj)
 .text.arch_busy_wait
                0x00000000000069fc       0x14 zephyr/soc/arm/nordic_nrf/nrf52/libsoc__arm__nordic_nrf__nrf52.a(soc.c.obj)
                0x00000000000069fc                arch_busy_wait
 .text.bt_hex_real
                0x0000000000006a10       0x44 zephyr/subsys/bluetooth/common/libsubsys__bluetooth__common.a(log.c.obj)
                0x0000000000006a10                bt_hex_real
 .text.bt_addr_le_str_real
                0x0000000000006a54       0x7c zephyr/subsys/bluetooth/common/libsubsys__bluetooth__common.a(log.c.obj)
                0x0000000000006a54                bt_addr_le_str_real
 .text.ecc_thread
                0x0000000000006ad0      0x1dc zephyr/subsys/bluetooth/host/libsubsys__bluetooth__host.a(hci_ecc.c.obj)
 .text.le_gen_dhkey
                0x0000000000006cac       0x98 zephyr/subsys/bluetooth/host/libsubsys__bluetooth__host.a(hci_ecc.c.obj)
 .text.bt_hci_ecc_send
                0x0000000000006d44       0xdc zephyr/subsys/bluetooth/host/libsubsys__bluetooth__host.a(hci_ecc.c.obj)
                0x0000000000006d44                bt_hci_ecc_send
 .text.bt_hci_ecc_init
                0x0000000000006e20       0x48 zephyr/subsys/bluetooth/host/libsubsys__bluetooth__host.a(hci_ecc.c.obj)
                0x0000000000006e20                bt_hci_ecc_init
 .text.uuid_to_uuid128
                0x0000000000006e68       0x88 zephyr/subsys/bluetooth/host/libsubsys__bluetooth__host.a(uuid.c.obj)
 .text.bt_buf_get_rx
                0x0000000000006ef0       0x20 zephyr/subsys/bluetooth/host/libsubsys__bluetooth__host.a(buf.c.obj)
                0x0000000000006ef0                bt_buf_get_rx
 .text.bt_buf_get_cmd_complete
                0x0000000000006f10       0x4c zephyr/subsys/bluetooth/host/libsubsys__bluetooth__host.a(buf.c.obj)
                0x0000000000006f10                bt_buf_get_cmd_complete
 .text.bt_buf_get_evt
                0x0000000000006f5c       0x54 zephyr/subsys/bluetooth/host/libsubsys__bluetooth__host.a(buf.c.obj)
                0x0000000000006f5c                bt_buf_get_evt
 .text.ver_str  0x0000000000006fb0       0x38 zephyr/subsys/bluetooth/host/libsubsys__bluetooth__host.a(hci_core.c.obj)
 .text.hci_data_buf_overflow
                0x0000000000006fe8       0x24 zephyr/subsys/bluetooth/host/libsubsys__bluetooth__host.a(hci_core.c.obj)
 .text.le_data_len_change
                0x000000000000700c       0x3c zephyr/subsys/bluetooth/host/libsubsys__bluetooth__host.a(hci_core.c.obj)
 .text.hci_disconn_complete_prio
                0x0000000000007048       0x50 zephyr/subsys/bluetooth/host/libsubsys__bluetooth__host.a(hci_core.c.obj)
 .text.hci_disconn_complete
                0x0000000000007098       0x54 zephyr/subsys/bluetooth/host/libsubsys__bluetooth__host.a(hci_core.c.obj)
 .text.hci_hardware_error
                0x00000000000070ec       0x30 zephyr/subsys/bluetooth/host/libsubsys__bluetooth__host.a(hci_core.c.obj)
 .text.hci_vendor_event
                0x000000000000711c       0x38 zephyr/subsys/bluetooth/host/libsubsys__bluetooth__host.a(hci_core.c.obj)
 .text.hci_encrypt_key_refresh_complete
                0x0000000000007154       0xa4 zephyr/subsys/bluetooth/host/libsubsys__bluetooth__host.a(hci_core.c.obj)
 .text.hci_encrypt_change
                0x00000000000071f8       0xa8 zephyr/subsys/bluetooth/host/libsubsys__bluetooth__host.a(hci_core.c.obj)
 .text.hci_cmd_done
                0x00000000000072a0      0x130 zephyr/subsys/bluetooth/host/libsubsys__bluetooth__host.a(hci_core.c.obj)
 .text.handle_event
                0x00000000000073d0       0x84 zephyr/subsys/bluetooth/host/libsubsys__bluetooth__host.a(hci_core.c.obj)
 .text.hci_le_meta_event
                0x0000000000007454       0x20 zephyr/subsys/bluetooth/host/libsubsys__bluetooth__host.a(hci_core.c.obj)
 .text.find_pending_connect.part.0
                0x0000000000007474       0x3c zephyr/subsys/bluetooth/host/libsubsys__bluetooth__host.a(hci_core.c.obj)
 .text.hci_num_completed_packets
                0x00000000000074b0      0x104 zephyr/subsys/bluetooth/host/libsubsys__bluetooth__host.a(hci_core.c.obj)
 .text.hci_tx_thread
                0x00000000000075b4      0x188 zephyr/subsys/bluetooth/host/libsubsys__bluetooth__host.a(hci_core.c.obj)
 .text.le_conn_update_complete
                0x000000000000773c       0xa8 zephyr/subsys/bluetooth/host/libsubsys__bluetooth__host.a(hci_core.c.obj)
 .text.hci_cmd_status
                0x00000000000077e4       0x2c zephyr/subsys/bluetooth/host/libsubsys__bluetooth__host.a(hci_core.c.obj)
 .text.hci_cmd_complete
                0x0000000000007810       0x30 zephyr/subsys/bluetooth/host/libsubsys__bluetooth__host.a(hci_core.c.obj)
 .text.bt_hci_cmd_state_set_init
                0x0000000000007840       0x24 zephyr/subsys/bluetooth/host/libsubsys__bluetooth__host.a(hci_core.c.obj)
                0x0000000000007840                bt_hci_cmd_state_set_init
 .text.bt_hci_cmd_create
                0x0000000000007864       0x70 zephyr/subsys/bluetooth/host/libsubsys__bluetooth__host.a(hci_core.c.obj)
                0x0000000000007864                bt_hci_cmd_create
 .text.bt_hci_cmd_send
                0x00000000000078d4       0x64 zephyr/subsys/bluetooth/host/libsubsys__bluetooth__host.a(hci_core.c.obj)
                0x00000000000078d4                bt_hci_cmd_send
 .text.le_ltk_request
                0x0000000000007938       0xd0 zephyr/subsys/bluetooth/host/libsubsys__bluetooth__host.a(hci_core.c.obj)
 .text.le_conn_param_neg_reply
                0x0000000000007a08       0x54 zephyr/subsys/bluetooth/host/libsubsys__bluetooth__host.a(hci_core.c.obj)
 .text.le_conn_param_req
                0x0000000000007a5c       0xd0 zephyr/subsys/bluetooth/host/libsubsys__bluetooth__host.a(hci_core.c.obj)
 .text.bt_hci_cmd_send_sync
                0x0000000000007b2c       0xf0 zephyr/subsys/bluetooth/host/libsubsys__bluetooth__host.a(hci_core.c.obj)
                0x0000000000007b2c                bt_hci_cmd_send_sync
 .text.hci_le_read_max_data_len
                0x0000000000007c1c       0x54 zephyr/subsys/bluetooth/host/libsubsys__bluetooth__host.a(hci_core.c.obj)
 .text.conn_auto_initiate
                0x0000000000007c70      0x10c zephyr/subsys/bluetooth/host/libsubsys__bluetooth__host.a(hci_core.c.obj)
 .text.le_phy_update_complete
                0x0000000000007d7c       0x7c zephyr/subsys/bluetooth/host/libsubsys__bluetooth__host.a(hci_core.c.obj)
 .text.le_remote_feat_complete
                0x0000000000007df8       0x74 zephyr/subsys/bluetooth/host/libsubsys__bluetooth__host.a(hci_core.c.obj)
 .text.enh_conn_complete
                0x0000000000007e6c      0x1d4 zephyr/subsys/bluetooth/host/libsubsys__bluetooth__host.a(hci_core.c.obj)
 .text.bt_security_err_get
                0x0000000000008040       0x10 zephyr/subsys/bluetooth/host/libsubsys__bluetooth__host.a(hci_core.c.obj)
                0x0000000000008040                bt_security_err_get
 .text.hci_event_prio
                0x0000000000008050       0xa4 zephyr/subsys/bluetooth/host/libsubsys__bluetooth__host.a(hci_core.c.obj)
                0x0000000000008050                hci_event_prio
 .text.bt_recv  0x00000000000080f4      0x148 zephyr/subsys/bluetooth/host/libsubsys__bluetooth__host.a(hci_core.c.obj)
                0x00000000000080f4                bt_recv
 .text.bt_recv_prio
                0x000000000000823c       0x3c zephyr/subsys/bluetooth/host/libsubsys__bluetooth__host.a(hci_core.c.obj)
                0x000000000000823c                bt_recv_prio
 .text.bt_hci_driver_register
                0x0000000000008278       0x28 zephyr/subsys/bluetooth/host/libsubsys__bluetooth__host.a(hci_core.c.obj)
                0x0000000000008278                bt_hci_driver_register
 .text.bt_finalize_init
                0x00000000000082a0       0xec zephyr/subsys/bluetooth/host/libsubsys__bluetooth__host.a(hci_core.c.obj)
                0x00000000000082a0                bt_finalize_init
 .text.init_work
                0x000000000000838c       0x2c zephyr/subsys/bluetooth/host/libsubsys__bluetooth__host.a(hci_core.c.obj)
 .text.bt_enable
                0x00000000000083b8      0x100 zephyr/subsys/bluetooth/host/libsubsys__bluetooth__host.a(hci_core.c.obj)
                0x00000000000083b8                bt_enable
 .text.bt_get_name
                0x00000000000084b8        0x8 zephyr/subsys/bluetooth/host/libsubsys__bluetooth__host.a(hci_core.c.obj)
                0x00000000000084b8                bt_get_name
 .text.id_find  0x00000000000084c0       0x34 zephyr/subsys/bluetooth/host/libsubsys__bluetooth__host.a(id.c.obj)
 .text.set_random_address
                0x00000000000084f4       0x5c zephyr/subsys/bluetooth/host/libsubsys__bluetooth__host.a(id.c.obj)
 .text.id_create.isra.0
                0x0000000000008550       0x58 zephyr/subsys/bluetooth/host/libsubsys__bluetooth__host.a(id.c.obj)
 .text.bt_id_pending_keys_update
                0x00000000000085a8       0x34 zephyr/subsys/bluetooth/host/libsubsys__bluetooth__host.a(id.c.obj)
                0x00000000000085a8                bt_id_pending_keys_update
 .text.bt_id_add
                0x00000000000085dc      0x1a8 zephyr/subsys/bluetooth/host/libsubsys__bluetooth__host.a(id.c.obj)
                0x00000000000085dc                bt_id_add
 .text.bt_id_del
                0x0000000000008784      0x144 zephyr/subsys/bluetooth/host/libsubsys__bluetooth__host.a(id.c.obj)
                0x0000000000008784                bt_id_del
 .text.bt_id_create
                0x00000000000088c8       0xb4 zephyr/subsys/bluetooth/host/libsubsys__bluetooth__host.a(id.c.obj)
                0x00000000000088c8                bt_id_create
 .text.bt_id_read_public_addr
                0x000000000000897c       0x88 zephyr/subsys/bluetooth/host/libsubsys__bluetooth__host.a(id.c.obj)
                0x000000000000897c                bt_id_read_public_addr
 .text.bt_setup_public_id_addr
                0x0000000000008a04       0x20 zephyr/subsys/bluetooth/host/libsubsys__bluetooth__host.a(id.c.obj)
                0x0000000000008a04                bt_setup_public_id_addr
 .text.bt_read_static_addr
                0x0000000000008a24       0xb8 zephyr/subsys/bluetooth/host/libsubsys__bluetooth__host.a(id.c.obj)
                0x0000000000008a24                bt_read_static_addr
 .text.bt_setup_random_id_addr
                0x0000000000008adc       0x54 zephyr/subsys/bluetooth/host/libsubsys__bluetooth__host.a(id.c.obj)
                0x0000000000008adc                bt_setup_random_id_addr
 .text.bt_id_set_adv_own_addr
                0x0000000000008b30       0xa0 zephyr/subsys/bluetooth/host/libsubsys__bluetooth__host.a(id.c.obj)
                0x0000000000008b30                bt_id_set_adv_own_addr
 .text.bt_id_init
                0x0000000000008bd0       0x68 zephyr/subsys/bluetooth/host/libsubsys__bluetooth__host.a(id.c.obj)
                0x0000000000008bd0                bt_id_init
 .text.valid_adv_param
                0x0000000000008c38       0x88 zephyr/subsys/bluetooth/host/libsubsys__bluetooth__host.a(adv.c.obj)
 .text.hci_set_ad
                0x0000000000008cc0       0xe4 zephyr/subsys/bluetooth/host/libsubsys__bluetooth__host.a(adv.c.obj)
 .text.le_adv_start_add_conn
                0x0000000000008da4       0xac zephyr/subsys/bluetooth/host/libsubsys__bluetooth__host.a(adv.c.obj)
 .text.bt_le_ext_adv_foreach
                0x0000000000008e50        0xc zephyr/subsys/bluetooth/host/libsubsys__bluetooth__host.a(adv.c.obj)
                0x0000000000008e50                bt_le_ext_adv_foreach
 .text.bt_le_adv_lookup_legacy
                0x0000000000008e5c        0x8 zephyr/subsys/bluetooth/host/libsubsys__bluetooth__host.a(adv.c.obj)
                0x0000000000008e5c                bt_le_adv_lookup_legacy
 .text.bt_le_adv_start_legacy
                0x0000000000008e64      0x240 zephyr/subsys/bluetooth/host/libsubsys__bluetooth__host.a(adv.c.obj)
                0x0000000000008e64                bt_le_adv_start_legacy
 .text.bt_le_adv_start
                0x00000000000090a4       0x1c zephyr/subsys/bluetooth/host/libsubsys__bluetooth__host.a(adv.c.obj)
                0x00000000000090a4                bt_le_adv_start
 .text.bt_le_adv_resume
                0x00000000000090c0       0x80 zephyr/subsys/bluetooth/host/libsubsys__bluetooth__host.a(adv.c.obj)
                0x00000000000090c0                bt_le_adv_resume
 .text.bt_pub_key_is_debug
                0x0000000000009140       0x18 zephyr/subsys/bluetooth/host/libsubsys__bluetooth__host.a(ecc.c.obj)
                0x0000000000009140                bt_pub_key_is_debug
 .text.bt_pub_key_gen
                0x0000000000009158      0x134 zephyr/subsys/bluetooth/host/libsubsys__bluetooth__host.a(ecc.c.obj)
                0x0000000000009158                bt_pub_key_gen
 .text.bt_pub_key_get
                0x000000000000928c       0x20 zephyr/subsys/bluetooth/host/libsubsys__bluetooth__host.a(ecc.c.obj)
                0x000000000000928c                bt_pub_key_get
 .text.bt_dh_key_gen
                0x00000000000092ac       0xb4 zephyr/subsys/bluetooth/host/libsubsys__bluetooth__host.a(ecc.c.obj)
                0x00000000000092ac                bt_dh_key_gen
 .text.bt_hci_evt_le_pkey_complete
                0x0000000000009360       0x90 zephyr/subsys/bluetooth/host/libsubsys__bluetooth__host.a(ecc.c.obj)
                0x0000000000009360                bt_hci_evt_le_pkey_complete
 .text.bt_hci_evt_le_dhkey_complete
                0x00000000000093f0       0x1c zephyr/subsys/bluetooth/host/libsubsys__bluetooth__host.a(ecc.c.obj)
                0x00000000000093f0                bt_hci_evt_le_dhkey_complete
 .text.tx_free  0x000000000000940c       0x14 zephyr/subsys/bluetooth/host/libsubsys__bluetooth__host.a(conn.c.obj)
 .text.notify_connected
                0x0000000000009420       0x2c zephyr/subsys/bluetooth/host/libsubsys__bluetooth__host.a(conn.c.obj)
 .text.send_frag
                0x000000000000944c      0x138 zephyr/subsys/bluetooth/host/libsubsys__bluetooth__host.a(conn.c.obj)
 .text.bt_conn_get_pkts
                0x0000000000009584        0x8 zephyr/subsys/bluetooth/host/libsubsys__bluetooth__host.a(conn.c.obj)
                0x0000000000009584                bt_conn_get_pkts
 .text.notify_le_param_updated
                0x000000000000958c       0x70 zephyr/subsys/bluetooth/host/libsubsys__bluetooth__host.a(conn.c.obj)
                0x000000000000958c                notify_le_param_updated
 .text.le_param_req
                0x00000000000095fc       0x40 zephyr/subsys/bluetooth/host/libsubsys__bluetooth__host.a(conn.c.obj)
                0x00000000000095fc                le_param_req
 .text.bt_conn_identity_resolved
                0x000000000000963c       0x34 zephyr/subsys/bluetooth/host/libsubsys__bluetooth__host.a(conn.c.obj)
                0x000000000000963c                bt_conn_identity_resolved
 .text.bt_conn_security_changed
                0x0000000000009670       0x2c zephyr/subsys/bluetooth/host/libsubsys__bluetooth__host.a(conn.c.obj)
                0x0000000000009670                bt_conn_security_changed
 .text.bt_conn_cb_register
                0x000000000000969c       0x10 zephyr/subsys/bluetooth/host/libsubsys__bluetooth__host.a(conn.c.obj)
                0x000000000000969c                bt_conn_cb_register
 .text.conn_cleanup
                0x00000000000096ac       0x44 zephyr/subsys/bluetooth/host/libsubsys__bluetooth__host.a(conn.c.obj)
 .text.bt_conn_recv
                0x00000000000096f0      0x114 zephyr/subsys/bluetooth/host/libsubsys__bluetooth__host.a(conn.c.obj)
                0x00000000000096f0                bt_conn_recv
 .text.bt_conn_send_cb
                0x0000000000009804       0xd8 zephyr/subsys/bluetooth/host/libsubsys__bluetooth__host.a(conn.c.obj)
                0x0000000000009804                bt_conn_send_cb
 .text.bt_conn_prepare_events
                0x00000000000098dc       0x7c zephyr/subsys/bluetooth/host/libsubsys__bluetooth__host.a(conn.c.obj)
                0x00000000000098dc                bt_conn_prepare_events
 .text.bt_conn_add_le
                0x0000000000009958       0x5c zephyr/subsys/bluetooth/host/libsubsys__bluetooth__host.a(conn.c.obj)
                0x0000000000009958                bt_conn_add_le
 .text.bt_conn_lookup_handle
                0x00000000000099b4       0x18 zephyr/subsys/bluetooth/host/libsubsys__bluetooth__host.a(conn.c.obj)
                0x00000000000099b4                bt_conn_lookup_handle
 .text.bt_conn_set_state
                0x00000000000099cc      0x1e4 zephyr/subsys/bluetooth/host/libsubsys__bluetooth__host.a(conn.c.obj)
                0x00000000000099cc                bt_conn_set_state
 .text.bt_conn_lookup_addr_le
                0x0000000000009bb0       0x3c zephyr/subsys/bluetooth/host/libsubsys__bluetooth__host.a(conn.c.obj)
                0x0000000000009bb0                bt_conn_lookup_addr_le
 .text.bt_conn_exists_le
                0x0000000000009bec       0x4c zephyr/subsys/bluetooth/host/libsubsys__bluetooth__host.a(conn.c.obj)
                0x0000000000009bec                bt_conn_exists_le
 .text.bt_conn_lookup_state_le
                0x0000000000009c38       0x48 zephyr/subsys/bluetooth/host/libsubsys__bluetooth__host.a(conn.c.obj)
                0x0000000000009c38                bt_conn_lookup_state_le
 .text.send_conn_le_param_update
                0x0000000000009c80       0x60 zephyr/subsys/bluetooth/host/libsubsys__bluetooth__host.a(conn.c.obj)
 .text.deferred_work
                0x0000000000009ce0       0x9c zephyr/subsys/bluetooth/host/libsubsys__bluetooth__host.a(conn.c.obj)
 .text.bt_conn_create_pdu_timeout
                0x0000000000009d7c       0x48 zephyr/subsys/bluetooth/host/libsubsys__bluetooth__host.a(conn.c.obj)
                0x0000000000009d7c                bt_conn_create_pdu_timeout
 .text.bt_conn_create_frag_timeout
                0x0000000000009dc4        0xc zephyr/subsys/bluetooth/host/libsubsys__bluetooth__host.a(conn.c.obj)
                0x0000000000009dc4                bt_conn_create_frag_timeout
 .text.create_frag.isra.0
                0x0000000000009dd0       0x6c zephyr/subsys/bluetooth/host/libsubsys__bluetooth__host.a(conn.c.obj)
 .text.bt_conn_process_tx
                0x0000000000009e3c       0xd0 zephyr/subsys/bluetooth/host/libsubsys__bluetooth__host.a(conn.c.obj)
                0x0000000000009e3c                bt_conn_process_tx
 .text.bt_conn_auth_cb_register
                0x0000000000009f0c       0x38 zephyr/subsys/bluetooth/host/libsubsys__bluetooth__host.a(conn.c.obj)
                0x0000000000009f0c                bt_conn_auth_cb_register
 .text.bt_conn_index
                0x0000000000009f44       0x18 zephyr/subsys/bluetooth/host/libsubsys__bluetooth__host.a(conn.c.obj)
                0x0000000000009f44                bt_conn_index
 .text.bt_conn_init
                0x0000000000009f5c       0x40 zephyr/subsys/bluetooth/host/libsubsys__bluetooth__host.a(conn.c.obj)
                0x0000000000009f5c                bt_conn_init
 .text.l2cap_accept
                0x0000000000009f9c       0x44 zephyr/subsys/bluetooth/host/libsubsys__bluetooth__host.a(l2cap.c.obj)
 .text.l2cap_create_le_sig_pdu.isra.0
                0x0000000000009fe0       0x50 zephyr/subsys/bluetooth/host/libsubsys__bluetooth__host.a(l2cap.c.obj)
 .text.l2cap_rtx_timeout
                0x000000000000a030       0x3c zephyr/subsys/bluetooth/host/libsubsys__bluetooth__host.a(l2cap.c.obj)
 .text.bt_l2cap_connected
                0x000000000000a06c       0xb8 zephyr/subsys/bluetooth/host/libsubsys__bluetooth__host.a(l2cap.c.obj)
                0x000000000000a06c                bt_l2cap_connected
 .text.l2cap_recv
                0x000000000000a124       0xe4 zephyr/subsys/bluetooth/host/libsubsys__bluetooth__host.a(l2cap.c.obj)
 .text.bt_l2cap_recv
                0x000000000000a208       0x70 zephyr/subsys/bluetooth/host/libsubsys__bluetooth__host.a(l2cap.c.obj)
                0x000000000000a208                bt_l2cap_recv
 .text.bt_l2cap_update_conn_param
                0x000000000000a278       0x5c zephyr/subsys/bluetooth/host/libsubsys__bluetooth__host.a(l2cap.c.obj)
                0x000000000000a278                bt_l2cap_update_conn_param
 .text.att_cfm_sent
                0x000000000000a2d4       0x10 zephyr/subsys/bluetooth/host/libsubsys__bluetooth__host.a(att.c.obj)
 .text.att_rsp_sent
                0x000000000000a2e4       0x10 zephyr/subsys/bluetooth/host/libsubsys__bluetooth__host.a(att.c.obj)
 .text.att_req_sent
                0x000000000000a2f4       0x10 zephyr/subsys/bluetooth/host/libsubsys__bluetooth__host.a(att.c.obj)
 .text.bt_att_released
                0x000000000000a304       0x18 zephyr/subsys/bluetooth/host/libsubsys__bluetooth__host.a(att.c.obj)
 .text.read_group_cb
                0x000000000000a31c       0xac zephyr/subsys/bluetooth/host/libsubsys__bluetooth__host.a(att.c.obj)
 .text.read_type_cb
                0x000000000000a3c8       0xa8 zephyr/subsys/bluetooth/host/libsubsys__bluetooth__host.a(att.c.obj)
 .text.find_type_cb
                0x000000000000a470      0x164 zephyr/subsys/bluetooth/host/libsubsys__bluetooth__host.a(att.c.obj)
 .text.chan_send
                0x000000000000a5d4       0xe8 zephyr/subsys/bluetooth/host/libsubsys__bluetooth__host.a(att.c.obj)
 .text.att_get  0x000000000000a6bc       0x80 zephyr/subsys/bluetooth/host/libsubsys__bluetooth__host.a(att.c.obj)
 .text.bt_att_chan_send_rsp.constprop.0
                0x000000000000a73c       0x24 zephyr/subsys/bluetooth/host/libsubsys__bluetooth__host.a(att.c.obj)
 .text.chan_req_sent
                0x000000000000a760       0x1c zephyr/subsys/bluetooth/host/libsubsys__bluetooth__host.a(att.c.obj)
 .text.bt_att_accept
                0x000000000000a77c       0xc8 zephyr/subsys/bluetooth/host/libsubsys__bluetooth__host.a(att.c.obj)
 .text.bt_att_connected
                0x000000000000a844       0x5c zephyr/subsys/bluetooth/host/libsubsys__bluetooth__host.a(att.c.obj)
 .text.att_write_cmd
                0x000000000000a8a0       0x70 zephyr/subsys/bluetooth/host/libsubsys__bluetooth__host.a(att.c.obj)
 .text.bt_att_chan_create_pdu
                0x000000000000a910       0x88 zephyr/subsys/bluetooth/host/libsubsys__bluetooth__host.a(att.c.obj)
                0x000000000000a910                bt_att_chan_create_pdu
 .text.bt_att_recv
                0x000000000000a998      0x160 zephyr/subsys/bluetooth/host/libsubsys__bluetooth__host.a(att.c.obj)
 .text.att_write_req
                0x000000000000aaf8       0xb4 zephyr/subsys/bluetooth/host/libsubsys__bluetooth__host.a(att.c.obj)
 .text.bt_att_create_pdu
                0x000000000000abac       0x70 zephyr/subsys/bluetooth/host/libsubsys__bluetooth__host.a(att.c.obj)
                0x000000000000abac                bt_att_create_pdu
 .text.att_read_group_req
                0x000000000000ac1c      0x104 zephyr/subsys/bluetooth/host/libsubsys__bluetooth__host.a(att.c.obj)
 .text.att_read_mult_req
                0x000000000000ad20       0x84 zephyr/subsys/bluetooth/host/libsubsys__bluetooth__host.a(att.c.obj)
 .text.att_read_rsp
                0x000000000000ada4       0x90 zephyr/subsys/bluetooth/host/libsubsys__bluetooth__host.a(att.c.obj)
 .text.att_read_type_req
                0x000000000000ae34       0xc0 zephyr/subsys/bluetooth/host/libsubsys__bluetooth__host.a(att.c.obj)
 .text.att_find_type_req
                0x000000000000aef4       0xd4 zephyr/subsys/bluetooth/host/libsubsys__bluetooth__host.a(att.c.obj)
 .text.att_find_info_req
                0x000000000000afc8       0x70 zephyr/subsys/bluetooth/host/libsubsys__bluetooth__host.a(att.c.obj)
 .text.bt_att_req_alloc
                0x000000000000b038       0x2c zephyr/subsys/bluetooth/host/libsubsys__bluetooth__host.a(att.c.obj)
                0x000000000000b038                bt_att_req_alloc
 .text.bt_att_req_free
                0x000000000000b064       0x24 zephyr/subsys/bluetooth/host/libsubsys__bluetooth__host.a(att.c.obj)
                0x000000000000b064                bt_att_req_free
 .text.att_handle_rsp
                0x000000000000b088       0x98 zephyr/subsys/bluetooth/host/libsubsys__bluetooth__host.a(att.c.obj)
 .text.bt_att_disconnected
                0x000000000000b120       0xb4 zephyr/subsys/bluetooth/host/libsubsys__bluetooth__host.a(att.c.obj)
 .text.att_timeout
                0x000000000000b1d4       0x30 zephyr/subsys/bluetooth/host/libsubsys__bluetooth__host.a(att.c.obj)
 .text.gatt_indicate
                0x000000000000b204       0xac zephyr/subsys/bluetooth/host/libsubsys__bluetooth__host.a(gatt.c.obj)
 .text.read_ppcp
                0x000000000000b2b0       0x28 zephyr/subsys/bluetooth/host/libsubsys__bluetooth__host.a(gatt.c.obj)
 .text.find_sc_cfg
                0x000000000000b2d8       0x44 zephyr/subsys/bluetooth/host/libsubsys__bluetooth__host.a(gatt.c.obj)
 .text.sc_save  0x000000000000b31c       0x70 zephyr/subsys/bluetooth/host/libsubsys__bluetooth__host.a(gatt.c.obj)
 .text.find_cf_cfg
                0x000000000000b38c       0x60 zephyr/subsys/bluetooth/host/libsubsys__bluetooth__host.a(gatt.c.obj)
 .text.cf_write
                0x000000000000b3ec       0xac zephyr/subsys/bluetooth/host/libsubsys__bluetooth__host.a(gatt.c.obj)
 .text.sc_indicate_rsp
                0x000000000000b498       0x60 zephyr/subsys/bluetooth/host/libsubsys__bluetooth__host.a(gatt.c.obj)
 .text.bt_gatt_attr_write_ccc
                0x000000000000b4f8       0xd4 zephyr/subsys/bluetooth/host/libsubsys__bluetooth__host.a(gatt.c.obj)
                0x000000000000b4f8                bt_gatt_attr_write_ccc
 .text.gatt_notify
                0x000000000000b5cc       0x74 zephyr/subsys/bluetooth/host/libsubsys__bluetooth__host.a(gatt.c.obj)
 .text.notify_cb
                0x000000000000b640       0xf4 zephyr/subsys/bluetooth/host/libsubsys__bluetooth__host.a(gatt.c.obj)
 .text.disconnected_cb
                0x000000000000b734       0xb8 zephyr/subsys/bluetooth/host/libsubsys__bluetooth__host.a(gatt.c.obj)
 .text.bt_gatt_init
                0x000000000000b7ec       0xa8 zephyr/subsys/bluetooth/host/libsubsys__bluetooth__host.a(gatt.c.obj)
                0x000000000000b7ec                bt_gatt_init
 .text.bt_gatt_attr_get_handle
                0x000000000000b894       0x60 zephyr/subsys/bluetooth/host/libsubsys__bluetooth__host.a(gatt.c.obj)
                0x000000000000b894                bt_gatt_attr_get_handle
 .text.bt_gatt_foreach_attr_type
                0x000000000000b8f4       0xb4 zephyr/subsys/bluetooth/host/libsubsys__bluetooth__host.a(gatt.c.obj)
                0x000000000000b8f4                bt_gatt_foreach_attr_type
 .text.db_hash_gen.isra.0
                0x000000000000b9a8       0x90 zephyr/subsys/bluetooth/host/libsubsys__bluetooth__host.a(gatt.c.obj)
 .text.bt_gatt_notify_cb
                0x000000000000ba38       0xec zephyr/subsys/bluetooth/host/libsubsys__bluetooth__host.a(gatt.c.obj)
                0x000000000000ba38                bt_gatt_notify_cb
 .text.bt_gatt_indicate
                0x000000000000bb24       0xf4 zephyr/subsys/bluetooth/host/libsubsys__bluetooth__host.a(gatt.c.obj)
                0x000000000000bb24                bt_gatt_indicate
 .text.sc_process
                0x000000000000bc18       0x68 zephyr/subsys/bluetooth/host/libsubsys__bluetooth__host.a(gatt.c.obj)
 .text.update_ccc
                0x000000000000bc80      0x128 zephyr/subsys/bluetooth/host/libsubsys__bluetooth__host.a(gatt.c.obj)
 .text.bt_gatt_connected
                0x000000000000bda8       0x34 zephyr/subsys/bluetooth/host/libsubsys__bluetooth__host.a(gatt.c.obj)
                0x000000000000bda8                bt_gatt_connected
 .text.bt_gatt_encrypt_change
                0x000000000000bddc       0x20 zephyr/subsys/bluetooth/host/libsubsys__bluetooth__host.a(gatt.c.obj)
                0x000000000000bddc                bt_gatt_encrypt_change
 .text.db_hash_read
                0x000000000000bdfc       0x48 zephyr/subsys/bluetooth/host/libsubsys__bluetooth__host.a(gatt.c.obj)
 .text.bt_gatt_disconnected
                0x000000000000be44       0x5c zephyr/subsys/bluetooth/host/libsubsys__bluetooth__host.a(gatt.c.obj)
                0x000000000000be44                bt_gatt_disconnected
 .text.get_io_capa
                0x000000000000bea0       0x4c zephyr/subsys/bluetooth/host/libsubsys__bluetooth__host.a(smp.c.obj)
 .text.smp_dhkey_generate
                0x000000000000beec       0x4c zephyr/subsys/bluetooth/host/libsubsys__bluetooth__host.a(smp.c.obj)
 .text.get_auth.isra.0
                0x000000000000bf38       0x3c zephyr/subsys/bluetooth/host/libsubsys__bluetooth__host.a(smp.c.obj)
 .text.smp_chan_get
                0x000000000000bf74       0x30 zephyr/subsys/bluetooth/host/libsubsys__bluetooth__host.a(smp.c.obj)
 .text.bt_smp_accept
                0x000000000000bfa4       0x44 zephyr/subsys/bluetooth/host/libsubsys__bluetooth__host.a(smp.c.obj)
 .text.smp_init
                0x000000000000bfe8       0x3c zephyr/subsys/bluetooth/host/libsubsys__bluetooth__host.a(smp.c.obj)
 .text.smp_send.isra.0
                0x000000000000c024       0x30 zephyr/subsys/bluetooth/host/libsubsys__bluetooth__host.a(smp.c.obj)
 .text.smp_find
                0x000000000000c054       0x1c zephyr/subsys/bluetooth/host/libsubsys__bluetooth__host.a(smp.c.obj)
 .text.compute_and_check_and_send_slave_dhcheck
                0x000000000000c070      0x264 zephyr/subsys/bluetooth/host/libsubsys__bluetooth__host.a(smp.c.obj)
 .text.smp_send_pairing_confirm
                0x000000000000c2d4       0xa4 zephyr/subsys/bluetooth/host/libsubsys__bluetooth__host.a(smp.c.obj)
 .text.smp_public_key_slave
                0x000000000000c378      0x16c zephyr/subsys/bluetooth/host/libsubsys__bluetooth__host.a(smp.c.obj)
 .text.smp_public_key
                0x000000000000c4e4       0xb4 zephyr/subsys/bluetooth/host/libsubsys__bluetooth__host.a(smp.c.obj)
 .text.smp_pairing_req
                0x000000000000c598      0x390 zephyr/subsys/bluetooth/host/libsubsys__bluetooth__host.a(smp.c.obj)
 .text.smp_ident_info
                0x000000000000c928       0x7c zephyr/subsys/bluetooth/host/libsubsys__bluetooth__host.a(smp.c.obj)
 .text.smp_encrypt_info
                0x000000000000c9a4       0x7c zephyr/subsys/bluetooth/host/libsubsys__bluetooth__host.a(smp.c.obj)
 .text.bt_smp_connected
                0x000000000000ca20       0x1c zephyr/subsys/bluetooth/host/libsubsys__bluetooth__host.a(smp.c.obj)
 .text.smp_pairing_confirm
                0x000000000000ca3c       0x98 zephyr/subsys/bluetooth/host/libsubsys__bluetooth__host.a(smp.c.obj)
 .text.smp_pairing_random
                0x000000000000cad4      0x28c zephyr/subsys/bluetooth/host/libsubsys__bluetooth__host.a(smp.c.obj)
 .text.bt_smp_start_security
                0x000000000000cd60      0x17c zephyr/subsys/bluetooth/host/libsubsys__bluetooth__host.a(smp.c.obj)
                0x000000000000cd60                bt_smp_start_security
 .text.smp_pairing_complete
                0x000000000000cedc       0xb8 zephyr/subsys/bluetooth/host/libsubsys__bluetooth__host.a(smp.c.obj)
 .text.bt_smp_recv
                0x000000000000cf94      0x118 zephyr/subsys/bluetooth/host/libsubsys__bluetooth__host.a(smp.c.obj)
 .text.bt_smp_pkey_ready
                0x000000000000d0ac       0x68 zephyr/subsys/bluetooth/host/libsubsys__bluetooth__host.a(smp.c.obj)
 .text.smp_ident_addr_info
                0x000000000000d114      0x160 zephyr/subsys/bluetooth/host/libsubsys__bluetooth__host.a(smp.c.obj)
 .text.smp_master_ident
                0x000000000000d274       0xa0 zephyr/subsys/bluetooth/host/libsubsys__bluetooth__host.a(smp.c.obj)
 .text.smp_pairing_failed
                0x000000000000d314       0x68 zephyr/subsys/bluetooth/host/libsubsys__bluetooth__host.a(smp.c.obj)
 .text.bt_smp_encrypt_change
                0x000000000000d37c      0x220 zephyr/subsys/bluetooth/host/libsubsys__bluetooth__host.a(smp.c.obj)
 .text.smp_timeout
                0x000000000000d59c       0x3c zephyr/subsys/bluetooth/host/libsubsys__bluetooth__host.a(smp.c.obj)
 .text.bt_smp_update_keys
                0x000000000000d5d8      0x11c zephyr/subsys/bluetooth/host/libsubsys__bluetooth__host.a(smp.c.obj)
                0x000000000000d5d8                bt_smp_update_keys
 .text.bt_smp_init
                0x000000000000d6f4       0x2c zephyr/subsys/bluetooth/host/libsubsys__bluetooth__host.a(smp.c.obj)
                0x000000000000d6f4                bt_smp_init
 .text.bt_keys_get_addr
                0x000000000000d720       0x50 zephyr/subsys/bluetooth/host/libsubsys__bluetooth__host.a(keys.c.obj)
                0x000000000000d720                bt_keys_get_addr
 .text.bt_keys_foreach
                0x000000000000d770       0x1c zephyr/subsys/bluetooth/host/libsubsys__bluetooth__host.a(keys.c.obj)
                0x000000000000d770                bt_keys_foreach
 .text.bt_keys_find
                0x000000000000d78c       0x2c zephyr/subsys/bluetooth/host/libsubsys__bluetooth__host.a(keys.c.obj)
                0x000000000000d78c                bt_keys_find
 .text.bt_keys_find_irk
                0x000000000000d7b8       0x74 zephyr/subsys/bluetooth/host/libsubsys__bluetooth__host.a(keys.c.obj)
                0x000000000000d7b8                bt_keys_find_irk
 .text.bt_keys_find_addr
                0x000000000000d82c       0x20 zephyr/subsys/bluetooth/host/libsubsys__bluetooth__host.a(keys.c.obj)
                0x000000000000d82c                bt_keys_find_addr
 .text.mem_init
                0x000000000000d84c       0x40 zephyr/subsys/bluetooth/controller/libsubsys__bluetooth__controller.a(mem.c.obj)
                0x000000000000d84c                mem_init
 .text.mem_acquire
                0x000000000000d88c       0x2c zephyr/subsys/bluetooth/controller/libsubsys__bluetooth__controller.a(mem.c.obj)
                0x000000000000d88c                mem_acquire
 .text.mem_release
                0x000000000000d8b8       0x34 zephyr/subsys/bluetooth/controller/libsubsys__bluetooth__controller.a(mem.c.obj)
                0x000000000000d8b8                mem_release
 .text.mem_get  0x000000000000d8ec        0x8 zephyr/subsys/bluetooth/controller/libsubsys__bluetooth__controller.a(mem.c.obj)
                0x000000000000d8ec                mem_get
 .text.mem_index_get
                0x000000000000d8f4        0xc zephyr/subsys/bluetooth/controller/libsubsys__bluetooth__controller.a(mem.c.obj)
                0x000000000000d8f4                mem_index_get
 .text.mem_rcopy
                0x000000000000d900       0x1c zephyr/subsys/bluetooth/controller/libsubsys__bluetooth__controller.a(mem.c.obj)
                0x000000000000d900                mem_rcopy
 .text.mem_nz   0x000000000000d91c       0x18 zephyr/subsys/bluetooth/controller/libsubsys__bluetooth__controller.a(mem.c.obj)
                0x000000000000d91c                mem_nz
 .text.memq_init
                0x000000000000d934        0x8 zephyr/subsys/bluetooth/controller/libsubsys__bluetooth__controller.a(memq.c.obj)
                0x000000000000d934                memq_init
 .text.memq_deinit
                0x000000000000d93c       0x14 zephyr/subsys/bluetooth/controller/libsubsys__bluetooth__controller.a(memq.c.obj)
                0x000000000000d93c                memq_deinit
 .text.memq_enqueue
                0x000000000000d950       0x10 zephyr/subsys/bluetooth/controller/libsubsys__bluetooth__controller.a(memq.c.obj)
                0x000000000000d950                memq_enqueue
 .text.memq_peek
                0x000000000000d960       0x10 zephyr/subsys/bluetooth/controller/libsubsys__bluetooth__controller.a(memq.c.obj)
                0x000000000000d960                memq_peek
 .text.memq_dequeue
                0x000000000000d970       0x20 zephyr/subsys/bluetooth/controller/libsubsys__bluetooth__controller.a(memq.c.obj)
                0x000000000000d970                memq_dequeue
 .text.mayfly_init
                0x000000000000d990       0x40 zephyr/subsys/bluetooth/controller/libsubsys__bluetooth__controller.a(mayfly.c.obj)
                0x000000000000d990                mayfly_init
 .text.mayfly_enable
                0x000000000000d9d0       0x68 zephyr/subsys/bluetooth/controller/libsubsys__bluetooth__controller.a(mayfly.c.obj)
                0x000000000000d9d0                mayfly_enable
 .text.mayfly_enqueue
                0x000000000000da38       0xa8 zephyr/subsys/bluetooth/controller/libsubsys__bluetooth__controller.a(mayfly.c.obj)
                0x000000000000da38                mayfly_enqueue
 .text.mayfly_run
                0x000000000000dae0      0x144 zephyr/subsys/bluetooth/controller/libsubsys__bluetooth__controller.a(mayfly.c.obj)
                0x000000000000dae0                mayfly_run
 .text.util_ones_count_get
                0x000000000000dc24       0x30 zephyr/subsys/bluetooth/controller/libsubsys__bluetooth__controller.a(util.c.obj)
                0x000000000000dc24                util_ones_count_get
 .text.ticker_worker
                0x000000000000dc54      0x2e4 zephyr/subsys/bluetooth/controller/libsubsys__bluetooth__controller.a(ticker.c.obj)
                0x000000000000dc54                ticker_worker
 .text.ticker_job
                0x000000000000df38      0xe88 zephyr/subsys/bluetooth/controller/libsubsys__bluetooth__controller.a(ticker.c.obj)
                0x000000000000df38                ticker_job
 .text.ticker_init
                0x000000000000edc0       0x98 zephyr/subsys/bluetooth/controller/libsubsys__bluetooth__controller.a(ticker.c.obj)
                0x000000000000edc0                ticker_init
 .text.ticker_trigger
                0x000000000000ee58       0x30 zephyr/subsys/bluetooth/controller/libsubsys__bluetooth__controller.a(ticker.c.obj)
                0x000000000000ee58                ticker_trigger
 .text.ticker_start_ext
                0x000000000000ee88       0xac zephyr/subsys/bluetooth/controller/libsubsys__bluetooth__controller.a(ticker.c.obj)
                0x000000000000ee88                ticker_start_ext
 .text.ticker_start
                0x000000000000ef34       0x38 zephyr/subsys/bluetooth/controller/libsubsys__bluetooth__controller.a(ticker.c.obj)
                0x000000000000ef34                ticker_start
 .text.ticker_update_ext
                0x000000000000ef6c       0xa8 zephyr/subsys/bluetooth/controller/libsubsys__bluetooth__controller.a(ticker.c.obj)
                0x000000000000ef6c                ticker_update_ext
 .text.ticker_update
                0x000000000000f014       0x30 zephyr/subsys/bluetooth/controller/libsubsys__bluetooth__controller.a(ticker.c.obj)
                0x000000000000f014                ticker_update
 .text.ticker_stop
                0x000000000000f044       0x8c zephyr/subsys/bluetooth/controller/libsubsys__bluetooth__controller.a(ticker.c.obj)
                0x000000000000f044                ticker_stop
 .text.ticker_ticks_now_get
                0x000000000000f0d0        0x4 zephyr/subsys/bluetooth/controller/libsubsys__bluetooth__controller.a(ticker.c.obj)
                0x000000000000f0d0                ticker_ticks_now_get
 .text.ll_addr_get
                0x000000000000f0d4       0x3c zephyr/subsys/bluetooth/controller/libsubsys__bluetooth__controller.a(ll_addr.c.obj)
                0x000000000000f0d4                ll_addr_get
 .text.ll_addr_set
                0x000000000000f110       0x3c zephyr/subsys/bluetooth/controller/libsubsys__bluetooth__controller.a(ll_addr.c.obj)
                0x000000000000f110                ll_addr_set
 .text.ll_tx_pwr_lvl_get
                0x000000000000f14c       0x20 zephyr/subsys/bluetooth/controller/libsubsys__bluetooth__controller.a(ll_tx_pwr.c.obj)
                0x000000000000f14c                ll_tx_pwr_lvl_get
 .text.ll_tx_pwr_get
                0x000000000000f16c        0x8 zephyr/subsys/bluetooth/controller/libsubsys__bluetooth__controller.a(ll_tx_pwr.c.obj)
                0x000000000000f16c                ll_tx_pwr_get
 .text.hci_driver_init
                0x000000000000f174       0x10 zephyr/subsys/bluetooth/controller/libsubsys__bluetooth__controller.a(hci_driver.c.obj)
 .text.recv_thread
                0x000000000000f184       0xf4 zephyr/subsys/bluetooth/controller/libsubsys__bluetooth__controller.a(hci_driver.c.obj)
 .text.prio_recv_thread
                0x000000000000f278       0xc0 zephyr/subsys/bluetooth/controller/libsubsys__bluetooth__controller.a(hci_driver.c.obj)
 .text.hci_driver_send
                0x000000000000f338       0xb0 zephyr/subsys/bluetooth/controller/libsubsys__bluetooth__controller.a(hci_driver.c.obj)
 .text.hci_driver_open
                0x000000000000f3e8       0xbc zephyr/subsys/bluetooth/controller/libsubsys__bluetooth__controller.a(hci_driver.c.obj)
 .text.cmd_complete_status
                0x000000000000f4a4       0x24 zephyr/subsys/bluetooth/controller/libsubsys__bluetooth__controller.a(hci.c.obj)
 .text.meta_evt
                0x000000000000f4c8       0x30 zephyr/subsys/bluetooth/controller/libsubsys__bluetooth__controller.a(hci.c.obj)
 .text.encrypt_change.part.0
                0x000000000000f4f8       0x34 zephyr/subsys/bluetooth/controller/libsubsys__bluetooth__controller.a(hci.c.obj)
 .text.le_remote_feat_complete
                0x000000000000f52c       0x6c zephyr/subsys/bluetooth/controller/libsubsys__bluetooth__controller.a(hci.c.obj)
 .text.hci_disconn_complete_encode.part.0
                0x000000000000f598       0x30 zephyr/subsys/bluetooth/controller/libsubsys__bluetooth__controller.a(hci.c.obj)
 .text.hci_cmd_complete
                0x000000000000f5c8       0x20 zephyr/subsys/bluetooth/controller/libsubsys__bluetooth__controller.a(hci.c.obj)
                0x000000000000f5c8                hci_cmd_complete
 .text.hci_vendor_cmd_handle_common
                0x000000000000f5e8      0x120 zephyr/subsys/bluetooth/controller/libsubsys__bluetooth__controller.a(hci.c.obj)
                0x000000000000f5e8                hci_vendor_cmd_handle_common
 .text.hci_cmd_handle
                0x000000000000f708      0x7a0 zephyr/subsys/bluetooth/controller/libsubsys__bluetooth__controller.a(hci.c.obj)
                0x000000000000f708                hci_cmd_handle
 .text.hci_acl_handle
                0x000000000000fea8      0x140 zephyr/subsys/bluetooth/controller/libsubsys__bluetooth__controller.a(hci.c.obj)
                0x000000000000fea8                hci_acl_handle
 .text.hci_disconn_complete_encode
                0x000000000000ffe8       0x20 zephyr/subsys/bluetooth/controller/libsubsys__bluetooth__controller.a(hci.c.obj)
                0x000000000000ffe8                hci_disconn_complete_encode
 .text.hci_disconn_complete_process
                0x0000000000010008       0x10 zephyr/subsys/bluetooth/controller/libsubsys__bluetooth__controller.a(hci.c.obj)
                0x0000000000010008                hci_disconn_complete_process
 .text.hci_acl_encode
                0x0000000000010018       0x74 zephyr/subsys/bluetooth/controller/libsubsys__bluetooth__controller.a(hci.c.obj)
                0x0000000000010018                hci_acl_encode
 .text.hci_evt_encode
                0x000000000001008c      0x500 zephyr/subsys/bluetooth/controller/libsubsys__bluetooth__controller.a(hci.c.obj)
                0x000000000001008c                hci_evt_encode
 .text.hci_num_cmplt_encode
                0x000000000001058c       0x30 zephyr/subsys/bluetooth/controller/libsubsys__bluetooth__controller.a(hci.c.obj)
                0x000000000001058c                hci_num_cmplt_encode
 .text.hci_get_class
                0x00000000000105bc       0x2c zephyr/subsys/bluetooth/controller/libsubsys__bluetooth__controller.a(hci.c.obj)
                0x00000000000105bc                hci_get_class
 .text.hci_init
                0x00000000000105e8       0x40 zephyr/subsys/bluetooth/controller/libsubsys__bluetooth__controller.a(hci.c.obj)
                0x00000000000105e8                hci_init
 .text.bt_rand  0x0000000000010628        0x4 zephyr/subsys/bluetooth/controller/libsubsys__bluetooth__controller.a(crypto.c.obj)
                0x0000000000010628                bt_rand
 .text.bt_encrypt_le
                0x000000000001062c        0xc zephyr/subsys/bluetooth/controller/libsubsys__bluetooth__controller.a(crypto.c.obj)
                0x000000000001062c                bt_encrypt_le
 .text.perform_lll_reset
                0x0000000000010638       0x94 zephyr/subsys/bluetooth/controller/libsubsys__bluetooth__controller.a(ull.c.obj)
 .text.ull_ticker_status_give
                0x00000000000106cc        0xc zephyr/subsys/bluetooth/controller/libsubsys__bluetooth__controller.a(ull.c.obj)
                0x00000000000106cc                ull_ticker_status_give
 .text.disabled_cb
                0x00000000000106d8        0x4 zephyr/subsys/bluetooth/controller/libsubsys__bluetooth__controller.a(ull.c.obj)
 .text.tx_cmplt_get
                0x00000000000106dc       0xcc zephyr/subsys/bluetooth/controller/libsubsys__bluetooth__controller.a(ull.c.obj)
 .text.ull_done
                0x00000000000107a8      0x120 zephyr/subsys/bluetooth/controller/libsubsys__bluetooth__controller.a(ull.c.obj)
 .text.rx_demux
                0x00000000000108c8      0x1dc zephyr/subsys/bluetooth/controller/libsubsys__bluetooth__controller.a(ull.c.obj)
 .text.ll_init  0x0000000000010aa4      0x2f0 zephyr/subsys/bluetooth/controller/libsubsys__bluetooth__controller.a(ull.c.obj)
                0x0000000000010aa4                ll_init
 .text.ll_reset
                0x0000000000010d94      0x324 zephyr/subsys/bluetooth/controller/libsubsys__bluetooth__controller.a(ull.c.obj)
                0x0000000000010d94                ll_reset
 .text.ll_rx_get
                0x00000000000110b8      0x1d4 zephyr/subsys/bluetooth/controller/libsubsys__bluetooth__controller.a(ull.c.obj)
                0x00000000000110b8                ll_rx_get
 .text.ll_rx_dequeue
                0x000000000001128c      0x1a0 zephyr/subsys/bluetooth/controller/libsubsys__bluetooth__controller.a(ull.c.obj)
                0x000000000001128c                ll_rx_dequeue
 .text.ll_rx_mem_release
                0x000000000001142c      0x25c zephyr/subsys/bluetooth/controller/libsubsys__bluetooth__controller.a(ull.c.obj)
                0x000000000001142c                ll_rx_mem_release
 .text.ll_rx_link_alloc
                0x0000000000011688        0xc zephyr/subsys/bluetooth/controller/libsubsys__bluetooth__controller.a(ull.c.obj)
                0x0000000000011688                ll_rx_link_alloc
 .text.ll_rx_link_release
                0x0000000000011694        0xc zephyr/subsys/bluetooth/controller/libsubsys__bluetooth__controller.a(ull.c.obj)
                0x0000000000011694                ll_rx_link_release
 .text.ll_rx_alloc
                0x00000000000116a0        0xc zephyr/subsys/bluetooth/controller/libsubsys__bluetooth__controller.a(ull.c.obj)
                0x00000000000116a0                ll_rx_alloc
 .text.ll_rx_release
                0x00000000000116ac        0xc zephyr/subsys/bluetooth/controller/libsubsys__bluetooth__controller.a(ull.c.obj)
                0x00000000000116ac                ll_rx_release
 .text.ll_rx_put
                0x00000000000116b8       0x14 zephyr/subsys/bluetooth/controller/libsubsys__bluetooth__controller.a(ull.c.obj)
                0x00000000000116b8                ll_rx_put
 .text.ll_rx_sched
                0x00000000000116cc        0xc zephyr/subsys/bluetooth/controller/libsubsys__bluetooth__controller.a(ull.c.obj)
                0x00000000000116cc                ll_rx_sched
 .text.ll_pdu_rx_alloc_peek
                0x00000000000116d8       0x3c zephyr/subsys/bluetooth/controller/libsubsys__bluetooth__controller.a(ull.c.obj)
                0x00000000000116d8                ll_pdu_rx_alloc_peek
 .text.ll_pdu_rx_alloc
                0x0000000000011714       0x30 zephyr/subsys/bluetooth/controller/libsubsys__bluetooth__controller.a(ull.c.obj)
                0x0000000000011714                ll_pdu_rx_alloc
 .text.ll_tx_ack_put
                0x0000000000011744       0x60 zephyr/subsys/bluetooth/controller/libsubsys__bluetooth__controller.a(ull.c.obj)
                0x0000000000011744                ll_tx_ack_put
 .text.ull_ticker_status_take
                0x00000000000117a4       0x50 zephyr/subsys/bluetooth/controller/libsubsys__bluetooth__controller.a(ull.c.obj)
                0x00000000000117a4                ull_ticker_status_take
 .text.ull_disable_mark
                0x00000000000117f4       0x18 zephyr/subsys/bluetooth/controller/libsubsys__bluetooth__controller.a(ull.c.obj)
                0x00000000000117f4                ull_disable_mark
 .text.ull_disable_unmark
                0x000000000001180c       0x18 zephyr/subsys/bluetooth/controller/libsubsys__bluetooth__controller.a(ull.c.obj)
                0x000000000001180c                ull_disable_unmark
 .text.ull_disable_mark_get
                0x0000000000011824        0xc zephyr/subsys/bluetooth/controller/libsubsys__bluetooth__controller.a(ull.c.obj)
                0x0000000000011824                ull_disable_mark_get
 .text.ull_update_mark
                0x0000000000011830       0x18 zephyr/subsys/bluetooth/controller/libsubsys__bluetooth__controller.a(ull.c.obj)
                0x0000000000011830                ull_update_mark
 .text.ull_update_unmark
                0x0000000000011848       0x18 zephyr/subsys/bluetooth/controller/libsubsys__bluetooth__controller.a(ull.c.obj)
                0x0000000000011848                ull_update_unmark
 .text.ull_update_mark_get
                0x0000000000011860        0xc zephyr/subsys/bluetooth/controller/libsubsys__bluetooth__controller.a(ull.c.obj)
                0x0000000000011860                ull_update_mark_get
 .text.ull_disable
                0x000000000001186c       0x7c zephyr/subsys/bluetooth/controller/libsubsys__bluetooth__controller.a(ull.c.obj)
                0x000000000001186c                ull_disable
 .text.ull_ticker_stop_with_mark
                0x00000000000118e8       0x80 zephyr/subsys/bluetooth/controller/libsubsys__bluetooth__controller.a(ull.c.obj)
                0x00000000000118e8                ull_ticker_stop_with_mark
 .text.ull_pdu_rx_alloc_peek
                0x0000000000011968       0x3c zephyr/subsys/bluetooth/controller/libsubsys__bluetooth__controller.a(ull.c.obj)
                0x0000000000011968                ull_pdu_rx_alloc_peek
 .text.ull_pdu_rx_alloc
                0x00000000000119a4       0x30 zephyr/subsys/bluetooth/controller/libsubsys__bluetooth__controller.a(ull.c.obj)
                0x00000000000119a4                ull_pdu_rx_alloc
 .text.ull_rx_put
                0x00000000000119d4       0x20 zephyr/subsys/bluetooth/controller/libsubsys__bluetooth__controller.a(ull.c.obj)
                0x00000000000119d4                ull_rx_put
 .text.ull_rx_sched
                0x00000000000119f4       0x10 zephyr/subsys/bluetooth/controller/libsubsys__bluetooth__controller.a(ull.c.obj)
                0x00000000000119f4                ull_rx_sched
 .text.ull_prepare_enqueue
                0x0000000000011a04       0x7c zephyr/subsys/bluetooth/controller/libsubsys__bluetooth__controller.a(ull.c.obj)
                0x0000000000011a04                ull_prepare_enqueue
 .text.ull_prepare_dequeue_get
                0x0000000000011a80       0x1c zephyr/subsys/bluetooth/controller/libsubsys__bluetooth__controller.a(ull.c.obj)
                0x0000000000011a80                ull_prepare_dequeue_get
 .text.ull_prepare_dequeue_iter
                0x0000000000011a9c       0x3c zephyr/subsys/bluetooth/controller/libsubsys__bluetooth__controller.a(ull.c.obj)
                0x0000000000011a9c                ull_prepare_dequeue_iter
 .text.ull_prepare_dequeue
                0x0000000000011ad8       0xb8 zephyr/subsys/bluetooth/controller/libsubsys__bluetooth__controller.a(ull.c.obj)
                0x0000000000011ad8                ull_prepare_dequeue
 .text.ull_event_done_extra_get
                0x0000000000011b90       0x20 zephyr/subsys/bluetooth/controller/libsubsys__bluetooth__controller.a(ull.c.obj)
                0x0000000000011b90                ull_event_done_extra_get
 .text.ull_event_done
                0x0000000000011bb0       0x5c zephyr/subsys/bluetooth/controller/libsubsys__bluetooth__controller.a(ull.c.obj)
                0x0000000000011bb0                ull_event_done
 .text.lll_prepare
                0x0000000000011c0c       0x18 zephyr/subsys/bluetooth/controller/libsubsys__bluetooth__controller.a(lll_common.c.obj)
                0x0000000000011c0c                lll_prepare
 .text.lll_resume
                0x0000000000011c24       0x4c zephyr/subsys/bluetooth/controller/libsubsys__bluetooth__controller.a(lll_common.c.obj)
                0x0000000000011c24                lll_resume
 .text.ticker_cb
                0x0000000000011c70      0x138 zephyr/subsys/bluetooth/controller/libsubsys__bluetooth__controller.a(ull_adv.c.obj)
 .text.ticker_op_stop_cb
                0x0000000000011da8       0xa4 zephyr/subsys/bluetooth/controller/libsubsys__bluetooth__controller.a(ull_adv.c.obj)
 .text.disabled_cb
                0x0000000000011e4c       0x94 zephyr/subsys/bluetooth/controller/libsubsys__bluetooth__controller.a(ull_adv.c.obj)
 .text.ticker_op_update_cb
                0x0000000000011ee0       0x38 zephyr/subsys/bluetooth/controller/libsubsys__bluetooth__controller.a(ull_adv.c.obj)
 .text.ticker_stop_cb
                0x0000000000011f18       0x88 zephyr/subsys/bluetooth/controller/libsubsys__bluetooth__controller.a(ull_adv.c.obj)
 .text.init_reset
                0x0000000000011fa0       0x60 zephyr/subsys/bluetooth/controller/libsubsys__bluetooth__controller.a(ull_adv.c.obj)
 .text.conn_release.constprop.0
                0x0000000000012000       0x84 zephyr/subsys/bluetooth/controller/libsubsys__bluetooth__controller.a(ull_adv.c.obj)
 .text.ll_adv_params_set
                0x0000000000012084      0x13c zephyr/subsys/bluetooth/controller/libsubsys__bluetooth__controller.a(ull_adv.c.obj)
                0x0000000000012084                ll_adv_params_set
 .text.ull_adv_init
                0x00000000000121c0        0x4 zephyr/subsys/bluetooth/controller/libsubsys__bluetooth__controller.a(ull_adv.c.obj)
                0x00000000000121c0                ull_adv_init
 .text.ull_adv_reset
                0x00000000000121c4      0x150 zephyr/subsys/bluetooth/controller/libsubsys__bluetooth__controller.a(ull_adv.c.obj)
                0x00000000000121c4                ull_adv_reset
 .text.ull_adv_reset_finalize
                0x0000000000012314       0x20 zephyr/subsys/bluetooth/controller/libsubsys__bluetooth__controller.a(ull_adv.c.obj)
                0x0000000000012314                ull_adv_reset_finalize
 .text.ull_adv_handle_get
                0x0000000000012334       0x1c zephyr/subsys/bluetooth/controller/libsubsys__bluetooth__controller.a(ull_adv.c.obj)
                0x0000000000012334                ull_adv_handle_get
 .text.ull_adv_lll_handle_get
                0x0000000000012350       0x1c zephyr/subsys/bluetooth/controller/libsubsys__bluetooth__controller.a(ull_adv.c.obj)
                0x0000000000012350                ull_adv_lll_handle_get
 .text.ull_adv_is_enabled_get
                0x000000000001236c       0x1c zephyr/subsys/bluetooth/controller/libsubsys__bluetooth__controller.a(ull_adv.c.obj)
                0x000000000001236c                ull_adv_is_enabled_get
 .text.ull_adv_is_enabled
                0x0000000000012388       0x18 zephyr/subsys/bluetooth/controller/libsubsys__bluetooth__controller.a(ull_adv.c.obj)
                0x0000000000012388                ull_adv_is_enabled
 .text.ull_adv_filter_pol_get
                0x00000000000123a0       0x20 zephyr/subsys/bluetooth/controller/libsubsys__bluetooth__controller.a(ull_adv.c.obj)
                0x00000000000123a0                ull_adv_filter_pol_get
 .text.ull_adv_data_set
                0x00000000000123c0       0x8c zephyr/subsys/bluetooth/controller/libsubsys__bluetooth__controller.a(ull_adv.c.obj)
                0x00000000000123c0                ull_adv_data_set
 .text.ll_adv_data_set
                0x000000000001244c       0x10 zephyr/subsys/bluetooth/controller/libsubsys__bluetooth__controller.a(ull_adv.c.obj)
                0x000000000001244c                ll_adv_data_set
 .text.ull_scan_rsp_set
                0x000000000001245c       0x54 zephyr/subsys/bluetooth/controller/libsubsys__bluetooth__controller.a(ull_adv.c.obj)
                0x000000000001245c                ull_scan_rsp_set
 .text.ll_adv_scan_rsp_set
                0x00000000000124b0       0x10 zephyr/subsys/bluetooth/controller/libsubsys__bluetooth__controller.a(ull_adv.c.obj)
                0x00000000000124b0                ll_adv_scan_rsp_set
 .text.ull_adv_pdu_update_addrs
                0x00000000000124c0       0x60 zephyr/subsys/bluetooth/controller/libsubsys__bluetooth__controller.a(ull_adv.c.obj)
                0x00000000000124c0                ull_adv_pdu_update_addrs
 .text.tx_ull_dequeue
                0x0000000000012520       0x84 zephyr/subsys/bluetooth/controller/libsubsys__bluetooth__controller.a(ull_conn.c.obj)
 .text.init_reset
                0x00000000000125a4       0x74 zephyr/subsys/bluetooth/controller/libsubsys__bluetooth__controller.a(ull_conn.c.obj)
 .text.ctrl_tx_pause_enqueue
                0x0000000000012618       0xcc zephyr/subsys/bluetooth/controller/libsubsys__bluetooth__controller.a(ull_conn.c.obj)
 .text.tx_lll_flush
                0x00000000000126e4       0xf4 zephyr/subsys/bluetooth/controller/libsubsys__bluetooth__controller.a(ull_conn.c.obj)
 .text.ticker_op_stop_cb
                0x00000000000127d8       0x64 zephyr/subsys/bluetooth/controller/libsubsys__bluetooth__controller.a(ull_conn.c.obj)
 .text.ticker_start_conn_op_cb
                0x000000000001283c       0x58 zephyr/subsys/bluetooth/controller/libsubsys__bluetooth__controller.a(ull_conn.c.obj)
 .text.ticker_stop_conn_op_cb
                0x0000000000012894       0x58 zephyr/subsys/bluetooth/controller/libsubsys__bluetooth__controller.a(ull_conn.c.obj)
 .text.ticker_update_conn_op_cb
                0x00000000000128ec       0x40 zephyr/subsys/bluetooth/controller/libsubsys__bluetooth__controller.a(ull_conn.c.obj)
 .text.reject_ext_ind_send
                0x000000000001292c       0xf0 zephyr/subsys/bluetooth/controller/libsubsys__bluetooth__controller.a(ull_conn.c.obj)
 .text.start_enc_rsp_send
                0x0000000000012a1c       0xdc zephyr/subsys/bluetooth/controller/libsubsys__bluetooth__controller.a(ull_conn.c.obj)
 .text.ctrl_tx_sec_enqueue
                0x0000000000012af8      0x134 zephyr/subsys/bluetooth/controller/libsubsys__bluetooth__controller.a(ull_conn.c.obj)
 .text.event_phy_upd_ind_prep
                0x0000000000012c2c      0x360 zephyr/subsys/bluetooth/controller/libsubsys__bluetooth__controller.a(ull_conn.c.obj)
 .text.ll_conn_acquire
                0x0000000000012f8c        0xc zephyr/subsys/bluetooth/controller/libsubsys__bluetooth__controller.a(ull_conn.c.obj)
                0x0000000000012f8c                ll_conn_acquire
 .text.ll_conn_release
                0x0000000000012f98        0xc zephyr/subsys/bluetooth/controller/libsubsys__bluetooth__controller.a(ull_conn.c.obj)
                0x0000000000012f98                ll_conn_release
 .text.ll_conn_handle_get
                0x0000000000012fa4       0x10 zephyr/subsys/bluetooth/controller/libsubsys__bluetooth__controller.a(ull_conn.c.obj)
                0x0000000000012fa4                ll_conn_handle_get
 .text.ll_conn_get
                0x0000000000012fb4       0x10 zephyr/subsys/bluetooth/controller/libsubsys__bluetooth__controller.a(ull_conn.c.obj)
                0x0000000000012fb4                ll_conn_get
 .text.ll_connected_get
                0x0000000000012fc4       0x24 zephyr/subsys/bluetooth/controller/libsubsys__bluetooth__controller.a(ull_conn.c.obj)
                0x0000000000012fc4                ll_connected_get
 .text.ll_tx_mem_acquire
                0x0000000000012fe8        0xc zephyr/subsys/bluetooth/controller/libsubsys__bluetooth__controller.a(ull_conn.c.obj)
                0x0000000000012fe8                ll_tx_mem_acquire
 .text.ll_tx_mem_release
                0x0000000000012ff4        0xc zephyr/subsys/bluetooth/controller/libsubsys__bluetooth__controller.a(ull_conn.c.obj)
                0x0000000000012ff4                ll_tx_mem_release
 .text.ll_tx_mem_enqueue
                0x0000000000013000       0x94 zephyr/subsys/bluetooth/controller/libsubsys__bluetooth__controller.a(ull_conn.c.obj)
                0x0000000000013000                ll_tx_mem_enqueue
 .text.ll_conn_update
                0x0000000000013094      0x12c zephyr/subsys/bluetooth/controller/libsubsys__bluetooth__controller.a(ull_conn.c.obj)
                0x0000000000013094                ll_conn_update
 .text.ll_chm_get
                0x00000000000131c0       0x40 zephyr/subsys/bluetooth/controller/libsubsys__bluetooth__controller.a(ull_conn.c.obj)
                0x00000000000131c0                ll_chm_get
 .text.ll_terminate_ind_send
                0x0000000000013200       0x84 zephyr/subsys/bluetooth/controller/libsubsys__bluetooth__controller.a(ull_conn.c.obj)
                0x0000000000013200                ll_terminate_ind_send
 .text.ll_feature_req_send
                0x0000000000013284       0x4c zephyr/subsys/bluetooth/controller/libsubsys__bluetooth__controller.a(ull_conn.c.obj)
                0x0000000000013284                ll_feature_req_send
 .text.ll_version_ind_send
                0x00000000000132d0       0x4c zephyr/subsys/bluetooth/controller/libsubsys__bluetooth__controller.a(ull_conn.c.obj)
                0x00000000000132d0                ll_version_ind_send
 .text.ll_length_req_send
                0x000000000001331c       0xb0 zephyr/subsys/bluetooth/controller/libsubsys__bluetooth__controller.a(ull_conn.c.obj)
                0x000000000001331c                ll_length_req_send
 .text.ll_length_default_get
                0x00000000000133cc       0x18 zephyr/subsys/bluetooth/controller/libsubsys__bluetooth__controller.a(ull_conn.c.obj)
                0x00000000000133cc                ll_length_default_get
 .text.ll_length_default_set
                0x00000000000133e4       0x14 zephyr/subsys/bluetooth/controller/libsubsys__bluetooth__controller.a(ull_conn.c.obj)
                0x00000000000133e4                ll_length_default_set
 .text.ll_length_max_get
                0x00000000000133f8       0x14 zephyr/subsys/bluetooth/controller/libsubsys__bluetooth__controller.a(ull_conn.c.obj)
                0x00000000000133f8                ll_length_max_get
 .text.ll_phy_get
                0x000000000001340c       0x3c zephyr/subsys/bluetooth/controller/libsubsys__bluetooth__controller.a(ull_conn.c.obj)
                0x000000000001340c                ll_phy_get
 .text.ll_phy_default_set
                0x0000000000013448       0x14 zephyr/subsys/bluetooth/controller/libsubsys__bluetooth__controller.a(ull_conn.c.obj)
                0x0000000000013448                ll_phy_default_set
 .text.ll_phy_req_send
                0x000000000001345c       0xa0 zephyr/subsys/bluetooth/controller/libsubsys__bluetooth__controller.a(ull_conn.c.obj)
                0x000000000001345c                ll_phy_req_send
 .text.ll_apto_get
                0x00000000000134fc       0x48 zephyr/subsys/bluetooth/controller/libsubsys__bluetooth__controller.a(ull_conn.c.obj)
                0x00000000000134fc                ll_apto_get
 .text.ll_apto_set
                0x0000000000013544       0x44 zephyr/subsys/bluetooth/controller/libsubsys__bluetooth__controller.a(ull_conn.c.obj)
                0x0000000000013544                ll_apto_set
 .text.ull_conn_init
                0x0000000000013588        0x4 zephyr/subsys/bluetooth/controller/libsubsys__bluetooth__controller.a(ull_conn.c.obj)
                0x0000000000013588                ull_conn_init
 .text.ull_conn_reset