Archive member included to satisfy reference by file (symbol)

app/libapp.a(main.c.obj)      (--whole-archive)
zephyr/libzephyr.a(cbprintf.c.obj)
                              (--whole-archive)
zephyr/libzephyr.a(cbprintf_packaged.c.obj)
                              (--whole-archive)
zephyr/libzephyr.a(crc32c_sw.c.obj)
                              (--whole-archive)
zephyr/libzephyr.a(crc32_sw.c.obj)
                              (--whole-archive)
zephyr/libzephyr.a(crc16_sw.c.obj)
                              (--whole-archive)
zephyr/libzephyr.a(crc8_sw.c.obj)
                              (--whole-archive)
zephyr/libzephyr.a(crc7_sw.c.obj)
                              (--whole-archive)
zephyr/libzephyr.a(dec.c.obj)
                              (--whole-archive)
zephyr/libzephyr.a(fdtable.c.obj)
                              (--whole-archive)
zephyr/libzephyr.a(hex.c.obj)
                              (--whole-archive)
zephyr/libzephyr.a(notify.c.obj)
                              (--whole-archive)
zephyr/libzephyr.a(printk.c.obj)
                              (--whole-archive)
zephyr/libzephyr.a(onoff.c.obj)
                              (--whole-archive)
zephyr/libzephyr.a(rb.c.obj)  (--whole-archive)
zephyr/libzephyr.a(sem.c.obj)
                              (--whole-archive)
zephyr/libzephyr.a(thread_entry.c.obj)
                              (--whole-archive)
zephyr/libzephyr.a(timeutil.c.obj)
                              (--whole-archive)
zephyr/libzephyr.a(heap.c.obj)
                              (--whole-archive)
zephyr/libzephyr.a(heap-validate.c.obj)
                              (--whole-archive)
zephyr/libzephyr.a(cbprintf_complete.c.obj)
                              (--whole-archive)
zephyr/libzephyr.a(configs.c.obj)
                              (--whole-archive)
zephyr/libzephyr.a(validate_base_addresses.c.obj)
                              (--whole-archive)
zephyr/libzephyr.a(validate_enabled_instances.c.obj)
                              (--whole-archive)
zephyr/libzephyr.a(log_list.c.obj)
                              (--whole-archive)
zephyr/libzephyr.a(log_core.c.obj)
                              (--whole-archive)
zephyr/libzephyr.a(log_msg.c.obj)
                              (--whole-archive)
zephyr/libzephyr.a(log_output.c.obj)
                              (--whole-archive)
zephyr/libzephyr.a(log_backend_rtt.c.obj)
                              (--whole-archive)
zephyr/libzephyr.a(dis.c.obj)
                              (--whole-archive)
zephyr/libzephyr.a(lses.c.obj)
                              (--whole-archive)
zephyr/libzephyr.a(addr_utils.c.obj)
                              (--whole-archive)
zephyr/libzephyr.a(power.c.obj)
                              (--whole-archive)
zephyr/libzephyr.a(pm_ctrl.c.obj)
                              (--whole-archive)
zephyr/libzephyr.a(policy_residency.c.obj)
                              (--whole-archive)
zephyr/libzephyr.a(rtt_console.c.obj)
                              (--whole-archive)
zephyr/libzephyr.a(clock_control_nrf.c.obj)
                              (--whole-archive)
zephyr/libzephyr.a(sys_clock_init.c.obj)
                              (--whole-archive)
zephyr/libzephyr.a(nrf_rtc_timer.c.obj)
                              (--whole-archive)
zephyr/libzephyr.a(SEGGER_RTT.c.obj)
                              (--whole-archive)
zephyr/libzephyr.a(SEGGER_RTT_zephyr.c.obj)
                              (--whole-archive)
zephyr/libzephyr.a(utils.c.obj)
                              (--whole-archive)
zephyr/libzephyr.a(ecc_dh.c.obj)
                              (--whole-archive)
zephyr/libzephyr.a(ecc.c.obj)
                              (--whole-archive)
zephyr/libzephyr.a(aes_decrypt.c.obj)
                              (--whole-archive)
zephyr/libzephyr.a(aes_encrypt.c.obj)
                              (--whole-archive)
zephyr/libzephyr.a(cmac_mode.c.obj)
                              (--whole-archive)
zephyr/arch/common/libarch__common.a(sw_isr_common.c.obj)
                              (--whole-archive)
zephyr/arch/arch/arm/core/aarch32/libarch__arm__core__aarch32.a(swap.c.obj)
                              (--whole-archive)
zephyr/arch/arch/arm/core/aarch32/libarch__arm__core__aarch32.a(swap_helper.S.obj)
                              (--whole-archive)
zephyr/arch/arch/arm/core/aarch32/libarch__arm__core__aarch32.a(irq_manage.c.obj)
                              (--whole-archive)
zephyr/arch/arch/arm/core/aarch32/libarch__arm__core__aarch32.a(thread.c.obj)
                              (--whole-archive)
zephyr/arch/arch/arm/core/aarch32/libarch__arm__core__aarch32.a(cpu_idle.S.obj)
                              (--whole-archive)
zephyr/arch/arch/arm/core/aarch32/libarch__arm__core__aarch32.a(fatal.c.obj)
                              (--whole-archive)
zephyr/arch/arch/arm/core/aarch32/libarch__arm__core__aarch32.a(nmi.c.obj)
                              (--whole-archive)
[...]
Memory Configuration

Name             Origin             Length             Attributes
FLASH            0x0000000000000000 0x0000000000100000 xr
SRAM             0x0000000020000000 0x0000000000040000 xw
IDT_LIST         0x0000000020040000 0x0000000000000800 xw
*default*        0x0000000000000000 0xffffffffffffffff

Linker script and memory map

LOAD zephyr/CMakeFiles/zephyr_final.dir/misc/empty_file.c.obj
LOAD zephyr/CMakeFiles/zephyr_final.dir/isr_tables.c.obj
LOAD zephyr/CMakeFiles/zephyr_final.dir/dev_handles.c.obj
                0x0000000000000020                _region_min_align = 0x20

.rel.plt        0x0000000000000000        0x0
 *(SORT_BY_ALIGNMENT(.rel.plt))
                [!provide]                        PROVIDE (__rel_iplt_start = .)
 *(SORT_BY_ALIGNMENT(.rel.iplt))
 .rel.iplt      0x0000000000000000        0x0 zephyr/CMakeFiles/zephyr_final.dir/isr_tables.c.obj
                [!provide]                        PROVIDE (__rel_iplt_end = .)

.rela.plt       0x0000000000000000        0x0
 *(SORT_BY_ALIGNMENT(.rela.plt))
                [!provide]                        PROVIDE (__rela_iplt_start = .)
 *(SORT_BY_ALIGNMENT(.rela.iplt))
                [!provide]                        PROVIDE (__rela_iplt_end = .)

.rel.dyn
 *(SORT_BY_ALIGNMENT(.rel.*))

.rela.dyn
 *(SORT_BY_ALIGNMENT(.rela.*))

/DISCARD/
 *(SORT_BY_ALIGNMENT(.plt))
 *(SORT_BY_ALIGNMENT(.iplt))
 *(SORT_BY_ALIGNMENT(.got.plt))
 *(SORT_BY_ALIGNMENT(.igot.plt))
 *(SORT_BY_ALIGNMENT(.got))
 *(SORT_BY_ALIGNMENT(.igot))
 *(SORT_BY_ALIGNMENT(.irq_info*))
 *(SORT_BY_ALIGNMENT(.intList*))
 *(SORT_BY_ALIGNMENT(.note.GNU-stack))
                0x0000000000000000                _image_rom_start = 0x0

rom_start       0x0000000000000000      0x100
                0x0000000000000000                . = 0x0
                0x0000000000000000                . = ALIGN (0x4)
                0x0000000000000000                . = ALIGN (0x80)
                0x0000000000000000                . = ALIGN (0x100)
                0x0000000000000000                _vector_start = .
 *(SORT_BY_ALIGNMENT(.exc_vector_table))
 *(SORT_BY_ALIGNMENT(.exc_vector_table.*))
 .exc_vector_table._vector_table_section
                0x0000000000000000       0x40 zephyr/arch/arch/arm/core/aarch32/cortex_m/libarch__arm__core__aarch32__cortex_m.a(vector_table.S.obj)
                0x0000000000000000                _vector_table
 *(SORT_BY_ALIGNMENT(.gnu.linkonce.irq_vector_table*))
 .gnu.linkonce.irq_vector_table
                0x0000000000000040       0xc0 zephyr/CMakeFiles/zephyr_final.dir/isr_tables.c.obj
                0x0000000000000040                _irq_vector_table
 *(SORT_BY_ALIGNMENT(.vectors))
                0x0000000000000100                _vector_end = .

text            0x0000000000000100    0x23862
                0x0000000000000100                _image_text_start = .
 *(SORT_BY_ALIGNMENT(.text))
 .text          0x0000000000000100      0x378 /home/lorenz/zephyr-sdk-0.11.3/arm-zephyr-eabi/bin/../lib/gcc/arm-zephyr-eabi/9.2.0/thumb/v7e-m/nofp/libgcc.a(_arm_addsubdf3.o)
                0x0000000000000100                __aeabi_drsub
                0x0000000000000108                __aeabi_dsub
                0x0000000000000108                __subdf3
                0x000000000000010c                __adddf3
                0x000000000000010c                __aeabi_dadd
                0x0000000000000384                __aeabi_ui2d
                0x0000000000000384                __floatunsidf
                0x00000000000003a4                __floatsidf
                0x00000000000003a4                __aeabi_i2d
                0x00000000000003c8                __extendsfdf2
                0x00000000000003c8                __aeabi_f2d
                0x000000000000040c                __aeabi_ul2d
                0x000000000000040c                __floatundidf
                0x000000000000041c                __floatdidf
                0x000000000000041c                __aeabi_l2d
 .text          0x0000000000000478      0x424 /home/lorenz/zephyr-sdk-0.11.3/arm-zephyr-eabi/bin/../lib/gcc/arm-zephyr-eabi/9.2.0/thumb/v7e-m/nofp/libgcc.a(_arm_muldivdf3.o)
                0x0000000000000478                __aeabi_dmul
                0x0000000000000478                __muldf3
                0x00000000000006cc                __aeabi_ddiv
                0x00000000000006cc                __divdf3
 .text          0x000000000000089c      0x110 /home/lorenz/zephyr-sdk-0.11.3/arm-zephyr-eabi/bin/../lib/gcc/arm-zephyr-eabi/9.2.0/thumb/v7e-m/nofp/libgcc.a(_arm_cmpdf2.o)
                0x000000000000089c                __gtdf2
                0x000000000000089c                __gedf2
                0x00000000000008a4                __ltdf2
                0x00000000000008a4                __ledf2
                0x00000000000008ac                __cmpdf2
                0x00000000000008ac                __eqdf2
                0x00000000000008ac                __nedf2
                0x0000000000000928                __aeabi_cdrcmple
                0x0000000000000938                __aeabi_cdcmple
                0x0000000000000938                __aeabi_cdcmpeq
                0x0000000000000948                __aeabi_dcmpeq
                0x000000000000095c                __aeabi_dcmplt
                0x0000000000000970                __aeabi_dcmple
                0x0000000000000984                __aeabi_dcmpge
                0x0000000000000998                __aeabi_dcmpgt
 .text          0x00000000000009ac       0x50 /home/lorenz/zephyr-sdk-0.11.3/arm-zephyr-eabi/bin/../lib/gcc/arm-zephyr-eabi/9.2.0/thumb/v7e-m/nofp/libgcc.a(_arm_fixdfsi.o)
                0x00000000000009ac                __fixdfsi
                0x00000000000009ac                __aeabi_d2iz
 .text          0x00000000000009fc       0x40 /home/lorenz/zephyr-sdk-0.11.3/arm-zephyr-eabi/bin/../lib/gcc/arm-zephyr-eabi/9.2.0/thumb/v7e-m/nofp/libgcc.a(_arm_fixunsdfsi.o)
                0x00000000000009fc                __fixunsdfsi
                0x00000000000009fc                __aeabi_d2uiz
 .text          0x0000000000000a3c       0x30 /home/lorenz/zephyr-sdk-0.11.3/arm-zephyr-eabi/bin/../lib/gcc/arm-zephyr-eabi/9.2.0/thumb/v7e-m/nofp/libgcc.a(_aeabi_uldivmod.o)
                0x0000000000000a3c                __aeabi_uldivmod
 .text          0x0000000000000a6c      0x2c4 /home/lorenz/zephyr-sdk-0.11.3/arm-zephyr-eabi/bin/../lib/gcc/arm-zephyr-eabi/9.2.0/thumb/v7e-m/nofp/libgcc.a(_udivmoddi4.o)
                0x0000000000000a6c                __udivmoddi4
 .text          0x0000000000000d30        0x4 /home/lorenz/zephyr-sdk-0.11.3/arm-zephyr-eabi/bin/../lib/gcc/arm-zephyr-eabi/9.2.0/thumb/v7e-m/nofp/libgcc.a(_dvmd_tls.o)
                0x0000000000000d30                __aeabi_ldiv0
                0x0000000000000d30                __aeabi_idiv0
 .text          0x0000000000000d34       0x14 /home/lorenz/zephyr-sdk-0.11.3/arm-zephyr-eabi/arm-zephyr-eabi/lib/thumb/v7e-m/nofp/libc_nano.a(lib_a-strcmp.o)
                0x0000000000000d34                strcmp
 .text          0x0000000000000d48       0x10 /home/lorenz/zephyr-sdk-0.11.3/arm-zephyr-eabi/arm-zephyr-eabi/lib/thumb/v7e-m/nofp/libc_nano.a(lib_a-strlen.o)
                0x0000000000000d48                strlen
 *(SORT_BY_ALIGNMENT(.text.*))
 .text.hci_init
                0x0000000000000d58      0x4cc zephyr/subsys/bluetooth/host/libsubsys__bluetooth__host.a(hci_core.c.obj)
 *fill*         0x0000000000001224        0x4 
 .text.ull_drift_ticks_get
                0x0000000000001228       0x8c zephyr/subsys/bluetooth/controller/libsubsys__bluetooth__controller.a(ull.c.obj)
                0x0000000000001228                ull_drift_ticks_get
 *fill*         0x00000000000012b4        0x4 
 .text.ll_adv_enable
                0x00000000000012b8      0x5b0 zephyr/subsys/bluetooth/controller/libsubsys__bluetooth__controller.a(ull_adv.c.obj)
                0x00000000000012b8                ll_adv_enable
 .text.event_conn_upd_prep
                0x0000000000001868      0x57c zephyr/subsys/bluetooth/controller/libsubsys__bluetooth__controller.a(ull_conn.c.obj)
 *fill*         0x0000000000001de4        0x4 
 .text.ull_slave_setup
                0x0000000000001de8      0x40c zephyr/subsys/bluetooth/controller/libsubsys__bluetooth__controller.a(ull_slave.c.obj)
                0x0000000000001de8                ull_slave_setup
 *fill*         0x00000000000021f4        0x4 
 .text.SX1276SetChannel
                0x00000000000021f8       0x4c zephyr/drivers/lora/libloramac-node.a(sx1276.c.obj)
                0x00000000000021f8                SX1276SetChannel
 *fill*         0x0000000000002244        0x4 
 .text.RxChainCalibration
                0x0000000000002248       0xa4 zephyr/drivers/lora/libloramac-node.a(sx1276.c.obj)
 *fill*         0x00000000000022ec        0x4 
 .text.SX1276GetTimeOnAir
                0x00000000000022f0      0x1f0 zephyr/drivers/lora/libloramac-node.a(sx1276.c.obj)
                0x00000000000022f0                SX1276GetTimeOnAir
 .text.SX1276SetRxConfig
                0x00000000000024e0      0x304 zephyr/drivers/lora/libloramac-node.a(sx1276.c.obj)
                0x00000000000024e0                SX1276SetRxConfig
 *fill*         0x00000000000027e4        0x4 
 .text.SX1276SetTxConfig
                0x00000000000027e8      0x254 zephyr/drivers/lora/libloramac-node.a(sx1276.c.obj)
                0x00000000000027e8                SX1276SetTxConfig
 *fill*         0x0000000000002a3c        0x4 
 .text.SX1276OnDio2Irq
                0x0000000000002a40       0xd4 zephyr/drivers/lora/libloramac-node.a(sx1276.c.obj)
                0x0000000000002a40                SX1276OnDio2Irq
 *fill*         0x0000000000002b14        0x4 
 .text.ceil     0x0000000000002b18      0x1d0 /home/lorenz/zephyr-sdk-0.11.3/arm-zephyr-eabi/arm-zephyr-eabi/lib/thumb/v7e-m/nofp/libm.a(lib_a-s_ceil.o)
                0x0000000000002b18                ceil
 .text.floor    0x0000000000002ce8      0x1d0 /home/lorenz/zephyr-sdk-0.11.3/arm-zephyr-eabi/arm-zephyr-eabi/lib/thumb/v7e-m/nofp/libm.a(lib_a-s_floor.o)
                0x0000000000002ce8                floor
 .text.disconnected
                0x0000000000002eb8        0xc app/libapp.a(main.c.obj)
 .text.connected
                0x0000000000002ec4       0x18 app/libapp.a(main.c.obj)
 .text.auth_cancel
                0x0000000000002edc       0x84 app/libapp.a(main.c.obj)
 .text.main     0x0000000000002f60       0x7c app/libapp.a(main.c.obj)
                0x0000000000002f60                main
 .text.__printk_hook_install
                0x0000000000002fdc        0xc zephyr/libzephyr.a(printk.c.obj)
                0x0000000000002fdc                __printk_hook_install
 .text.vsnprintk
                0x0000000000002fe8       0x28 zephyr/libzephyr.a(printk.c.obj)
                0x0000000000002fe8                vsnprintk
 .text.process_event
                0x0000000000003010      0x1cc zephyr/libzephyr.a(onoff.c.obj)
 .text.extract_decimal
                0x00000000000031dc       0x2c zephyr/libzephyr.a(cbprintf_complete.c.obj)
 .text.encode_uint
                0x0000000000003208       0xa0 zephyr/libzephyr.a(cbprintf_complete.c.obj)
 .text.cbvprintf
                0x00000000000032a8      0x730 zephyr/libzephyr.a(cbprintf_complete.c.obj)
                0x00000000000032a8                cbvprintf
 .text.enable_logger
                0x00000000000039d8       0x5c zephyr/libzephyr.a(log_core.c.obj)
 .text.log_process_thread_timer_expiry_fn
                0x0000000000003a34        0xc zephyr/libzephyr.a(log_core.c.obj)
 .text.z_log_get_s_mask
                0x0000000000003a40       0x48 zephyr/libzephyr.a(log_core.c.obj)
                0x0000000000003a40                z_log_get_s_mask
 .text.log_core_init
                0x0000000000003a88       0x40 zephyr/libzephyr.a(log_core.c.obj)
                0x0000000000003a88                log_core_init
 .text.dropped_notify
                0x0000000000003ac8       0x4c zephyr/libzephyr.a(log_core.c.obj)
                0x0000000000003ac8                dropped_notify
 .text.log_dropped
                0x0000000000003b14       0x20 zephyr/libzephyr.a(log_core.c.obj)
                0x0000000000003b14                log_dropped
 .text.log_source_name_get
                0x0000000000003b34       0x1c zephyr/libzephyr.a(log_core.c.obj)
                0x0000000000003b34                log_source_name_get
 .text.log_backend_enable
                0x0000000000003b50       0x34 zephyr/libzephyr.a(log_core.c.obj)
                0x0000000000003b50                log_backend_enable
 .text.log_init
                0x0000000000003b84       0x54 zephyr/libzephyr.a(log_core.c.obj)
                0x0000000000003b84                log_init
 .text.log_strdup
                0x0000000000003bd8       0x70 zephyr/libzephyr.a(log_core.c.obj)
                0x0000000000003bd8                log_strdup
 .text.log_is_strdup
                0x0000000000003c48       0x20 zephyr/libzephyr.a(log_core.c.obj)
                0x0000000000003c48                log_is_strdup
 .text.z_impl_log_process
                0x0000000000003c68      0x170 zephyr/libzephyr.a(log_core.c.obj)
                0x0000000000003c68                z_impl_log_process
 .text.msg_finalize
                0x0000000000003dd8       0xc4 zephyr/libzephyr.a(log_core.c.obj)
 .text.log_process_thread_func
                0x0000000000003e9c       0x48 zephyr/libzephyr.a(log_core.c.obj)
 .text.z_impl_log_panic
                0x0000000000003ee4       0x48 zephyr/libzephyr.a(log_core.c.obj)
                0x0000000000003ee4                z_impl_log_panic
 .text.log_free
                0x0000000000003f2c       0x34 zephyr/libzephyr.a(log_core.c.obj)
                0x0000000000003f2c                log_free
 .text.log_msg_pool_init
                0x0000000000003f60       0x14 zephyr/libzephyr.a(log_msg.c.obj)
                0x0000000000003f60                log_msg_pool_init
 .text.log_msg_no_space_handle
                0x0000000000003f74       0x30 zephyr/libzephyr.a(log_msg.c.obj)
                0x0000000000003f74                log_msg_no_space_handle
 .text.log_msg_chunk_alloc
                0x0000000000003fa4       0x28 zephyr/libzephyr.a(log_msg.c.obj)
                0x0000000000003fa4                log_msg_chunk_alloc
 .text.msg_free
                0x0000000000003fcc       0x7c zephyr/libzephyr.a(log_msg.c.obj)
 .text.print_formatted
                0x0000000000004048       0x24 zephyr/libzephyr.a(log_output.c.obj)
 .text.prefix_print
                0x000000000000406c      0x11c zephyr/libzephyr.a(log_output.c.obj)
 .text.postfix_print
                0x0000000000004188       0x3c zephyr/libzephyr.a(log_output.c.obj)
 .text.hexdump_line_print
                0x00000000000041c4       0xe4 zephyr/libzephyr.a(log_output.c.obj)
 .text.log_output_msg_process
                0x00000000000042a8       0xf4 zephyr/libzephyr.a(log_output.c.obj)
                0x00000000000042a8                log_output_msg_process
 .text.log_output_dropped_process
                0x000000000000439c       0x58 zephyr/libzephyr.a(log_output.c.obj)
                0x000000000000439c                log_output_dropped_process
 .text.log_output_timestamp_freq_set
                0x00000000000043f4       0x30 zephyr/libzephyr.a(log_output.c.obj)
                0x00000000000043f4                log_output_timestamp_freq_set
 .text.log_backend_rtt_init
                0x0000000000004424        0xc zephyr/libzephyr.a(log_backend_rtt.c.obj)
 .text.panic    0x0000000000004430       0x14 zephyr/libzephyr.a(log_backend_rtt.c.obj)
 .text.dropped  0x0000000000004444        0xc zephyr/libzephyr.a(log_backend_rtt.c.obj)
 .text.put      0x0000000000004450       0x24 zephyr/libzephyr.a(log_backend_rtt.c.obj)
 .text.on_failed_write.part.0
                0x0000000000004474       0x1c zephyr/libzephyr.a(log_backend_rtt.c.obj)
 .text.data_out_block_mode
                0x0000000000004490       0xa0 zephyr/libzephyr.a(log_backend_rtt.c.obj)
 .text.lec_ccc_cfg_changed
                0x0000000000004530       0x34 zephyr/libzephyr.a(lses.c.obj)
 .text.lora_config.constprop.0
                0x0000000000004564        0xc zephyr/libzephyr.a(lses.c.obj)
 .text.change_config
                0x0000000000004570       0xdc zephyr/libzephyr.a(lses.c.obj)
                0x0000000000004570                change_config
 .text.bt_lses_notify
                0x000000000000464c       0x3c zephyr/libzephyr.a(lses.c.obj)
                0x000000000000464c                bt_lses_notify
 .text.prepare_sender_cb
                0x0000000000004688      0x3d8 zephyr/libzephyr.a(lses.c.obj)
 .text.change_config_cb
                0x0000000000004a60       0x24 zephyr/libzephyr.a(lses.c.obj)
 .text.pm_state_notify
                0x0000000000004a84       0x4c zephyr/libzephyr.a(power.c.obj)
 .text.pm_system_resume
                0x0000000000004ad0       0x2c zephyr/libzephyr.a(power.c.obj)
                0x0000000000004ad0                pm_system_resume
 .text.pm_system_suspend
                0x0000000000004afc       0x48 zephyr/libzephyr.a(power.c.obj)
                0x0000000000004afc                pm_system_suspend
 .text.rtt_console_init
                0x0000000000004b44       0x18 zephyr/libzephyr.a(rtt_console.c.obj)
 .text.rtt_console_out
                0x0000000000004b5c       0x6c zephyr/libzephyr.a(rtt_console.c.obj)
 .text.onoff_stop
                0x0000000000004bc8       0x48 zephyr/libzephyr.a(clock_control_nrf.c.obj)
 .text.onoff_start
                0x0000000000004c10       0x54 zephyr/libzephyr.a(clock_control_nrf.c.obj)
 .text.clk_init
                0x0000000000004c64       0x60 zephyr/libzephyr.a(clock_control_nrf.c.obj)
 .text.clkstarted_handle.constprop.0
                0x0000000000004cc4       0x34 zephyr/libzephyr.a(clock_control_nrf.c.obj)
 .text.clock_event_handler
                0x0000000000004cf8       0x1c zephyr/libzephyr.a(clock_control_nrf.c.obj)
 .text.generic_hfclk_start
                0x0000000000004d14       0x64 zephyr/libzephyr.a(clock_control_nrf.c.obj)
 .text.generic_hfclk_stop
                0x0000000000004d78       0x2c zephyr/libzephyr.a(clock_control_nrf.c.obj)
 .text.api_blocking_start
                0x0000000000004da4       0x3c zephyr/libzephyr.a(clock_control_nrf.c.obj)
 .text.z_nrf_clock_control_get_onoff
                0x0000000000004de0       0x10 zephyr/libzephyr.a(clock_control_nrf.c.obj)
                0x0000000000004de0                z_nrf_clock_control_get_onoff
 .text.z_nrf_clock_bt_ctlr_hf_request
                0x0000000000004df0       0x2c zephyr/libzephyr.a(clock_control_nrf.c.obj)
                0x0000000000004df0                z_nrf_clock_bt_ctlr_hf_request
 .text.z_nrf_clock_bt_ctlr_hf_release
                0x0000000000004e1c       0x2c zephyr/libzephyr.a(clock_control_nrf.c.obj)
                0x0000000000004e1c                z_nrf_clock_bt_ctlr_hf_release
 .text.z_nrf_clock_control_lf_on
                0x0000000000004e48      0x10c zephyr/libzephyr.a(clock_control_nrf.c.obj)
                0x0000000000004e48                z_nrf_clock_control_lf_on
 .text.sys_clock_timeout_handler
                0x0000000000004f54       0x18 zephyr/libzephyr.a(nrf_rtc_timer.c.obj)
 .text.set_absolute_alarm
                0x0000000000004f6c       0x98 zephyr/libzephyr.a(nrf_rtc_timer.c.obj)
 .text.rtc_nrf_isr
                0x0000000000005004       0x50 zephyr/libzephyr.a(nrf_rtc_timer.c.obj)
                0x0000000000005004                rtc_nrf_isr
 .text.sys_clock_driver_init
                0x0000000000005054       0x54 zephyr/libzephyr.a(nrf_rtc_timer.c.obj)
                0x0000000000005054                sys_clock_driver_init
 .text.sys_clock_set_timeout
                0x00000000000050a8       0x64 zephyr/libzephyr.a(nrf_rtc_timer.c.obj)
                0x00000000000050a8                sys_clock_set_timeout
 .text.sys_clock_elapsed
                0x000000000000510c       0x34 zephyr/libzephyr.a(nrf_rtc_timer.c.obj)
                0x000000000000510c                sys_clock_elapsed
 .text.sys_clock_cycle_get_32
                0x0000000000005140       0x34 zephyr/libzephyr.a(nrf_rtc_timer.c.obj)
                0x0000000000005140                sys_clock_cycle_get_32
 .text._DoInit  0x0000000000005174       0x60 zephyr/libzephyr.a(SEGGER_RTT.c.obj)
 .text.SEGGER_RTT_WriteSkipNoLock
                0x00000000000051d4       0x98 zephyr/libzephyr.a(SEGGER_RTT.c.obj)
                0x00000000000051d4                SEGGER_RTT_WriteSkipNoLock
 .text.SEGGER_RTT_WriteNoLock
                0x000000000000526c       0x68 zephyr/libzephyr.a(SEGGER_RTT.c.obj)
                0x000000000000526c                SEGGER_RTT_WriteNoLock
 .text.SEGGER_RTT_HasDataUp
                0x00000000000052d4       0x14 zephyr/libzephyr.a(SEGGER_RTT.c.obj)
                0x00000000000052d4                SEGGER_RTT_HasDataUp
 .text.uECC_get_rng
                0x00000000000052e8        0xc zephyr/libzephyr.a(ecc.c.obj)
                0x00000000000052e8                uECC_get_rng
 .text.vli_mmod_fast_secp256r1
                0x00000000000052f4      0x1a0 zephyr/libzephyr.a(ecc.c.obj)
                0x00000000000052f4                vli_mmod_fast_secp256r1
 .text.tc_aes128_set_encrypt_key
                0x0000000000005494       0xa4 zephyr/libzephyr.a(aes_encrypt.c.obj)
                0x0000000000005494                tc_aes128_set_encrypt_key
 .text.tc_aes_encrypt
                0x0000000000005538       0xd4 zephyr/libzephyr.a(aes_encrypt.c.obj)
                0x0000000000005538                tc_aes_encrypt
 .text.arch_swap
                0x000000000000560c       0x34 zephyr/arch/arch/arm/core/aarch32/libarch__arm__core__aarch32.a(swap.c.obj)
                0x000000000000560c                arch_swap
 .text.z_arm_pendsv
                0x0000000000005640       0x48 zephyr/arch/arch/arm/core/aarch32/libarch__arm__core__aarch32.a(swap_helper.S.obj)
                0x0000000000005640                z_arm_pendsv
 .text.z_arm_svc
                0x0000000000005688       0x20 zephyr/arch/arch/arm/core/aarch32/libarch__arm__core__aarch32.a(swap_helper.S.obj)
                0x0000000000005688                z_arm_svc
 .text.arch_irq_enable
                0x00000000000056a8       0x20 zephyr/arch/arch/arm/core/aarch32/libarch__arm__core__aarch32.a(irq_manage.c.obj)
                0x00000000000056a8                arch_irq_enable
 .text.arch_irq_disable
                0x00000000000056c8       0x28 zephyr/arch/arch/arm/core/aarch32/libarch__arm__core__aarch32.a(irq_manage.c.obj)
                0x00000000000056c8                arch_irq_disable
 .text.arch_irq_is_enabled
                0x00000000000056f0       0x1c zephyr/arch/arch/arm/core/aarch32/libarch__arm__core__aarch32.a(irq_manage.c.obj)
                0x00000000000056f0                arch_irq_is_enabled
 .text.z_arm_irq_priority_set
                0x000000000000570c       0x30 zephyr/arch/arch/arm/core/aarch32/libarch__arm__core__aarch32.a(irq_manage.c.obj)
                0x000000000000570c                z_arm_irq_priority_set
 .text._arch_isr_direct_pm
                0x000000000000573c       0x1c zephyr/arch/arch/arm/core/aarch32/libarch__arm__core__aarch32.a(irq_manage.c.obj)
                0x000000000000573c                _arch_isr_direct_pm
 .text.arch_new_thread
                0x0000000000005758       0x38 zephyr/arch/arch/arm/core/aarch32/libarch__arm__core__aarch32.a(thread.c.obj)
                0x0000000000005758                arch_new_thread
 .text.arch_switch_to_main_thread
                0x0000000000005790       0x30 zephyr/arch/arch/arm/core/aarch32/libarch__arm__core__aarch32.a(thread.c.obj)
                0x0000000000005790                arch_switch_to_main_thread
 .text.z_arm_cpu_idle_init
                0x00000000000057c0        0xc zephyr/arch/arch/arm/core/aarch32/libarch__arm__core__aarch32.a(cpu_idle.S.obj)
                0x00000000000057c0                z_arm_cpu_idle_init
 .text.arch_cpu_idle
                0x00000000000057cc       0x1c zephyr/arch/arch/arm/core/aarch32/libarch__arm__core__aarch32.a(cpu_idle.S.obj)
                0x00000000000057cc                arch_cpu_idle
 .text.arch_cpu_atomic_idle
                0x00000000000057e8       0x14 zephyr/arch/arch/arm/core/aarch32/libarch__arm__core__aarch32.a(cpu_idle.S.obj)
                0x00000000000057e8                arch_cpu_atomic_idle
 .text.z_arm_fatal_error
                0x00000000000057fc       0x70 zephyr/arch/arch/arm/core/aarch32/libarch__arm__core__aarch32.a(fatal.c.obj)
                0x00000000000057fc                z_arm_fatal_error
 .text.z_SysNmiOnReset
                0x000000000000586c        0x8 zephyr/arch/arch/arm/core/aarch32/libarch__arm__core__aarch32.a(nmi_on_reset.S.obj)
                0x000000000000586c                z_SysNmiOnReset
 .text.z_arm_prep_c
                0x0000000000005874       0x44 zephyr/arch/arch/arm/core/aarch32/libarch__arm__core__aarch32.a(prep_c.c.obj)
                0x0000000000005874                z_arm_prep_c
 .text._isr_wrapper
                0x00000000000058b8       0x40 zephyr/arch/arch/arm/core/aarch32/libarch__arm__core__aarch32.a(isr_wrapper.S.obj)
                0x00000000000058b8                _isr_wrapper
 .text._reset_section
                0x00000000000058f8       0x30 zephyr/arch/arch/arm/core/aarch32/cortex_m/libarch__arm__core__aarch32__cortex_m.a(reset.S.obj)
                0x00000000000058f8                z_arm_reset
                0x00000000000058f8                __start
 .text.__fault  0x0000000000005928       0x14 zephyr/arch/arch/arm/core/aarch32/cortex_m/libarch__arm__core__aarch32__cortex_m.a(fault_s.S.obj)
                0x0000000000005928                z_arm_bus_fault
                0x0000000000005928                z_arm_usage_fault
                0x0000000000005928                z_arm_mpu_fault
                0x0000000000005928                z_arm_exc_spurious
                0x0000000000005928                z_arm_debug_monitor
                0x0000000000005928                z_arm_hard_fault
 .text.usage_fault.isra.0
                0x000000000000593c       0xb8 zephyr/arch/arch/arm/core/aarch32/cortex_m/libarch__arm__core__aarch32__cortex_m.a(fault.c.obj)
 .text.mem_manage_fault.isra.0
                0x00000000000059f4       0xd0 zephyr/arch/arch/arm/core/aarch32/cortex_m/libarch__arm__core__aarch32__cortex_m.a(fault.c.obj)
 .text.bus_fault.isra.0
                0x0000000000005ac4       0xdc zephyr/arch/arch/arm/core/aarch32/cortex_m/libarch__arm__core__aarch32__cortex_m.a(fault.c.obj)
 .text.z_arm_fault
                0x0000000000005ba0      0x1a8 zephyr/arch/arch/arm/core/aarch32/cortex_m/libarch__arm__core__aarch32__cortex_m.a(fault.c.obj)
                0x0000000000005ba0                z_arm_fault
 .text.z_arm_fault_init
                0x0000000000005d48       0x10 zephyr/arch/arch/arm/core/aarch32/cortex_m/libarch__arm__core__aarch32__cortex_m.a(fault.c.obj)
                0x0000000000005d48                z_arm_fault_init
 .text._HandlerModeExit
                0x0000000000005d58       0x1c zephyr/arch/arch/arm/core/aarch32/cortex_m/libarch__arm__core__aarch32__cortex_m.a(exc_exit.S.obj)
                0x0000000000005d58                z_arm_exc_exit
                0x0000000000005d58                z_arm_int_exit
 .text.z_arm_interrupt_init
                0x0000000000005d74       0x18 zephyr/arch/arch/arm/core/aarch32/cortex_m/libarch__arm__core__aarch32__cortex_m.a(irq_init.c.obj)
                0x0000000000005d74                z_arm_interrupt_init
 .text.z_impl_k_thread_abort
                0x0000000000005d8c       0x24 zephyr/arch/arch/arm/core/aarch32/cortex_m/libarch__arm__core__aarch32__cortex_m.a(thread_abort.c.obj)
                0x0000000000005d8c                z_impl_k_thread_abort
 .text.z_arm_configure_static_mpu_regions
                0x0000000000005db0       0x18 zephyr/arch/arch/arm/core/aarch32/cortex_m/mpu/libarch__arm__core__aarch32__cortex_m__mpu.a(arm_core_mpu.c.obj)
                0x0000000000005db0                z_arm_configure_static_mpu_regions
 .text.mpu_configure_regions
                0x0000000000005dc8       0xb8 zephyr/arch/arch/arm/core/aarch32/cortex_m/mpu/libarch__arm__core__aarch32__cortex_m__mpu.a(arm_mpu.c.obj)
 .text.arm_core_mpu_enable
                0x0000000000005e80       0x14 zephyr/arch/arch/arm/core/aarch32/cortex_m/mpu/libarch__arm__core__aarch32__cortex_m__mpu.a(arm_mpu.c.obj)
                0x0000000000005e80                arm_core_mpu_enable
 .text.arm_core_mpu_disable
                0x0000000000005e94       0x10 zephyr/arch/arch/arm/core/aarch32/cortex_m/mpu/libarch__arm__core__aarch32__cortex_m__mpu.a(arm_mpu.c.obj)
                0x0000000000005e94                arm_core_mpu_disable
 .text.arm_mpu_init
                0x0000000000005ea4       0x5c zephyr/arch/arch/arm/core/aarch32/cortex_m/mpu/libarch__arm__core__aarch32__cortex_m__mpu.a(arm_mpu.c.obj)
 .text.arm_core_mpu_configure_static_mpu_regions
                0x0000000000005f00       0x14 zephyr/arch/arch/arm/core/aarch32/cortex_m/mpu/libarch__arm__core__aarch32__cortex_m__mpu.a(arm_mpu.c.obj)
                0x0000000000005f00                arm_core_mpu_configure_static_mpu_regions
 .text.__stdout_hook_install
                0x0000000000005f14        0xc zephyr/lib/libc/newlib/liblib__libc__newlib.a(libc-hooks.c.obj)
                0x0000000000005f14                __stdout_hook_install
 .text.nordicsemi_nrf52_init
                0x0000000000005f20       0x30 zephyr/soc/arm/nordic_nrf/nrf52/libsoc__arm__nordic_nrf__nrf52.a(soc.c.obj)
 .text.arch_busy_wait
                0x0000000000005f50       0x14 zephyr/soc/arm/nordic_nrf/nrf52/libsoc__arm__nordic_nrf__nrf52.a(soc.c.obj)
                0x0000000000005f50                arch_busy_wait
 .text.bt_hex_real
                0x0000000000005f64       0x44 zephyr/subsys/bluetooth/common/libsubsys__bluetooth__common.a(log.c.obj)
                0x0000000000005f64                bt_hex_real
 .text.bt_addr_le_str_real
                0x0000000000005fa8       0x7c zephyr/subsys/bluetooth/common/libsubsys__bluetooth__common.a(log.c.obj)
                0x0000000000005fa8                bt_addr_le_str_real
 .text.ecc_thread
                0x0000000000006024      0x1dc zephyr/subsys/bluetooth/host/libsubsys__bluetooth__host.a(hci_ecc.c.obj)
 .text.le_gen_dhkey
                0x0000000000006200       0x98 zephyr/subsys/bluetooth/host/libsubsys__bluetooth__host.a(hci_ecc.c.obj)
 .text.bt_hci_ecc_send
                0x0000000000006298       0xdc zephyr/subsys/bluetooth/host/libsubsys__bluetooth__host.a(hci_ecc.c.obj)
                0x0000000000006298                bt_hci_ecc_send
 .text.bt_hci_ecc_init
                0x0000000000006374       0x48 zephyr/subsys/bluetooth/host/libsubsys__bluetooth__host.a(hci_ecc.c.obj)
                0x0000000000006374                bt_hci_ecc_init
 .text.uuid_to_uuid128
                0x00000000000063bc       0x88 zephyr/subsys/bluetooth/host/libsubsys__bluetooth__host.a(uuid.c.obj)
 .text.bt_buf_get_rx
                0x0000000000006444       0x20 zephyr/subsys/bluetooth/host/libsubsys__bluetooth__host.a(buf.c.obj)
                0x0000000000006444                bt_buf_get_rx
 .text.bt_buf_get_cmd_complete
                0x0000000000006464       0x4c zephyr/subsys/bluetooth/host/libsubsys__bluetooth__host.a(buf.c.obj)
                0x0000000000006464                bt_buf_get_cmd_complete
 .text.bt_buf_get_evt
                0x00000000000064b0       0x54 zephyr/subsys/bluetooth/host/libsubsys__bluetooth__host.a(buf.c.obj)
                0x00000000000064b0                bt_buf_get_evt
 .text.ver_str  0x0000000000006504       0x38 zephyr/subsys/bluetooth/host/libsubsys__bluetooth__host.a(hci_core.c.obj)
 .text.hci_data_buf_overflow
                0x000000000000653c       0x24 zephyr/subsys/bluetooth/host/libsubsys__bluetooth__host.a(hci_core.c.obj)
 .text.le_data_len_change
                0x0000000000006560       0x3c zephyr/subsys/bluetooth/host/libsubsys__bluetooth__host.a(hci_core.c.obj)
 .text.hci_disconn_complete_prio
                0x000000000000659c       0x50 zephyr/subsys/bluetooth/host/libsubsys__bluetooth__host.a(hci_core.c.obj)
 .text.hci_disconn_complete
                0x00000000000065ec       0x54 zephyr/subsys/bluetooth/host/libsubsys__bluetooth__host.a(hci_core.c.obj)
 .text.hci_hardware_error
                0x0000000000006640       0x30 zephyr/subsys/bluetooth/host/libsubsys__bluetooth__host.a(hci_core.c.obj)
 .text.hci_vendor_event
                0x0000000000006670       0x38 zephyr/subsys/bluetooth/host/libsubsys__bluetooth__host.a(hci_core.c.obj)
 .text.hci_encrypt_key_refresh_complete
                0x00000000000066a8       0xa4 zephyr/subsys/bluetooth/host/libsubsys__bluetooth__host.a(hci_core.c.obj)
 .text.hci_encrypt_change
                0x000000000000674c       0xa8 zephyr/subsys/bluetooth/host/libsubsys__bluetooth__host.a(hci_core.c.obj)
 .text.hci_cmd_done
                0x00000000000067f4      0x130 zephyr/subsys/bluetooth/host/libsubsys__bluetooth__host.a(hci_core.c.obj)
 .text.handle_event
                0x0000000000006924       0x84 zephyr/subsys/bluetooth/host/libsubsys__bluetooth__host.a(hci_core.c.obj)
 .text.hci_le_meta_event
                0x00000000000069a8       0x20 zephyr/subsys/bluetooth/host/libsubsys__bluetooth__host.a(hci_core.c.obj)
 .text.find_pending_connect.part.0
                0x00000000000069c8       0x3c zephyr/subsys/bluetooth/host/libsubsys__bluetooth__host.a(hci_core.c.obj)
 .text.hci_num_completed_packets
                0x0000000000006a04      0x104 zephyr/subsys/bluetooth/host/libsubsys__bluetooth__host.a(hci_core.c.obj)
 .text.hci_tx_thread
                0x0000000000006b08      0x188 zephyr/subsys/bluetooth/host/libsubsys__bluetooth__host.a(hci_core.c.obj)
 .text.le_conn_update_complete
                0x0000000000006c90       0xa8 zephyr/subsys/bluetooth/host/libsubsys__bluetooth__host.a(hci_core.c.obj)
 .text.hci_cmd_status
                0x0000000000006d38       0x2c zephyr/subsys/bluetooth/host/libsubsys__bluetooth__host.a(hci_core.c.obj)
 .text.hci_cmd_complete
                0x0000000000006d64       0x30 zephyr/subsys/bluetooth/host/libsubsys__bluetooth__host.a(hci_core.c.obj)
 .text.bt_hci_cmd_state_set_init
                0x0000000000006d94       0x24 zephyr/subsys/bluetooth/host/libsubsys__bluetooth__host.a(hci_core.c.obj)
                0x0000000000006d94                bt_hci_cmd_state_set_init
 .text.bt_hci_cmd_create
                0x0000000000006db8       0x70 zephyr/subsys/bluetooth/host/libsubsys__bluetooth__host.a(hci_core.c.obj)
                0x0000000000006db8                bt_hci_cmd_create
 .text.bt_hci_cmd_send
                0x0000000000006e28       0x64 zephyr/subsys/bluetooth/host/libsubsys__bluetooth__host.a(hci_core.c.obj)
                0x0000000000006e28                bt_hci_cmd_send
 .text.le_ltk_request
                0x0000000000006e8c       0xd0 zephyr/subsys/bluetooth/host/libsubsys__bluetooth__host.a(hci_core.c.obj)
 .text.le_conn_param_neg_reply
                0x0000000000006f5c       0x54 zephyr/subsys/bluetooth/host/libsubsys__bluetooth__host.a(hci_core.c.obj)
 .text.le_conn_param_req
                0x0000000000006fb0       0xd0 zephyr/subsys/bluetooth/host/libsubsys__bluetooth__host.a(hci_core.c.obj)
 .text.bt_hci_cmd_send_sync
                0x0000000000007080       0xf0 zephyr/subsys/bluetooth/host/libsubsys__bluetooth__host.a(hci_core.c.obj)
                0x0000000000007080                bt_hci_cmd_send_sync
 .text.hci_le_read_max_data_len
                0x0000000000007170       0x54 zephyr/subsys/bluetooth/host/libsubsys__bluetooth__host.a(hci_core.c.obj)
 .text.conn_auto_initiate
                0x00000000000071c4      0x10c zephyr/subsys/bluetooth/host/libsubsys__bluetooth__host.a(hci_core.c.obj)
 .text.le_phy_update_complete
                0x00000000000072d0       0x7c zephyr/subsys/bluetooth/host/libsubsys__bluetooth__host.a(hci_core.c.obj)
 .text.le_remote_feat_complete
                0x000000000000734c       0x74 zephyr/subsys/bluetooth/host/libsubsys__bluetooth__host.a(hci_core.c.obj)
 .text.enh_conn_complete
                0x00000000000073c0      0x1d4 zephyr/subsys/bluetooth/host/libsubsys__bluetooth__host.a(hci_core.c.obj)
 .text.bt_security_err_get
                0x0000000000007594       0x10 zephyr/subsys/bluetooth/host/libsubsys__bluetooth__host.a(hci_core.c.obj)
                0x0000000000007594                bt_security_err_get
 .text.hci_event_prio
                0x00000000000075a4       0xa4 zephyr/subsys/bluetooth/host/libsubsys__bluetooth__host.a(hci_core.c.obj)
                0x00000000000075a4                hci_event_prio
 .text.bt_recv  0x0000000000007648      0x148 zephyr/subsys/bluetooth/host/libsubsys__bluetooth__host.a(hci_core.c.obj)
                0x0000000000007648                bt_recv
 .text.bt_recv_prio
                0x0000000000007790       0x3c zephyr/subsys/bluetooth/host/libsubsys__bluetooth__host.a(hci_core.c.obj)
                0x0000000000007790                bt_recv_prio
 .text.bt_hci_driver_register
                0x00000000000077cc       0x28 zephyr/subsys/bluetooth/host/libsubsys__bluetooth__host.a(hci_core.c.obj)
                0x00000000000077cc                bt_hci_driver_register
 .text.bt_finalize_init
                0x00000000000077f4       0xec zephyr/subsys/bluetooth/host/libsubsys__bluetooth__host.a(hci_core.c.obj)
                0x00000000000077f4                bt_finalize_init
 .text.init_work
                0x00000000000078e0       0x2c zephyr/subsys/bluetooth/host/libsubsys__bluetooth__host.a(hci_core.c.obj)
 .text.bt_enable
                0x000000000000790c      0x100 zephyr/subsys/bluetooth/host/libsubsys__bluetooth__host.a(hci_core.c.obj)
                0x000000000000790c                bt_enable
 .text.bt_get_name
                0x0000000000007a0c        0x8 zephyr/subsys/bluetooth/host/libsubsys__bluetooth__host.a(hci_core.c.obj)
                0x0000000000007a0c                bt_get_name
 .text.id_find  0x0000000000007a14       0x34 zephyr/subsys/bluetooth/host/libsubsys__bluetooth__host.a(id.c.obj)
 .text.set_random_address
                0x0000000000007a48       0x5c zephyr/subsys/bluetooth/host/libsubsys__bluetooth__host.a(id.c.obj)
 .text.id_create.isra.0
                0x0000000000007aa4       0x58 zephyr/subsys/bluetooth/host/libsubsys__bluetooth__host.a(id.c.obj)
 .text.bt_id_pending_keys_update
                0x0000000000007afc       0x34 zephyr/subsys/bluetooth/host/libsubsys__bluetooth__host.a(id.c.obj)
                0x0000000000007afc                bt_id_pending_keys_update
 .text.bt_id_add
                0x0000000000007b30      0x1a8 zephyr/subsys/bluetooth/host/libsubsys__bluetooth__host.a(id.c.obj)
                0x0000000000007b30                bt_id_add
 .text.bt_id_del
                0x0000000000007cd8      0x144 zephyr/subsys/bluetooth/host/libsubsys__bluetooth__host.a(id.c.obj)
                0x0000000000007cd8                bt_id_del
 .text.bt_id_create
                0x0000000000007e1c       0xb4 zephyr/subsys/bluetooth/host/libsubsys__bluetooth__host.a(id.c.obj)
                0x0000000000007e1c                bt_id_create
 .text.bt_id_read_public_addr
                0x0000000000007ed0       0x88 zephyr/subsys/bluetooth/host/libsubsys__bluetooth__host.a(id.c.obj)
                0x0000000000007ed0                bt_id_read_public_addr
 .text.bt_setup_public_id_addr
                0x0000000000007f58       0x20 zephyr/subsys/bluetooth/host/libsubsys__bluetooth__host.a(id.c.obj)
                0x0000000000007f58                bt_setup_public_id_addr
 .text.bt_read_static_addr
                0x0000000000007f78       0xb8 zephyr/subsys/bluetooth/host/libsubsys__bluetooth__host.a(id.c.obj)
                0x0000000000007f78                bt_read_static_addr
 .text.bt_setup_random_id_addr
                0x0000000000008030       0x54 zephyr/subsys/bluetooth/host/libsubsys__bluetooth__host.a(id.c.obj)
                0x0000000000008030                bt_setup_random_id_addr
 .text.bt_id_set_adv_own_addr
                0x0000000000008084       0xa0 zephyr/subsys/bluetooth/host/libsubsys__bluetooth__host.a(id.c.obj)
                0x0000000000008084                bt_id_set_adv_own_addr
 .text.bt_id_init
                0x0000000000008124       0x68 zephyr/subsys/bluetooth/host/libsubsys__bluetooth__host.a(id.c.obj)
                0x0000000000008124                bt_id_init
 .text.valid_adv_param
                0x000000000000818c       0x88 zephyr/subsys/bluetooth/host/libsubsys__bluetooth__host.a(adv.c.obj)
 .text.hci_set_ad
                0x0000000000008214       0xe4 zephyr/subsys/bluetooth/host/libsubsys__bluetooth__host.a(adv.c.obj)
 .text.le_adv_start_add_conn
                0x00000000000082f8       0xac zephyr/subsys/bluetooth/host/libsubsys__bluetooth__host.a(adv.c.obj)
 .text.bt_le_ext_adv_foreach
                0x00000000000083a4        0xc zephyr/subsys/bluetooth/host/libsubsys__bluetooth__host.a(adv.c.obj)
                0x00000000000083a4                bt_le_ext_adv_foreach
 .text.bt_le_adv_lookup_legacy
                0x00000000000083b0        0x8 zephyr/subsys/bluetooth/host/libsubsys__bluetooth__host.a(adv.c.obj)
                0x00000000000083b0                bt_le_adv_lookup_legacy
 .text.bt_le_adv_start_legacy
                0x00000000000083b8      0x240 zephyr/subsys/bluetooth/host/libsubsys__bluetooth__host.a(adv.c.obj)
                0x00000000000083b8                bt_le_adv_start_legacy
 .text.bt_le_adv_start
                0x00000000000085f8       0x1c zephyr/subsys/bluetooth/host/libsubsys__bluetooth__host.a(adv.c.obj)
                0x00000000000085f8                bt_le_adv_start
 .text.bt_le_adv_resume
                0x0000000000008614       0x80 zephyr/subsys/bluetooth/host/libsubsys__bluetooth__host.a(adv.c.obj)
                0x0000000000008614                bt_le_adv_resume
 .text.bt_pub_key_is_debug
                0x0000000000008694       0x18 zephyr/subsys/bluetooth/host/libsubsys__bluetooth__host.a(ecc.c.obj)
                0x0000000000008694                bt_pub_key_is_debug
 .text.bt_pub_key_gen
                0x00000000000086ac      0x134 zephyr/subsys/bluetooth/host/libsubsys__bluetooth__host.a(ecc.c.obj)
                0x00000000000086ac                bt_pub_key_gen
 .text.bt_pub_key_get
                0x00000000000087e0       0x20 zephyr/subsys/bluetooth/host/libsubsys__bluetooth__host.a(ecc.c.obj)
                0x00000000000087e0                bt_pub_key_get
 .text.bt_dh_key_gen
                0x0000000000008800       0xb4 zephyr/subsys/bluetooth/host/libsubsys__bluetooth__host.a(ecc.c.obj)
                0x0000000000008800                bt_dh_key_gen
 .text.bt_hci_evt_le_pkey_complete
                0x00000000000088b4       0x90 zephyr/subsys/bluetooth/host/libsubsys__bluetooth__host.a(ecc.c.obj)
                0x00000000000088b4                bt_hci_evt_le_pkey_complete
 .text.bt_hci_evt_le_dhkey_complete
                0x0000000000008944       0x1c zephyr/subsys/bluetooth/host/libsubsys__bluetooth__host.a(ecc.c.obj)
                0x0000000000008944                bt_hci_evt_le_dhkey_complete
 .text.tx_free  0x0000000000008960       0x14 zephyr/subsys/bluetooth/host/libsubsys__bluetooth__host.a(conn.c.obj)
 .text.notify_connected
                0x0000000000008974       0x2c zephyr/subsys/bluetooth/host/libsubsys__bluetooth__host.a(conn.c.obj)
 .text.send_frag
                0x00000000000089a0      0x138 zephyr/subsys/bluetooth/host/libsubsys__bluetooth__host.a(conn.c.obj)
 .text.bt_conn_get_pkts
                0x0000000000008ad8        0x8 zephyr/subsys/bluetooth/host/libsubsys__bluetooth__host.a(conn.c.obj)
                0x0000000000008ad8                bt_conn_get_pkts
 .text.notify_le_param_updated
                0x0000000000008ae0       0x70 zephyr/subsys/bluetooth/host/libsubsys__bluetooth__host.a(conn.c.obj)
                0x0000000000008ae0                notify_le_param_updated
 .text.le_param_req
                0x0000000000008b50       0x40 zephyr/subsys/bluetooth/host/libsubsys__bluetooth__host.a(conn.c.obj)
                0x0000000000008b50                le_param_req
 .text.bt_conn_identity_resolved
                0x0000000000008b90       0x34 zephyr/subsys/bluetooth/host/libsubsys__bluetooth__host.a(conn.c.obj)
                0x0000000000008b90                bt_conn_identity_resolved
 .text.bt_conn_security_changed
                0x0000000000008bc4       0x2c zephyr/subsys/bluetooth/host/libsubsys__bluetooth__host.a(conn.c.obj)
                0x0000000000008bc4                bt_conn_security_changed
 .text.bt_conn_cb_register
                0x0000000000008bf0       0x10 zephyr/subsys/bluetooth/host/libsubsys__bluetooth__host.a(conn.c.obj)
                0x0000000000008bf0                bt_conn_cb_register
 .text.conn_cleanup
                0x0000000000008c00       0x44 zephyr/subsys/bluetooth/host/libsubsys__bluetooth__host.a(conn.c.obj)
 .text.bt_conn_recv
                0x0000000000008c44      0x114 zephyr/subsys/bluetooth/host/libsubsys__bluetooth__host.a(conn.c.obj)
                0x0000000000008c44                bt_conn_recv
 .text.bt_conn_send_cb
                0x0000000000008d58       0xd8 zephyr/subsys/bluetooth/host/libsubsys__bluetooth__host.a(conn.c.obj)
                0x0000000000008d58                bt_conn_send_cb
 .text.bt_conn_prepare_events
                0x0000000000008e30       0x7c zephyr/subsys/bluetooth/host/libsubsys__bluetooth__host.a(conn.c.obj)
                0x0000000000008e30                bt_conn_prepare_events
 .text.bt_conn_add_le
                0x0000000000008eac       0x5c zephyr/subsys/bluetooth/host/libsubsys__bluetooth__host.a(conn.c.obj)
                0x0000000000008eac                bt_conn_add_le
 .text.bt_conn_lookup_handle
                0x0000000000008f08       0x18 zephyr/subsys/bluetooth/host/libsubsys__bluetooth__host.a(conn.c.obj)
                0x0000000000008f08                bt_conn_lookup_handle
 .text.bt_conn_set_state
                0x0000000000008f20      0x1e4 zephyr/subsys/bluetooth/host/libsubsys__bluetooth__host.a(conn.c.obj)
                0x0000000000008f20                bt_conn_set_state
 .text.bt_conn_lookup_addr_le
                0x0000000000009104       0x3c zephyr/subsys/bluetooth/host/libsubsys__bluetooth__host.a(conn.c.obj)
                0x0000000000009104                bt_conn_lookup_addr_le
 .text.bt_conn_exists_le
                0x0000000000009140       0x4c zephyr/subsys/bluetooth/host/libsubsys__bluetooth__host.a(conn.c.obj)
                0x0000000000009140                bt_conn_exists_le
 .text.bt_conn_lookup_state_le
                0x000000000000918c       0x48 zephyr/subsys/bluetooth/host/libsubsys__bluetooth__host.a(conn.c.obj)
                0x000000000000918c                bt_conn_lookup_state_le
 .text.send_conn_le_param_update
                0x00000000000091d4       0x60 zephyr/subsys/bluetooth/host/libsubsys__bluetooth__host.a(conn.c.obj)
 .text.deferred_work
                0x0000000000009234       0x9c zephyr/subsys/bluetooth/host/libsubsys__bluetooth__host.a(conn.c.obj)
 .text.bt_conn_create_pdu_timeout
                0x00000000000092d0       0x48 zephyr/subsys/bluetooth/host/libsubsys__bluetooth__host.a(conn.c.obj)
                0x00000000000092d0                bt_conn_create_pdu_timeout
 .text.bt_conn_create_frag_timeout
                0x0000000000009318        0xc zephyr/subsys/bluetooth/host/libsubsys__bluetooth__host.a(conn.c.obj)
                0x0000000000009318                bt_conn_create_frag_timeout
 .text.create_frag.isra.0
                0x0000000000009324       0x6c zephyr/subsys/bluetooth/host/libsubsys__bluetooth__host.a(conn.c.obj)
 .text.bt_conn_process_tx
                0x0000000000009390       0xd0 zephyr/subsys/bluetooth/host/libsubsys__bluetooth__host.a(conn.c.obj)
                0x0000000000009390                bt_conn_process_tx
 .text.bt_conn_auth_cb_register
                0x0000000000009460       0x38 zephyr/subsys/bluetooth/host/libsubsys__bluetooth__host.a(conn.c.obj)
                0x0000000000009460                bt_conn_auth_cb_register
 .text.bt_conn_index
                0x0000000000009498       0x18 zephyr/subsys/bluetooth/host/libsubsys__bluetooth__host.a(conn.c.obj)
                0x0000000000009498                bt_conn_index
 .text.bt_conn_init
                0x00000000000094b0       0x40 zephyr/subsys/bluetooth/host/libsubsys__bluetooth__host.a(conn.c.obj)
                0x00000000000094b0                bt_conn_init
 .text.l2cap_accept
                0x00000000000094f0       0x44 zephyr/subsys/bluetooth/host/libsubsys__bluetooth__host.a(l2cap.c.obj)
 .text.l2cap_create_le_sig_pdu.isra.0
                0x0000000000009534       0x50 zephyr/subsys/bluetooth/host/libsubsys__bluetooth__host.a(l2cap.c.obj)
 .text.l2cap_rtx_timeout
                0x0000000000009584       0x3c zephyr/subsys/bluetooth/host/libsubsys__bluetooth__host.a(l2cap.c.obj)
 .text.bt_l2cap_connected
                0x00000000000095c0       0xb8 zephyr/subsys/bluetooth/host/libsubsys__bluetooth__host.a(l2cap.c.obj)
                0x00000000000095c0                bt_l2cap_connected
 .text.l2cap_recv
                0x0000000000009678       0xe4 zephyr/subsys/bluetooth/host/libsubsys__bluetooth__host.a(l2cap.c.obj)
 .text.bt_l2cap_recv
                0x000000000000975c       0x70 zephyr/subsys/bluetooth/host/libsubsys__bluetooth__host.a(l2cap.c.obj)
                0x000000000000975c                bt_l2cap_recv
 .text.bt_l2cap_update_conn_param
                0x00000000000097cc       0x5c zephyr/subsys/bluetooth/host/libsubsys__bluetooth__host.a(l2cap.c.obj)
                0x00000000000097cc                bt_l2cap_update_conn_param
 .text.att_cfm_sent
                0x0000000000009828       0x10 zephyr/subsys/bluetooth/host/libsubsys__bluetooth__host.a(att.c.obj)
 .text.att_rsp_sent
                0x0000000000009838       0x10 zephyr/subsys/bluetooth/host/libsubsys__bluetooth__host.a(att.c.obj)
 .text.att_req_sent
                0x0000000000009848       0x10 zephyr/subsys/bluetooth/host/libsubsys__bluetooth__host.a(att.c.obj)
 .text.bt_att_released
                0x0000000000009858       0x18 zephyr/subsys/bluetooth/host/libsubsys__bluetooth__host.a(att.c.obj)
 .text.read_group_cb
                0x0000000000009870       0xac zephyr/subsys/bluetooth/host/libsubsys__bluetooth__host.a(att.c.obj)
 .text.read_type_cb
                0x000000000000991c       0xa8 zephyr/subsys/bluetooth/host/libsubsys__bluetooth__host.a(att.c.obj)
 .text.find_type_cb
                0x00000000000099c4      0x164 zephyr/subsys/bluetooth/host/libsubsys__bluetooth__host.a(att.c.obj)
 .text.chan_send
                0x0000000000009b28       0xe8 zephyr/subsys/bluetooth/host/libsubsys__bluetooth__host.a(att.c.obj)
 .text.att_get  0x0000000000009c10       0x80 zephyr/subsys/bluetooth/host/libsubsys__bluetooth__host.a(att.c.obj)
 .text.bt_att_chan_send_rsp.constprop.0
                0x0000000000009c90       0x24 zephyr/subsys/bluetooth/host/libsubsys__bluetooth__host.a(att.c.obj)
 .text.chan_req_sent
                0x0000000000009cb4       0x1c zephyr/subsys/bluetooth/host/libsubsys__bluetooth__host.a(att.c.obj)
 .text.bt_att_accept
                0x0000000000009cd0       0xc8 zephyr/subsys/bluetooth/host/libsubsys__bluetooth__host.a(att.c.obj)
 .text.bt_att_connected
                0x0000000000009d98       0x5c zephyr/subsys/bluetooth/host/libsubsys__bluetooth__host.a(att.c.obj)
 .text.att_write_cmd
                0x0000000000009df4       0x70 zephyr/subsys/bluetooth/host/libsubsys__bluetooth__host.a(att.c.obj)
 .text.bt_att_chan_create_pdu
                0x0000000000009e64       0x88 zephyr/subsys/bluetooth/host/libsubsys__bluetooth__host.a(att.c.obj)
                0x0000000000009e64                bt_att_chan_create_pdu
 .text.bt_att_recv
                0x0000000000009eec      0x160 zephyr/subsys/bluetooth/host/libsubsys__bluetooth__host.a(att.c.obj)
 .text.att_write_req
                0x000000000000a04c       0xb4 zephyr/subsys/bluetooth/host/libsubsys__bluetooth__host.a(att.c.obj)
 .text.bt_att_create_pdu
                0x000000000000a100       0x70 zephyr/subsys/bluetooth/host/libsubsys__bluetooth__host.a(att.c.obj)
                0x000000000000a100                bt_att_create_pdu
 .text.att_read_group_req
                0x000000000000a170      0x104 zephyr/subsys/bluetooth/host/libsubsys__bluetooth__host.a(att.c.obj)
 .text.att_read_mult_req
                0x000000000000a274       0x84 zephyr/subsys/bluetooth/host/libsubsys__bluetooth__host.a(att.c.obj)
 .text.att_read_rsp
                0x000000000000a2f8       0x90 zephyr/subsys/bluetooth/host/libsubsys__bluetooth__host.a(att.c.obj)
 .text.att_read_type_req
                0x000000000000a388       0xc0 zephyr/subsys/bluetooth/host/libsubsys__bluetooth__host.a(att.c.obj)
 .text.att_find_type_req
                0x000000000000a448       0xd4 zephyr/subsys/bluetooth/host/libsubsys__bluetooth__host.a(att.c.obj)
 .text.att_find_info_req
                0x000000000000a51c       0x70 zephyr/subsys/bluetooth/host/libsubsys__bluetooth__host.a(att.c.obj)
 .text.bt_att_req_alloc
                0x000000000000a58c       0x2c zephyr/subsys/bluetooth/host/libsubsys__bluetooth__host.a(att.c.obj)
                0x000000000000a58c                bt_att_req_alloc
 .text.bt_att_req_free
                0x000000000000a5b8       0x24 zephyr/subsys/bluetooth/host/libsubsys__bluetooth__host.a(att.c.obj)
                0x000000000000a5b8                bt_att_req_free
 .text.att_handle_rsp
                0x000000000000a5dc       0x98 zephyr/subsys/bluetooth/host/libsubsys__bluetooth__host.a(att.c.obj)
 .text.bt_att_disconnected
                0x000000000000a674       0xb4 zephyr/subsys/bluetooth/host/libsubsys__bluetooth__host.a(att.c.obj)
 .text.att_timeout
                0x000000000000a728       0x30 zephyr/subsys/bluetooth/host/libsubsys__bluetooth__host.a(att.c.obj)
 .text.gatt_indicate
                0x000000000000a758       0xac zephyr/subsys/bluetooth/host/libsubsys__bluetooth__host.a(gatt.c.obj)
 .text.read_ppcp
                0x000000000000a804       0x28 zephyr/subsys/bluetooth/host/libsubsys__bluetooth__host.a(gatt.c.obj)
 .text.find_sc_cfg
                0x000000000000a82c       0x44 zephyr/subsys/bluetooth/host/libsubsys__bluetooth__host.a(gatt.c.obj)
 .text.sc_save  0x000000000000a870       0x70 zephyr/subsys/bluetooth/host/libsubsys__bluetooth__host.a(gatt.c.obj)
 .text.find_cf_cfg
                0x000000000000a8e0       0x60 zephyr/subsys/bluetooth/host/libsubsys__bluetooth__host.a(gatt.c.obj)
 .text.cf_write
                0x000000000000a940       0xac zephyr/subsys/bluetooth/host/libsubsys__bluetooth__host.a(gatt.c.obj)
 .text.sc_indicate_rsp
                0x000000000000a9ec       0x60 zephyr/subsys/bluetooth/host/libsubsys__bluetooth__host.a(gatt.c.obj)
 .text.bt_gatt_attr_write_ccc
                0x000000000000aa4c       0xd4 zephyr/subsys/bluetooth/host/libsubsys__bluetooth__host.a(gatt.c.obj)
                0x000000000000aa4c                bt_gatt_attr_write_ccc
 .text.gatt_notify
                0x000000000000ab20       0x74 zephyr/subsys/bluetooth/host/libsubsys__bluetooth__host.a(gatt.c.obj)
 .text.notify_cb
                0x000000000000ab94       0xf4 zephyr/subsys/bluetooth/host/libsubsys__bluetooth__host.a(gatt.c.obj)
 .text.disconnected_cb
                0x000000000000ac88       0xb8 zephyr/subsys/bluetooth/host/libsubsys__bluetooth__host.a(gatt.c.obj)
 .text.bt_gatt_init
                0x000000000000ad40       0xa8 zephyr/subsys/bluetooth/host/libsubsys__bluetooth__host.a(gatt.c.obj)
                0x000000000000ad40                bt_gatt_init
 .text.bt_gatt_attr_get_handle
                0x000000000000ade8       0x60 zephyr/subsys/bluetooth/host/libsubsys__bluetooth__host.a(gatt.c.obj)
                0x000000000000ade8                bt_gatt_attr_get_handle
 .text.bt_gatt_foreach_attr_type
                0x000000000000ae48       0xb4 zephyr/subsys/bluetooth/host/libsubsys__bluetooth__host.a(gatt.c.obj)
                0x000000000000ae48                bt_gatt_foreach_attr_type
 .text.db_hash_gen.isra.0
                0x000000000000aefc       0x90 zephyr/subsys/bluetooth/host/libsubsys__bluetooth__host.a(gatt.c.obj)
 .text.bt_gatt_notify_cb
                0x000000000000af8c       0xec zephyr/subsys/bluetooth/host/libsubsys__bluetooth__host.a(gatt.c.obj)
                0x000000000000af8c                bt_gatt_notify_cb
 .text.bt_gatt_indicate
                0x000000000000b078       0xf4 zephyr/subsys/bluetooth/host/libsubsys__bluetooth__host.a(gatt.c.obj)
                0x000000000000b078                bt_gatt_indicate
 .text.sc_process
                0x000000000000b16c       0x68 zephyr/subsys/bluetooth/host/libsubsys__bluetooth__host.a(gatt.c.obj)
 .text.update_ccc
                0x000000000000b1d4      0x128 zephyr/subsys/bluetooth/host/libsubsys__bluetooth__host.a(gatt.c.obj)
 .text.bt_gatt_connected
                0x000000000000b2fc       0x34 zephyr/subsys/bluetooth/host/libsubsys__bluetooth__host.a(gatt.c.obj)
                0x000000000000b2fc                bt_gatt_connected
 .text.bt_gatt_encrypt_change
                0x000000000000b330       0x20 zephyr/subsys/bluetooth/host/libsubsys__bluetooth__host.a(gatt.c.obj)
                0x000000000000b330                bt_gatt_encrypt_change
 .text.db_hash_read
                0x000000000000b350       0x48 zephyr/subsys/bluetooth/host/libsubsys__bluetooth__host.a(gatt.c.obj)
 .text.bt_gatt_disconnected
                0x000000000000b398       0x5c zephyr/subsys/bluetooth/host/libsubsys__bluetooth__host.a(gatt.c.obj)
                0x000000000000b398                bt_gatt_disconnected
 .text.get_io_capa
                0x000000000000b3f4       0x4c zephyr/subsys/bluetooth/host/libsubsys__bluetooth__host.a(smp.c.obj)
 .text.smp_dhkey_generate
                0x000000000000b440       0x4c zephyr/subsys/bluetooth/host/libsubsys__bluetooth__host.a(smp.c.obj)
 .text.get_auth.isra.0
                0x000000000000b48c       0x3c zephyr/subsys/bluetooth/host/libsubsys__bluetooth__host.a(smp.c.obj)
 .text.smp_chan_get
                0x000000000000b4c8       0x30 zephyr/subsys/bluetooth/host/libsubsys__bluetooth__host.a(smp.c.obj)
 .text.bt_smp_accept
                0x000000000000b4f8       0x44 zephyr/subsys/bluetooth/host/libsubsys__bluetooth__host.a(smp.c.obj)
 .text.smp_init
                0x000000000000b53c       0x3c zephyr/subsys/bluetooth/host/libsubsys__bluetooth__host.a(smp.c.obj)
 .text.smp_send.isra.0
                0x000000000000b578       0x30 zephyr/subsys/bluetooth/host/libsubsys__bluetooth__host.a(smp.c.obj)
 .text.smp_find
                0x000000000000b5a8       0x1c zephyr/subsys/bluetooth/host/libsubsys__bluetooth__host.a(smp.c.obj)
 .text.compute_and_check_and_send_slave_dhcheck
                0x000000000000b5c4      0x264 zephyr/subsys/bluetooth/host/libsubsys__bluetooth__host.a(smp.c.obj)
 .text.smp_send_pairing_confirm
                0x000000000000b828       0xa4 zephyr/subsys/bluetooth/host/libsubsys__bluetooth__host.a(smp.c.obj)
 .text.smp_public_key_slave
                0x000000000000b8cc      0x16c zephyr/subsys/bluetooth/host/libsubsys__bluetooth__host.a(smp.c.obj)
 .text.smp_public_key
                0x000000000000ba38       0xb4 zephyr/subsys/bluetooth/host/libsubsys__bluetooth__host.a(smp.c.obj)
 .text.smp_pairing_req
                0x000000000000baec      0x390 zephyr/subsys/bluetooth/host/libsubsys__bluetooth__host.a(smp.c.obj)
 .text.smp_ident_info
                0x000000000000be7c       0x7c zephyr/subsys/bluetooth/host/libsubsys__bluetooth__host.a(smp.c.obj)
 .text.smp_encrypt_info
                0x000000000000bef8       0x7c zephyr/subsys/bluetooth/host/libsubsys__bluetooth__host.a(smp.c.obj)
 .text.bt_smp_connected
                0x000000000000bf74       0x1c zephyr/subsys/bluetooth/host/libsubsys__bluetooth__host.a(smp.c.obj)
 .text.smp_pairing_confirm
                0x000000000000bf90       0x98 zephyr/subsys/bluetooth/host/libsubsys__bluetooth__host.a(smp.c.obj)
 .text.smp_pairing_random
                0x000000000000c028      0x28c zephyr/subsys/bluetooth/host/libsubsys__bluetooth__host.a(smp.c.obj)
 .text.bt_smp_start_security
                0x000000000000c2b4      0x17c zephyr/subsys/bluetooth/host/libsubsys__bluetooth__host.a(smp.c.obj)
                0x000000000000c2b4                bt_smp_start_security
 .text.smp_pairing_complete
                0x000000000000c430       0xb8 zephyr/subsys/bluetooth/host/libsubsys__bluetooth__host.a(smp.c.obj)
 .text.bt_smp_recv
                0x000000000000c4e8      0x118 zephyr/subsys/bluetooth/host/libsubsys__bluetooth__host.a(smp.c.obj)
 .text.bt_smp_pkey_ready
                0x000000000000c600       0x68 zephyr/subsys/bluetooth/host/libsubsys__bluetooth__host.a(smp.c.obj)
 .text.smp_ident_addr_info
                0x000000000000c668      0x160 zephyr/subsys/bluetooth/host/libsubsys__bluetooth__host.a(smp.c.obj)
 .text.smp_master_ident
                0x000000000000c7c8       0xa0 zephyr/subsys/bluetooth/host/libsubsys__bluetooth__host.a(smp.c.obj)
 .text.smp_pairing_failed
                0x000000000000c868       0x68 zephyr/subsys/bluetooth/host/libsubsys__bluetooth__host.a(smp.c.obj)
 .text.bt_smp_encrypt_change
                0x000000000000c8d0      0x220 zephyr/subsys/bluetooth/host/libsubsys__bluetooth__host.a(smp.c.obj)
 .text.smp_timeout
                0x000000000000caf0       0x3c zephyr/subsys/bluetooth/host/libsubsys__bluetooth__host.a(smp.c.obj)
 .text.bt_smp_update_keys
                0x000000000000cb2c      0x11c zephyr/subsys/bluetooth/host/libsubsys__bluetooth__host.a(smp.c.obj)
                0x000000000000cb2c                bt_smp_update_keys
 .text.bt_smp_init
                0x000000000000cc48       0x2c zephyr/subsys/bluetooth/host/libsubsys__bluetooth__host.a(smp.c.obj)
                0x000000000000cc48                bt_smp_init
 .text.bt_keys_get_addr
                0x000000000000cc74       0x50 zephyr/subsys/bluetooth/host/libsubsys__bluetooth__host.a(keys.c.obj)
                0x000000000000cc74                bt_keys_get_addr
 .text.bt_keys_foreach
                0x000000000000ccc4       0x1c zephyr/subsys/bluetooth/host/libsubsys__bluetooth__host.a(keys.c.obj)
                0x000000000000ccc4                bt_keys_foreach
 .text.bt_keys_find
                0x000000000000cce0       0x2c zephyr/subsys/bluetooth/host/libsubsys__bluetooth__host.a(keys.c.obj)
                0x000000000000cce0                bt_keys_find
 .text.bt_keys_find_irk
                0x000000000000cd0c       0x74 zephyr/subsys/bluetooth/host/libsubsys__bluetooth__host.a(keys.c.obj)
                0x000000000000cd0c                bt_keys_find_irk
 .text.bt_keys_find_addr
                0x000000000000cd80       0x20 zephyr/subsys/bluetooth/host/libsubsys__bluetooth__host.a(keys.c.obj)
                0x000000000000cd80                bt_keys_find_addr
 .text.mem_init
                0x000000000000cda0       0x40 zephyr/subsys/bluetooth/controller/libsubsys__bluetooth__controller.a(mem.c.obj)
                0x000000000000cda0                mem_init
 .text.mem_acquire
                0x000000000000cde0       0x2c zephyr/subsys/bluetooth/controller/libsubsys__bluetooth__controller.a(mem.c.obj)
                0x000000000000cde0                mem_acquire
 .text.mem_release
                0x000000000000ce0c       0x34 zephyr/subsys/bluetooth/controller/libsubsys__bluetooth__controller.a(mem.c.obj)
                0x000000000000ce0c                mem_release
 .text.mem_get  0x000000000000ce40        0x8 zephyr/subsys/bluetooth/controller/libsubsys__bluetooth__controller.a(mem.c.obj)
                0x000000000000ce40                mem_get
 .text.mem_index_get
                0x000000000000ce48        0xc zephyr/subsys/bluetooth/controller/libsubsys__bluetooth__controller.a(mem.c.obj)
                0x000000000000ce48                mem_index_get
 .text.mem_rcopy
                0x000000000000ce54       0x1c zephyr/subsys/bluetooth/controller/libsubsys__bluetooth__controller.a(mem.c.obj)
                0x000000000000ce54                mem_rcopy
 .text.mem_nz   0x000000000000ce70       0x18 zephyr/subsys/bluetooth/controller/libsubsys__bluetooth__controller.a(mem.c.obj)
                0x000000000000ce70                mem_nz
 .text.memq_init
                0x000000000000ce88        0x8 zephyr/subsys/bluetooth/controller/libsubsys__bluetooth__controller.a(memq.c.obj)
                0x000000000000ce88                memq_init
 .text.memq_deinit
                0x000000000000ce90       0x14 zephyr/subsys/bluetooth/controller/libsubsys__bluetooth__controller.a(memq.c.obj)
                0x000000000000ce90                memq_deinit
 .text.memq_enqueue
                0x000000000000cea4       0x10 zephyr/subsys/bluetooth/controller/libsubsys__bluetooth__controller.a(memq.c.obj)
                0x000000000000cea4                memq_enqueue
 .text.memq_peek
                0x000000000000ceb4       0x10 zephyr/subsys/bluetooth/controller/libsubsys__bluetooth__controller.a(memq.c.obj)
                0x000000000000ceb4                memq_peek
 .text.memq_dequeue
                0x000000000000cec4       0x20 zephyr/subsys/bluetooth/controller/libsubsys__bluetooth__controller.a(memq.c.obj)
                0x000000000000cec4                memq_dequeue
 .text.mayfly_init
                0x000000000000cee4       0x40 zephyr/subsys/bluetooth/controller/libsubsys__bluetooth__controller.a(mayfly.c.obj)
                0x000000000000cee4                mayfly_init
 .text.mayfly_enable
                0x000000000000cf24       0x68 zephyr/subsys/bluetooth/controller/libsubsys__bluetooth__controller.a(mayfly.c.obj)
                0x000000000000cf24                mayfly_enable
 .text.mayfly_enqueue
                0x000000000000cf8c       0xa8 zephyr/subsys/bluetooth/controller/libsubsys__bluetooth__controller.a(mayfly.c.obj)
                0x000000000000cf8c                mayfly_enqueue
 .text.mayfly_run
                0x000000000000d034      0x144 zephyr/subsys/bluetooth/controller/libsubsys__bluetooth__controller.a(mayfly.c.obj)
                0x000000000000d034                mayfly_run
 .text.util_ones_count_get
                0x000000000000d178       0x30 zephyr/subsys/bluetooth/controller/libsubsys__bluetooth__controller.a(util.c.obj)
                0x000000000000d178                util_ones_count_get
 .text.ticker_worker
                0x000000000000d1a8      0x2e4 zephyr/subsys/bluetooth/controller/libsubsys__bluetooth__controller.a(ticker.c.obj)
                0x000000000000d1a8                ticker_worker
 .text.ticker_job
                0x000000000000d48c      0xe88 zephyr/subsys/bluetooth/controller/libsubsys__bluetooth__controller.a(ticker.c.obj)
                0x000000000000d48c                ticker_job
 .text.ticker_init
                0x000000000000e314       0x98 zephyr/subsys/bluetooth/controller/libsubsys__bluetooth__controller.a(ticker.c.obj)
                0x000000000000e314                ticker_init
 .text.ticker_trigger
                0x000000000000e3ac       0x30 zephyr/subsys/bluetooth/controller/libsubsys__bluetooth__controller.a(ticker.c.obj)
                0x000000000000e3ac                ticker_trigger
 .text.ticker_start_ext
                0x000000000000e3dc       0xac zephyr/subsys/bluetooth/controller/libsubsys__bluetooth__controller.a(ticker.c.obj)
                0x000000000000e3dc                ticker_start_ext
 .text.ticker_start
                0x000000000000e488       0x38 zephyr/subsys/bluetooth/controller/libsubsys__bluetooth__controller.a(ticker.c.obj)
                0x000000000000e488                ticker_start
 .text.ticker_update_ext
                0x000000000000e4c0       0xa8 zephyr/subsys/bluetooth/controller/libsubsys__bluetooth__controller.a(ticker.c.obj)
                0x000000000000e4c0                ticker_update_ext
 .text.ticker_update
                0x000000000000e568       0x30 zephyr/subsys/bluetooth/controller/libsubsys__bluetooth__controller.a(ticker.c.obj)
                0x000000000000e568                ticker_update
 .text.ticker_stop
                0x000000000000e598       0x8c zephyr/subsys/bluetooth/controller/libsubsys__bluetooth__controller.a(ticker.c.obj)
                0x000000000000e598                ticker_stop
 .text.ticker_ticks_now_get
                0x000000000000e624        0x4 zephyr/subsys/bluetooth/controller/libsubsys__bluetooth__controller.a(ticker.c.obj)
                0x000000000000e624                ticker_ticks_now_get
 .text.ll_addr_get
                0x000000000000e628       0x3c zephyr/subsys/bluetooth/controller/libsubsys__bluetooth__controller.a(ll_addr.c.obj)
                0x000000000000e628                ll_addr_get
 .text.ll_addr_set
                0x000000000000e664       0x3c zephyr/subsys/bluetooth/controller/libsubsys__bluetooth__controller.a(ll_addr.c.obj)
                0x000000000000e664                ll_addr_set
 .text.ll_tx_pwr_lvl_get
                0x000000000000e6a0       0x20 zephyr/subsys/bluetooth/controller/libsubsys__bluetooth__controller.a(ll_tx_pwr.c.obj)
                0x000000000000e6a0                ll_tx_pwr_lvl_get
 .text.ll_tx_pwr_get
                0x000000000000e6c0        0x8 zephyr/subsys/bluetooth/controller/libsubsys__bluetooth__controller.a(ll_tx_pwr.c.obj)
                0x000000000000e6c0                ll_tx_pwr_get
 .text.hci_driver_init
                0x000000000000e6c8       0x10 zephyr/subsys/bluetooth/controller/libsubsys__bluetooth__controller.a(hci_driver.c.obj)
 .text.recv_thread
                0x000000000000e6d8       0xf4 zephyr/subsys/bluetooth/controller/libsubsys__bluetooth__controller.a(hci_driver.c.obj)
 .text.prio_recv_thread
                0x000000000000e7cc       0xc0 zephyr/subsys/bluetooth/controller/libsubsys__bluetooth__controller.a(hci_driver.c.obj)
 .text.hci_driver_send
                0x000000000000e88c       0xb0 zephyr/subsys/bluetooth/controller/libsubsys__bluetooth__controller.a(hci_driver.c.obj)
 .text.hci_driver_open
                0x000000000000e93c       0xbc zephyr/subsys/bluetooth/controller/libsubsys__bluetooth__controller.a(hci_driver.c.obj)
 .text.cmd_complete_status
                0x000000000000e9f8       0x24 zephyr/subsys/bluetooth/controller/libsubsys__bluetooth__controller.a(hci.c.obj)
 .text.meta_evt
                0x000000000000ea1c       0x30 zephyr/subsys/bluetooth/controller/libsubsys__bluetooth__controller.a(hci.c.obj)
 .text.encrypt_change.part.0
                0x000000000000ea4c       0x34 zephyr/subsys/bluetooth/controller/libsubsys__bluetooth__controller.a(hci.c.obj)
 .text.le_remote_feat_complete
                0x000000000000ea80       0x6c zephyr/subsys/bluetooth/controller/libsubsys__bluetooth__controller.a(hci.c.obj)
 .text.hci_disconn_complete_encode.part.0
                0x000000000000eaec       0x30 zephyr/subsys/bluetooth/controller/libsubsys__bluetooth__controller.a(hci.c.obj)
 .text.hci_cmd_complete
                0x000000000000eb1c       0x20 zephyr/subsys/bluetooth/controller/libsubsys__bluetooth__controller.a(hci.c.obj)
                0x000000000000eb1c                hci_cmd_complete
 .text.hci_vendor_cmd_handle_common
                0x000000000000eb3c      0x120 zephyr/subsys/bluetooth/controller/libsubsys__bluetooth__controller.a(hci.c.obj)
                0x000000000000eb3c                hci_vendor_cmd_handle_common
 .text.hci_cmd_handle
                0x000000000000ec5c      0x7a0 zephyr/subsys/bluetooth/controller/libsubsys__bluetooth__controller.a(hci.c.obj)
                0x000000000000ec5c                hci_cmd_handle
 .text.hci_acl_handle
                0x000000000000f3fc      0x140 zephyr/subsys/bluetooth/controller/libsubsys__bluetooth__controller.a(hci.c.obj)
                0x000000000000f3fc                hci_acl_handle
 .text.hci_disconn_complete_encode
                0x000000000000f53c       0x20 zephyr/subsys/bluetooth/controller/libsubsys__bluetooth__controller.a(hci.c.obj)
                0x000000000000f53c                hci_disconn_complete_encode
 .text.hci_disconn_complete_process
                0x000000000000f55c       0x10 zephyr/subsys/bluetooth/controller/libsubsys__bluetooth__controller.a(hci.c.obj)
                0x000000000000f55c                hci_disconn_complete_process
 .text.hci_acl_encode
                0x000000000000f56c       0x74 zephyr/subsys/bluetooth/controller/libsubsys__bluetooth__controller.a(hci.c.obj)
                0x000000000000f56c                hci_acl_encode
 .text.hci_evt_encode
                0x000000000000f5e0      0x500 zephyr/subsys/bluetooth/controller/libsubsys__bluetooth__controller.a(hci.c.obj)
                0x000000000000f5e0                hci_evt_encode
 .text.hci_num_cmplt_encode
                0x000000000000fae0       0x30 zephyr/subsys/bluetooth/controller/libsubsys__bluetooth__controller.a(hci.c.obj)
                0x000000000000fae0                hci_num_cmplt_encode
 .text.hci_get_class
                0x000000000000fb10       0x2c zephyr/subsys/bluetooth/controller/libsubsys__bluetooth__controller.a(hci.c.obj)
                0x000000000000fb10                hci_get_class
 .text.hci_init
                0x000000000000fb3c       0x40 zephyr/subsys/bluetooth/controller/libsubsys__bluetooth__controller.a(hci.c.obj)
                0x000000000000fb3c                hci_init
 .text.bt_rand  0x000000000000fb7c        0x4 zephyr/subsys/bluetooth/controller/libsubsys__bluetooth__controller.a(crypto.c.obj)
                0x000000000000fb7c                bt_rand
 .text.bt_encrypt_le
                0x000000000000fb80        0xc zephyr/subsys/bluetooth/controller/libsubsys__bluetooth__controller.a(crypto.c.obj)
                0x000000000000fb80                bt_encrypt_le
 .text.perform_lll_reset
                0x000000000000fb8c       0x94 zephyr/subsys/bluetooth/controller/libsubsys__bluetooth__controller.a(ull.c.obj)
 .text.ull_ticker_status_give
                0x000000000000fc20        0xc zephyr/subsys/bluetooth/controller/libsubsys__bluetooth__controller.a(ull.c.obj)
                0x000000000000fc20                ull_ticker_status_give
 .text.disabled_cb
                0x000000000000fc2c        0x4 zephyr/subsys/bluetooth/controller/libsubsys__bluetooth__controller.a(ull.c.obj)
 .text.tx_cmplt_get
                0x000000000000fc30       0xcc zephyr/subsys/bluetooth/controller/libsubsys__bluetooth__controller.a(ull.c.obj)
 .text.ull_done
                0x000000000000fcfc      0x120 zephyr/subsys/bluetooth/controller/libsubsys__bluetooth__controller.a(ull.c.obj)
 .text.rx_demux
                0x000000000000fe1c      0x1dc zephyr/subsys/bluetooth/controller/libsubsys__bluetooth__controller.a(ull.c.obj)
 .text.ll_init  0x000000000000fff8      0x2f0 zephyr/subsys/bluetooth/controller/libsubsys__bluetooth__controller.a(ull.c.obj)
                0x000000000000fff8                ll_init
 .text.ll_reset
                0x00000000000102e8      0x324 zephyr/subsys/bluetooth/controller/libsubsys__bluetooth__controller.a(ull.c.obj)
                0x00000000000102e8                ll_reset
 .text.ll_rx_get
                0x000000000001060c      0x1d4 zephyr/subsys/bluetooth/controller/libsubsys__bluetooth__controller.a(ull.c.obj)
                0x000000000001060c                ll_rx_get
 .text.ll_rx_dequeue
                0x00000000000107e0      0x1a0 zephyr/subsys/bluetooth/controller/libsubsys__bluetooth__controller.a(ull.c.obj)
                0x00000000000107e0                ll_rx_dequeue
 .text.ll_rx_mem_release
                0x0000000000010980      0x25c zephyr/subsys/bluetooth/controller/libsubsys__bluetooth__controller.a(ull.c.obj)
                0x0000000000010980                ll_rx_mem_release
 .text.ll_rx_link_alloc
                0x0000000000010bdc        0xc zephyr/subsys/bluetooth/controller/libsubsys__bluetooth__controller.a(ull.c.obj)
                0x0000000000010bdc                ll_rx_link_alloc
 .text.ll_rx_link_release
                0x0000000000010be8        0xc zephyr/subsys/bluetooth/controller/libsubsys__bluetooth__controller.a(ull.c.obj)
                0x0000000000010be8                ll_rx_link_release
 .text.ll_rx_alloc
                0x0000000000010bf4        0xc zephyr/subsys/bluetooth/controller/libsubsys__bluetooth__controller.a(ull.c.obj)
                0x0000000000010bf4                ll_rx_alloc
 .text.ll_rx_release
                0x0000000000010c00        0xc zephyr/subsys/bluetooth/controller/libsubsys__bluetooth__controller.a(ull.c.obj)
                0x0000000000010c00                ll_rx_release
 .text.ll_rx_put
                0x0000000000010c0c       0x14 zephyr/subsys/bluetooth/controller/libsubsys__bluetooth__controller.a(ull.c.obj)
                0x0000000000010c0c                ll_rx_put
 .text.ll_rx_sched
                0x0000000000010c20        0xc zephyr/subsys/bluetooth/controller/libsubsys__bluetooth__controller.a(ull.c.obj)
                0x0000000000010c20                ll_rx_sched
 .text.ll_pdu_rx_alloc_peek
                0x0000000000010c2c       0x3c zephyr/subsys/bluetooth/controller/libsubsys__bluetooth__controller.a(ull.c.obj)
                0x0000000000010c2c                ll_pdu_rx_alloc_peek
 .text.ll_pdu_rx_alloc
                0x0000000000010c68       0x30 zephyr/subsys/bluetooth/controller/libsubsys__bluetooth__controller.a(ull.c.obj)
                0x0000000000010c68                ll_pdu_rx_alloc
 .text.ll_tx_ack_put
                0x0000000000010c98       0x60 zephyr/subsys/bluetooth/controller/libsubsys__bluetooth__controller.a(ull.c.obj)
                0x0000000000010c98                ll_tx_ack_put
 .text.ull_ticker_status_take
                0x0000000000010cf8       0x50 zephyr/subsys/bluetooth/controller/libsubsys__bluetooth__controller.a(ull.c.obj)
                0x0000000000010cf8                ull_ticker_status_take
 .text.ull_disable_mark
                0x0000000000010d48       0x18 zephyr/subsys/bluetooth/controller/libsubsys__bluetooth__controller.a(ull.c.obj)
                0x0000000000010d48                ull_disable_mark
 .text.ull_disable_unmark
                0x0000000000010d60       0x18 zephyr/subsys/bluetooth/controller/libsubsys__bluetooth__controller.a(ull.c.obj)
                0x0000000000010d60                ull_disable_unmark
 .text.ull_disable_mark_get
                0x0000000000010d78        0xc zephyr/subsys/bluetooth/controller/libsubsys__bluetooth__controller.a(ull.c.obj)
                0x0000000000010d78                ull_disable_mark_get
 .text.ull_update_mark
                0x0000000000010d84       0x18 zephyr/subsys/bluetooth/controller/libsubsys__bluetooth__controller.a(ull.c.obj)
                0x0000000000010d84                ull_update_mark
 .text.ull_update_unmark
                0x0000000000010d9c       0x18 zephyr/subsys/bluetooth/controller/libsubsys__bluetooth__controller.a(ull.c.obj)
                0x0000000000010d9c                ull_update_unmark
 .text.ull_update_mark_get
                0x0000000000010db4        0xc zephyr/subsys/bluetooth/controller/libsubsys__bluetooth__controller.a(ull.c.obj)
                0x0000000000010db4                ull_update_mark_get
 .text.ull_disable
                0x0000000000010dc0       0x7c zephyr/subsys/bluetooth/controller/libsubsys__bluetooth__controller.a(ull.c.obj)
                0x0000000000010dc0                ull_disable
 .text.ull_ticker_stop_with_mark
                0x0000000000010e3c       0x80 zephyr/subsys/bluetooth/controller/libsubsys__bluetooth__controller.a(ull.c.obj)
                0x0000000000010e3c                ull_ticker_stop_with_mark
 .text.ull_pdu_rx_alloc_peek
                0x0000000000010ebc       0x3c zephyr/subsys/bluetooth/controller/libsubsys__bluetooth__controller.a(ull.c.obj)
                0x0000000000010ebc                ull_pdu_rx_alloc_peek
 .text.ull_pdu_rx_alloc
                0x0000000000010ef8       0x30 zephyr/subsys/bluetooth/controller/libsubsys__bluetooth__controller.a(ull.c.obj)
                0x0000000000010ef8                ull_pdu_rx_alloc
 .text.ull_rx_put
                0x0000000000010f28       0x20 zephyr/subsys/bluetooth/controller/libsubsys__bluetooth__controller.a(ull.c.obj)
                0x0000000000010f28                ull_rx_put
 .text.ull_rx_sched
                0x0000000000010f48       0x10 zephyr/subsys/bluetooth/controller/libsubsys__bluetooth__controller.a(ull.c.obj)
                0x0000000000010f48                ull_rx_sched
 .text.ull_prepare_enqueue
                0x0000000000010f58       0x7c zephyr/subsys/bluetooth/controller/libsubsys__bluetooth__controller.a(ull.c.obj)
                0x0000000000010f58                ull_prepare_enqueue
 .text.ull_prepare_dequeue_get
                0x0000000000010fd4       0x1c zephyr/subsys/bluetooth/controller/libsubsys__bluetooth__controller.a(ull.c.obj)
                0x0000000000010fd4                ull_prepare_dequeue_get
 .text.ull_prepare_dequeue_iter
                0x0000000000010ff0       0x3c zephyr/subsys/bluetooth/controller/libsubsys__bluetooth__controller.a(ull.c.obj)
                0x0000000000010ff0                ull_prepare_dequeue_iter
 .text.ull_prepare_dequeue
                0x000000000001102c       0xb8 zephyr/subsys/bluetooth/controller/libsubsys__bluetooth__controller.a(ull.c.obj)
                0x000000000001102c                ull_prepare_dequeue
 .text.ull_event_done_extra_get
                0x00000000000110e4       0x20 zephyr/subsys/bluetooth/controller/libsubsys__bluetooth__controller.a(ull.c.obj)
                0x00000000000110e4                ull_event_done_extra_get
 .text.ull_event_done
                0x0000000000011104       0x5c zephyr/subsys/bluetooth/controller/libsubsys__bluetooth__controller.a(ull.c.obj)
                0x0000000000011104                ull_event_done
 .text.lll_prepare
                0x0000000000011160       0x18 zephyr/subsys/bluetooth/controller/libsubsys__bluetooth__controller.a(lll_common.c.obj)
                0x0000000000011160                lll_prepare
 .text.lll_resume
                0x0000000000011178       0x4c zephyr/subsys/bluetooth/controller/libsubsys__bluetooth__controller.a(lll_common.c.obj)
                0x0000000000011178                lll_resume
 .text.ticker_cb
                0x00000000000111c4      0x138 zephyr/subsys/bluetooth/controller/libsubsys__bluetooth__controller.a(ull_adv.c.obj)
 .text.ticker_op_stop_cb
                0x00000000000112fc       0xa4 zephyr/subsys/bluetooth/controller/libsubsys__bluetooth__controller.a(ull_adv.c.obj)
 .text.disabled_cb
                0x00000000000113a0       0x94 zephyr/subsys/bluetooth/controller/libsubsys__bluetooth__controller.a(ull_adv.c.obj)
 .text.ticker_op_update_cb
                0x0000000000011434       0x38 zephyr/subsys/bluetooth/controller/libsubsys__bluetooth__controller.a(ull_adv.c.obj)
 .text.ticker_stop_cb
                0x000000000001146c       0x88 zephyr/subsys/bluetooth/controller/libsubsys__bluetooth__controller.a(ull_adv.c.obj)
 .text.init_reset
                0x00000000000114f4       0x60 zephyr/subsys/bluetooth/controller/libsubsys__bluetooth__controller.a(ull_adv.c.obj)
 .text.conn_release.constprop.0
                0x0000000000011554       0x84 zephyr/subsys/bluetooth/controller/libsubsys__bluetooth__controller.a(ull_adv.c.obj)
 .text.ll_adv_params_set
                0x00000000000115d8      0x13c zephyr/subsys/bluetooth/controller/libsubsys__bluetooth__controller.a(ull_adv.c.obj)
                0x00000000000115d8                ll_adv_params_set
 .text.ull_adv_init
                0x0000000000011714        0x4 zephyr/subsys/bluetooth/controller/libsubsys__bluetooth__controller.a(ull_adv.c.obj)
                0x0000000000011714                ull_adv_init
 .text.ull_adv_reset
                0x0000000000011718      0x150 zephyr/subsys/bluetooth/controller/libsubsys__bluetooth__controller.a(ull_adv.c.obj)
                0x0000000000011718                ull_adv_reset
 .text.ull_adv_reset_finalize
                0x0000000000011868       0x20 zephyr/subsys/bluetooth/controller/libsubsys__bluetooth__controller.a(ull_adv.c.obj)
                0x0000000000011868                ull_adv_reset_finalize
 .text.ull_adv_handle_get
                0x0000000000011888       0x1c zephyr/subsys/bluetooth/controller/libsubsys__bluetooth__controller.a(ull_adv.c.obj)
                0x0000000000011888                ull_adv_handle_get
 .text.ull_adv_lll_handle_get
                0x00000000000118a4       0x1c zephyr/subsys/bluetooth/controller/libsubsys__bluetooth__controller.a(ull_adv.c.obj)
                0x00000000000118a4                ull_adv_lll_handle_get
 .text.ull_adv_is_enabled_get
                0x00000000000118c0       0x1c zephyr/subsys/bluetooth/controller/libsubsys__bluetooth__controller.a(ull_adv.c.obj)
                0x00000000000118c0                ull_adv_is_enabled_get
 .text.ull_adv_is_enabled
                0x00000000000118dc       0x18 zephyr/subsys/bluetooth/controller/libsubsys__bluetooth__controller.a(ull_adv.c.obj)
                0x00000000000118dc                ull_adv_is_enabled
 .text.ull_adv_filter_pol_get
                0x00000000000118f4       0x20 zephyr/subsys/bluetooth/controller/libsubsys__bluetooth__controller.a(ull_adv.c.obj)
                0x00000000000118f4                ull_adv_filter_pol_get
 .text.ull_adv_data_set
                0x0000000000011914       0x8c zephyr/subsys/bluetooth/controller/libsubsys__bluetooth__controller.a(ull_adv.c.obj)
                0x0000000000011914                ull_adv_data_set
 .text.ll_adv_data_set
                0x00000000000119a0       0x10 zephyr/subsys/bluetooth/controller/libsubsys__bluetooth__controller.a(ull_adv.c.obj)
                0x00000000000119a0                ll_adv_data_set
 .text.ull_scan_rsp_set
                0x00000000000119b0       0x54 zephyr/subsys/bluetooth/controller/libsubsys__bluetooth__controller.a(ull_adv.c.obj)
                0x00000000000119b0                ull_scan_rsp_set
 .text.ll_adv_scan_rsp_set
                0x0000000000011a04       0x10 zephyr/subsys/bluetooth/controller/libsubsys__bluetooth__controller.a(ull_adv.c.obj)
                0x0000000000011a04                ll_adv_scan_rsp_set
 .text.ull_adv_pdu_update_addrs
                0x0000000000011a14       0x60 zephyr/subsys/bluetooth/controller/libsubsys__bluetooth__controller.a(ull_adv.c.obj)
                0x0000000000011a14                ull_adv_pdu_update_addrs
 .text.tx_ull_dequeue
                0x0000000000011a74       0x84 zephyr/subsys/bluetooth/controller/libsubsys__bluetooth__controller.a(ull_conn.c.obj)
 .text.init_reset
                0x0000000000011af8       0x74 zephyr/subsys/bluetooth/controller/libsubsys__bluetooth__controller.a(ull_conn.c.obj)
 .text.ctrl_tx_pause_enqueue
                0x0000000000011b6c       0xcc zephyr/subsys/bluetooth/controller/libsubsys__bluetooth__controller.a(ull_conn.c.obj)
 .text.tx_lll_flush
                0x0000000000011c38       0xf4 zephyr/subsys/bluetooth/controller/libsubsys__bluetooth__controller.a(ull_conn.c.obj)
 .text.ticker_op_stop_cb
                0x0000000000011d2c       0x64 zephyr/subsys/bluetooth/controller/libsubsys__bluetooth__controller.a(ull_conn.c.obj)
 .text.ticker_start_conn_op_cb
                0x0000000000011d90       0x58 zephyr/subsys/bluetooth/controller/libsubsys__bluetooth__controller.a(ull_conn.c.obj)
 .text.ticker_stop_conn_op_cb
                0x0000000000011de8       0x58 zephyr/subsys/bluetooth/controller/libsubsys__bluetooth__controller.a(ull_conn.c.obj)
 .text.ticker_update_conn_op_cb
                0x0000000000011e40       0x40 zephyr/subsys/bluetooth/controller/libsubsys__bluetooth__controller.a(ull_conn.c.obj)
 .text.reject_ext_ind_send
                0x0000000000011e80       0xf0 zephyr/subsys/bluetooth/controller/libsubsys__bluetooth__controller.a(ull_conn.c.obj)
 .text.start_enc_rsp_send
                0x0000000000011f70       0xdc zephyr/subsys/bluetooth/controller/libsubsys__bluetooth__controller.a(ull_conn.c.obj)
 .text.ctrl_tx_sec_enqueue
                0x000000000001204c      0x134 zephyr/subsys/bluetooth/controller/libsubsys__bluetooth__controller.a(ull_conn.c.obj)
 .text.event_phy_upd_ind_prep
                0x0000000000012180      0x360 zephyr/subsys/bluetooth/controller/libsubsys__bluetooth__controller.a(ull_conn.c.obj)
 .text.ll_conn_acquire
                0x00000000000124e0        0xc zephyr/subsys/bluetooth/controller/libsubsys__bluetooth__controller.a(ull_conn.c.obj)
                0x00000000000124e0                ll_conn_acquire
 .text.ll_conn_release
                0x00000000000124ec        0xc zephyr/subsys/bluetooth/controller/libsubsys__bluetooth__controller.a(ull_conn.c.obj)
                0x00000000000124ec                ll_conn_release
 .text.ll_conn_handle_get
                0x00000000000124f8       0x10 zephyr/subsys/bluetooth/controller/libsubsys__bluetooth__controller.a(ull_conn.c.obj)
                0x00000000000124f8                ll_conn_handle_get
 .text.ll_conn_get
                0x0000000000012508       0x10 zephyr/subsys/bluetooth/controller/libsubsys__bluetooth__controller.a(ull_conn.c.obj)
                0x0000000000012508                ll_conn_get
 .text.ll_connected_get
                0x0000000000012518       0x24 zephyr/subsys/bluetooth/controller/libsubsys__bluetooth__controller.a(ull_conn.c.obj)
                0x0000000000012518                ll_connected_get
 .text.ll_tx_mem_acquire
                0x000000000001253c        0xc zephyr/subsys/bluetooth/controller/libsubsys__bluetooth__controller.a(ull_conn.c.obj)
                0x000000000001253c                ll_tx_mem_acquire
 .text.ll_tx_mem_release
                0x0000000000012548        0xc zephyr/subsys/bluetooth/controller/libsubsys__bluetooth__controller.a(ull_conn.c.obj)
                0x0000000000012548                ll_tx_mem_release
 .text.ll_tx_mem_enqueue
                0x0000000000012554       0x94 zephyr/subsys/bluetooth/controller/libsubsys__bluetooth__controller.a(ull_conn.c.obj)
                0x0000000000012554                ll_tx_mem_enqueue
 .text.ll_conn_update
                0x00000000000125e8      0x12c zephyr/subsys/bluetooth/controller/libsubsys__bluetooth__controller.a(ull_conn.c.obj)
                0x00000000000125e8                ll_conn_update
 .text.ll_chm_get
                0x0000000000012714       0x40 zephyr/subsys/bluetooth/controller/libsubsys__bluetooth__controller.a(ull_conn.c.obj)
                0x0000000000012714                ll_chm_get
 .text.ll_terminate_ind_send
                0x0000000000012754       0x84 zephyr/subsys/bluetooth/controller/libsubsys__bluetooth__controller.a(ull_conn.c.obj)
                0x0000000000012754                ll_terminate_ind_send
 .text.ll_feature_req_send
                0x00000000000127d8       0x4c zephyr/subsys/bluetooth/controller/libsubsys__bluetooth__controller.a(ull_conn.c.obj)
                0x00000000000127d8                ll_feature_req_send
 .text.ll_version_ind_send
                0x0000000000012824       0x4c zephyr/subsys/bluetooth/controller/libsubsys__bluetooth__controller.a(ull_conn.c.obj)
                0x0000000000012824                ll_version_ind_send
 .text.ll_length_req_send
                0x0000000000012870       0xb0 zephyr/subsys/bluetooth/controller/libsubsys__bluetooth__controller.a(ull_conn.c.obj)
                0x0000000000012870                ll_length_req_send
 .text.ll_length_default_get
                0x0000000000012920       0x18 zephyr/subsys/bluetooth/controller/libsubsys__bluetooth__controller.a(ull_conn.c.obj)
                0x0000000000012920                ll_length_default_get
 .text.ll_length_default_set
                0x0000000000012938       0x14 zephyr/subsys/bluetooth/controller/libsubsys__bluetooth__controller.a(ull_conn.c.obj)
                0x0000000000012938                ll_length_default_set
 .text.ll_length_max_get
                0x000000000001294c       0x14 zephyr/subsys/bluetooth/controller/libsubsys__bluetooth__controller.a(ull_conn.c.obj)
                0x000000000001294c                ll_length_max_get
 .text.ll_phy_get
                0x0000000000012960       0x3c zephyr/subsys/bluetooth/controller/libsubsys__bluetooth__controller.a(ull_conn.c.obj)
                0x0000000000012960                ll_phy_get
 .text.ll_phy_default_set
                0x000000000001299c       0x14 zephyr/subsys/bluetooth/controller/libsubsys__bluetooth__controller.a(ull_conn.c.obj)
                0x000000000001299c                ll_phy_default_set
 .text.ll_phy_req_send
                0x00000000000129b0       0xa0 zephyr/subsys/bluetooth/controller/libsubsys__bluetooth__controller.a(ull_conn.c.obj)
                0x00000000000129b0                ll_phy_req_send
 .text.ll_apto_get
                0x0000000000012a50       0x48 zephyr/subsys/bluetooth/controller/libsubsys__bluetooth__controller.a(ull_conn.c.obj)
                0x0000000000012a50                ll_apto_get
 .text.ll_apto_set
                0x0000000000012a98       0x44 zephyr/subsys/bluetooth/controller/libsubsys__bluetooth__controller.a(ull_conn.c.obj)
                0x0000000000012a98                ll_apto_set
 .text.ull_conn_init
                0x0000000000012adc        0x4 zephyr/subsys/bluetooth/controller/libsubsys__bluetooth__controller.a(ull_conn.c.obj)
                0x0000000000012adc                ull_conn_init
 .text.ull_conn_reset
                0x0000000000012ae0       0x74 zephyr/subsys/bluetooth/controller/libsubsys__bluetooth__controller.a(ull_conn.c.obj)
                0x0000000000012ae0                ull_conn_reset
 .text.ull_conn_default_tx_octets_get
                0x0000000000012b54        0xc zephyr/subsys/bluetooth/controller/libsubsys__bluetooth__controller.a(ull_conn.c.obj)
                0x0000000000012b54                ull_conn_default_tx_octets_get
 .text.ull_conn_default_tx_time_get