Archive member included to satisfy reference by file (symbol)

app/libapp.a(main.c.obj)      (--whole-archive)
zephyr/libzephyr.a(cbprintf.c.obj)
                              (--whole-archive)
zephyr/libzephyr.a(cbprintf_packaged.c.obj)
                              (--whole-archive)
zephyr/libzephyr.a(crc32c_sw.c.obj)
                              (--whole-archive)
zephyr/libzephyr.a(crc32_sw.c.obj)
                              (--whole-archive)
zephyr/libzephyr.a(crc16_sw.c.obj)
                              (--whole-archive)
zephyr/libzephyr.a(crc8_sw.c.obj)
                              (--whole-archive)
zephyr/libzephyr.a(crc7_sw.c.obj)
                              (--whole-archive)
zephyr/libzephyr.a(dec.c.obj)
                              (--whole-archive)
zephyr/libzephyr.a(fdtable.c.obj)
                              (--whole-archive)
zephyr/libzephyr.a(hex.c.obj)
                              (--whole-archive)
zephyr/libzephyr.a(notify.c.obj)
                              (--whole-archive)
zephyr/libzephyr.a(printk.c.obj)
                              (--whole-archive)
zephyr/libzephyr.a(onoff.c.obj)
                              (--whole-archive)
zephyr/libzephyr.a(rb.c.obj)  (--whole-archive)
zephyr/libzephyr.a(sem.c.obj)
                              (--whole-archive)
zephyr/libzephyr.a(thread_entry.c.obj)
                              (--whole-archive)
zephyr/libzephyr.a(timeutil.c.obj)
                              (--whole-archive)
zephyr/libzephyr.a(heap.c.obj)
                              (--whole-archive)
zephyr/libzephyr.a(heap-validate.c.obj)
                              (--whole-archive)
zephyr/libzephyr.a(cbprintf_complete.c.obj)
                              (--whole-archive)
zephyr/libzephyr.a(configs.c.obj)
                              (--whole-archive)
zephyr/libzephyr.a(validate_base_addresses.c.obj)
                              (--whole-archive)
zephyr/libzephyr.a(validate_enabled_instances.c.obj)
                              (--whole-archive)
zephyr/libzephyr.a(log_list.c.obj)
                              (--whole-archive)
zephyr/libzephyr.a(log_core.c.obj)
                              (--whole-archive)
zephyr/libzephyr.a(log_msg.c.obj)
                              (--whole-archive)
zephyr/libzephyr.a(log_output.c.obj)
                              (--whole-archive)
zephyr/libzephyr.a(log_backend_rtt.c.obj)
                              (--whole-archive)
zephyr/libzephyr.a(dis.c.obj)
                              (--whole-archive)
zephyr/libzephyr.a(lses.c.obj)
                              (--whole-archive)
zephyr/libzephyr.a(addr_utils.c.obj)
                              (--whole-archive)
zephyr/libzephyr.a(power.c.obj)
                              (--whole-archive)
zephyr/libzephyr.a(pm_ctrl.c.obj)
                              (--whole-archive)
zephyr/libzephyr.a(policy_residency.c.obj)
                              (--whole-archive)
zephyr/libzephyr.a(rtt_console.c.obj)
                              (--whole-archive)
zephyr/libzephyr.a(clock_control_nrf.c.obj)
                              (--whole-archive)
zephyr/libzephyr.a(sys_clock_init.c.obj)
                              (--whole-archive)
zephyr/libzephyr.a(nrf_rtc_timer.c.obj)
                              (--whole-archive)
zephyr/libzephyr.a(SEGGER_RTT.c.obj)
                              (--whole-archive)
zephyr/libzephyr.a(SEGGER_RTT_zephyr.c.obj)
                              (--whole-archive)
zephyr/libzephyr.a(utils.c.obj)
                              (--whole-archive)
zephyr/libzephyr.a(ecc_dh.c.obj)
                              (--whole-archive)
zephyr/libzephyr.a(ecc.c.obj)
                              (--whole-archive)
zephyr/libzephyr.a(aes_decrypt.c.obj)
                              (--whole-archive)
zephyr/libzephyr.a(aes_encrypt.c.obj)
                              (--whole-archive)
zephyr/libzephyr.a(cmac_mode.c.obj)
                              (--whole-archive)
zephyr/arch/common/libarch__common.a(sw_isr_common.c.obj)
                              (--whole-archive)
zephyr/arch/arch/arm/core/aarch32/libarch__arm__core__aarch32.a(swap.c.obj)
                              (--whole-archive)
zephyr/arch/arch/arm/core/aarch32/libarch__arm__core__aarch32.a(swap_helper.S.obj)
                              (--whole-archive)
zephyr/arch/arch/arm/core/aarch32/libarch__arm__core__aarch32.a(irq_manage.c.obj)
                              (--whole-archive)
zephyr/arch/arch/arm/core/aarch32/libarch__arm__core__aarch32.a(thread.c.obj)
                              (--whole-archive)
zephyr/arch/arch/arm/core/aarch32/libarch__arm__core__aarch32.a(cpu_idle.S.obj)
                              (--whole-archive)
zephyr/arch/arch/arm/core/aarch32/libarch__arm__core__aarch32.a(fatal.c.obj)
                              (--whole-archive)
zephyr/arch/arch/arm/core/aarch32/libarch__arm__core__aarch32.a(nmi.c.obj)
                              (--whole-archive)
[...]
Memory Configuration

Name             Origin             Length             Attributes
FLASH            0x0000000000000000 0x0000000000100000 xr
SRAM             0x0000000020000000 0x0000000000040000 xw
IDT_LIST         0x0000000020040000 0x0000000000000800 xw
*default*        0x0000000000000000 0xffffffffffffffff

Linker script and memory map

LOAD zephyr/CMakeFiles/zephyr_final.dir/misc/empty_file.c.obj
LOAD zephyr/CMakeFiles/zephyr_final.dir/isr_tables.c.obj
LOAD zephyr/CMakeFiles/zephyr_final.dir/dev_handles.c.obj
                0x0000000000000020                _region_min_align = 0x20

.rel.plt        0x0000000000000000        0x0
 *(SORT_BY_ALIGNMENT(.rel.plt))
                [!provide]                        PROVIDE (__rel_iplt_start = .)
 *(SORT_BY_ALIGNMENT(.rel.iplt))
 .rel.iplt      0x0000000000000000        0x0 zephyr/CMakeFiles/zephyr_final.dir/isr_tables.c.obj
                [!provide]                        PROVIDE (__rel_iplt_end = .)

.rela.plt       0x0000000000000000        0x0
 *(SORT_BY_ALIGNMENT(.rela.plt))
                [!provide]                        PROVIDE (__rela_iplt_start = .)
 *(SORT_BY_ALIGNMENT(.rela.iplt))
                [!provide]                        PROVIDE (__rela_iplt_end = .)

.rel.dyn
 *(SORT_BY_ALIGNMENT(.rel.*))

.rela.dyn
 *(SORT_BY_ALIGNMENT(.rela.*))

/DISCARD/
 *(SORT_BY_ALIGNMENT(.plt))
 *(SORT_BY_ALIGNMENT(.iplt))
 *(SORT_BY_ALIGNMENT(.got.plt))
 *(SORT_BY_ALIGNMENT(.igot.plt))
 *(SORT_BY_ALIGNMENT(.got))
 *(SORT_BY_ALIGNMENT(.igot))
 *(SORT_BY_ALIGNMENT(.irq_info*))
 *(SORT_BY_ALIGNMENT(.intList*))
 *(SORT_BY_ALIGNMENT(.note.GNU-stack))
                0x0000000000000000                _image_rom_start = 0x0

rom_start       0x0000000000000000      0x100
                0x0000000000000000                . = 0x0
                0x0000000000000000                . = ALIGN (0x4)
                0x0000000000000000                . = ALIGN (0x80)
                0x0000000000000000                . = ALIGN (0x100)
                0x0000000000000000                _vector_start = .
 *(SORT_BY_ALIGNMENT(.exc_vector_table))
 *(SORT_BY_ALIGNMENT(.exc_vector_table.*))
 .exc_vector_table._vector_table_section
                0x0000000000000000       0x40 zephyr/arch/arch/arm/core/aarch32/cortex_m/libarch__arm__core__aarch32__cortex_m.a(vector_table.S.obj)
                0x0000000000000000                _vector_table
 *(SORT_BY_ALIGNMENT(.gnu.linkonce.irq_vector_table*))
 .gnu.linkonce.irq_vector_table
                0x0000000000000040       0xc0 zephyr/CMakeFiles/zephyr_final.dir/isr_tables.c.obj
                0x0000000000000040                _irq_vector_table
 *(SORT_BY_ALIGNMENT(.vectors))
                0x0000000000000100                _vector_end = .

text            0x0000000000000100    0x23824
                0x0000000000000100                _image_text_start = .
 *(SORT_BY_ALIGNMENT(.text))
 .text          0x0000000000000100      0x378 /home/lorenz/zephyr-sdk-0.11.3/arm-zephyr-eabi/bin/../lib/gcc/arm-zephyr-eabi/9.2.0/thumb/v7e-m/nofp/libgcc.a(_arm_addsubdf3.o)
                0x0000000000000100                __aeabi_drsub
                0x0000000000000108                __aeabi_dsub
                0x0000000000000108                __subdf3
                0x000000000000010c                __adddf3
                0x000000000000010c                __aeabi_dadd
                0x0000000000000384                __aeabi_ui2d
                0x0000000000000384                __floatunsidf
                0x00000000000003a4                __floatsidf
                0x00000000000003a4                __aeabi_i2d
                0x00000000000003c8                __extendsfdf2
                0x00000000000003c8                __aeabi_f2d
                0x000000000000040c                __aeabi_ul2d
                0x000000000000040c                __floatundidf
                0x000000000000041c                __floatdidf
                0x000000000000041c                __aeabi_l2d
 .text          0x0000000000000478      0x424 /home/lorenz/zephyr-sdk-0.11.3/arm-zephyr-eabi/bin/../lib/gcc/arm-zephyr-eabi/9.2.0/thumb/v7e-m/nofp/libgcc.a(_arm_muldivdf3.o)
                0x0000000000000478                __aeabi_dmul
                0x0000000000000478                __muldf3
                0x00000000000006cc                __aeabi_ddiv
                0x00000000000006cc                __divdf3
 .text          0x000000000000089c      0x110 /home/lorenz/zephyr-sdk-0.11.3/arm-zephyr-eabi/bin/../lib/gcc/arm-zephyr-eabi/9.2.0/thumb/v7e-m/nofp/libgcc.a(_arm_cmpdf2.o)
                0x000000000000089c                __gtdf2
                0x000000000000089c                __gedf2
                0x00000000000008a4                __ltdf2
                0x00000000000008a4                __ledf2
                0x00000000000008ac                __cmpdf2
                0x00000000000008ac                __eqdf2
                0x00000000000008ac                __nedf2
                0x0000000000000928                __aeabi_cdrcmple
                0x0000000000000938                __aeabi_cdcmple
                0x0000000000000938                __aeabi_cdcmpeq
                0x0000000000000948                __aeabi_dcmpeq
                0x000000000000095c                __aeabi_dcmplt
                0x0000000000000970                __aeabi_dcmple
                0x0000000000000984                __aeabi_dcmpge
                0x0000000000000998                __aeabi_dcmpgt
 .text          0x00000000000009ac       0x50 /home/lorenz/zephyr-sdk-0.11.3/arm-zephyr-eabi/bin/../lib/gcc/arm-zephyr-eabi/9.2.0/thumb/v7e-m/nofp/libgcc.a(_arm_fixdfsi.o)
                0x00000000000009ac                __fixdfsi
                0x00000000000009ac                __aeabi_d2iz
 .text          0x00000000000009fc       0x40 /home/lorenz/zephyr-sdk-0.11.3/arm-zephyr-eabi/bin/../lib/gcc/arm-zephyr-eabi/9.2.0/thumb/v7e-m/nofp/libgcc.a(_arm_fixunsdfsi.o)
                0x00000000000009fc                __fixunsdfsi
                0x00000000000009fc                __aeabi_d2uiz
 .text          0x0000000000000a3c       0x30 /home/lorenz/zephyr-sdk-0.11.3/arm-zephyr-eabi/bin/../lib/gcc/arm-zephyr-eabi/9.2.0/thumb/v7e-m/nofp/libgcc.a(_aeabi_uldivmod.o)
                0x0000000000000a3c                __aeabi_uldivmod
 .text          0x0000000000000a6c      0x2c4 /home/lorenz/zephyr-sdk-0.11.3/arm-zephyr-eabi/bin/../lib/gcc/arm-zephyr-eabi/9.2.0/thumb/v7e-m/nofp/libgcc.a(_udivmoddi4.o)
                0x0000000000000a6c                __udivmoddi4
 .text          0x0000000000000d30        0x4 /home/lorenz/zephyr-sdk-0.11.3/arm-zephyr-eabi/bin/../lib/gcc/arm-zephyr-eabi/9.2.0/thumb/v7e-m/nofp/libgcc.a(_dvmd_tls.o)
                0x0000000000000d30                __aeabi_ldiv0
                0x0000000000000d30                __aeabi_idiv0
 .text          0x0000000000000d34       0x14 /home/lorenz/zephyr-sdk-0.11.3/arm-zephyr-eabi/arm-zephyr-eabi/lib/thumb/v7e-m/nofp/libc_nano.a(lib_a-strcmp.o)
                0x0000000000000d34                strcmp
 .text          0x0000000000000d48       0x10 /home/lorenz/zephyr-sdk-0.11.3/arm-zephyr-eabi/arm-zephyr-eabi/lib/thumb/v7e-m/nofp/libc_nano.a(lib_a-strlen.o)
                0x0000000000000d48                strlen
 *(SORT_BY_ALIGNMENT(.text.*))
 .text.hci_init
                0x0000000000000d58      0x4cc zephyr/subsys/bluetooth/host/libsubsys__bluetooth__host.a(hci_core.c.obj)
 *fill*         0x0000000000001224        0x4 
 .text.ull_drift_ticks_get
                0x0000000000001228       0x8c zephyr/subsys/bluetooth/controller/libsubsys__bluetooth__controller.a(ull.c.obj)
                0x0000000000001228                ull_drift_ticks_get
 *fill*         0x00000000000012b4        0x4 
 .text.ll_adv_enable
                0x00000000000012b8      0x5b0 zephyr/subsys/bluetooth/controller/libsubsys__bluetooth__controller.a(ull_adv.c.obj)
                0x00000000000012b8                ll_adv_enable
 .text.event_conn_upd_prep
                0x0000000000001868      0x57c zephyr/subsys/bluetooth/controller/libsubsys__bluetooth__controller.a(ull_conn.c.obj)
 *fill*         0x0000000000001de4        0x4 
 .text.ull_slave_setup
                0x0000000000001de8      0x40c zephyr/subsys/bluetooth/controller/libsubsys__bluetooth__controller.a(ull_slave.c.obj)
                0x0000000000001de8                ull_slave_setup
 *fill*         0x00000000000021f4        0x4 
 .text.SX1276SetChannel
                0x00000000000021f8       0x4c zephyr/drivers/lora/libloramac-node.a(sx1276.c.obj)
                0x00000000000021f8                SX1276SetChannel
 *fill*         0x0000000000002244        0x4 
 .text.RxChainCalibration
                0x0000000000002248       0xa4 zephyr/drivers/lora/libloramac-node.a(sx1276.c.obj)
 *fill*         0x00000000000022ec        0x4 
 .text.SX1276GetTimeOnAir
                0x00000000000022f0      0x1f0 zephyr/drivers/lora/libloramac-node.a(sx1276.c.obj)
                0x00000000000022f0                SX1276GetTimeOnAir
 .text.SX1276SetRxConfig
                0x00000000000024e0      0x304 zephyr/drivers/lora/libloramac-node.a(sx1276.c.obj)
                0x00000000000024e0                SX1276SetRxConfig
 *fill*         0x00000000000027e4        0x4 
 .text.SX1276SetTxConfig
                0x00000000000027e8      0x254 zephyr/drivers/lora/libloramac-node.a(sx1276.c.obj)
                0x00000000000027e8                SX1276SetTxConfig
 *fill*         0x0000000000002a3c        0x4 
 .text.SX1276OnDio2Irq
                0x0000000000002a40       0xd4 zephyr/drivers/lora/libloramac-node.a(sx1276.c.obj)
                0x0000000000002a40                SX1276OnDio2Irq
 *fill*         0x0000000000002b14        0x4 
 .text.ceil     0x0000000000002b18      0x1d0 /home/lorenz/zephyr-sdk-0.11.3/arm-zephyr-eabi/arm-zephyr-eabi/lib/thumb/v7e-m/nofp/libm.a(lib_a-s_ceil.o)
                0x0000000000002b18                ceil
 .text.floor    0x0000000000002ce8      0x1d0 /home/lorenz/zephyr-sdk-0.11.3/arm-zephyr-eabi/arm-zephyr-eabi/lib/thumb/v7e-m/nofp/libm.a(lib_a-s_floor.o)
                0x0000000000002ce8                floor
 .text.disconnected
                0x0000000000002eb8        0xc app/libapp.a(main.c.obj)
 .text.connected
                0x0000000000002ec4       0x18 app/libapp.a(main.c.obj)
 .text.auth_cancel
                0x0000000000002edc       0x84 app/libapp.a(main.c.obj)
 .text.main     0x0000000000002f60       0xec app/libapp.a(main.c.obj)
                0x0000000000002f60                main
 .text.__printk_hook_install
                0x000000000000304c        0xc zephyr/libzephyr.a(printk.c.obj)
                0x000000000000304c                __printk_hook_install
 .text.vsnprintk
                0x0000000000003058       0x28 zephyr/libzephyr.a(printk.c.obj)
                0x0000000000003058                vsnprintk
 .text.process_event
                0x0000000000003080      0x1cc zephyr/libzephyr.a(onoff.c.obj)
 .text.extract_decimal
                0x000000000000324c       0x2c zephyr/libzephyr.a(cbprintf_complete.c.obj)
 .text.encode_uint
                0x0000000000003278       0xa0 zephyr/libzephyr.a(cbprintf_complete.c.obj)
 .text.cbvprintf
                0x0000000000003318      0x730 zephyr/libzephyr.a(cbprintf_complete.c.obj)
                0x0000000000003318                cbvprintf
 .text.enable_logger
                0x0000000000003a48       0x5c zephyr/libzephyr.a(log_core.c.obj)
 .text.log_process_thread_timer_expiry_fn
                0x0000000000003aa4        0xc zephyr/libzephyr.a(log_core.c.obj)
 .text.z_log_get_s_mask
                0x0000000000003ab0       0x48 zephyr/libzephyr.a(log_core.c.obj)
                0x0000000000003ab0                z_log_get_s_mask
 .text.log_core_init
                0x0000000000003af8       0x40 zephyr/libzephyr.a(log_core.c.obj)
                0x0000000000003af8                log_core_init
 .text.dropped_notify
                0x0000000000003b38       0x4c zephyr/libzephyr.a(log_core.c.obj)
                0x0000000000003b38                dropped_notify
 .text.log_dropped
                0x0000000000003b84       0x20 zephyr/libzephyr.a(log_core.c.obj)
                0x0000000000003b84                log_dropped
 .text.log_source_name_get
                0x0000000000003ba4       0x1c zephyr/libzephyr.a(log_core.c.obj)
                0x0000000000003ba4                log_source_name_get
 .text.log_backend_enable
                0x0000000000003bc0       0x34 zephyr/libzephyr.a(log_core.c.obj)
                0x0000000000003bc0                log_backend_enable
 .text.log_init
                0x0000000000003bf4       0x54 zephyr/libzephyr.a(log_core.c.obj)
                0x0000000000003bf4                log_init
 .text.log_strdup
                0x0000000000003c48       0x70 zephyr/libzephyr.a(log_core.c.obj)
                0x0000000000003c48                log_strdup
 .text.log_is_strdup
                0x0000000000003cb8       0x20 zephyr/libzephyr.a(log_core.c.obj)
                0x0000000000003cb8                log_is_strdup
 .text.z_impl_log_process
                0x0000000000003cd8      0x170 zephyr/libzephyr.a(log_core.c.obj)
                0x0000000000003cd8                z_impl_log_process
 .text.msg_finalize
                0x0000000000003e48       0xc4 zephyr/libzephyr.a(log_core.c.obj)
 .text.log_process_thread_func
                0x0000000000003f0c       0x48 zephyr/libzephyr.a(log_core.c.obj)
 .text.z_impl_log_panic
                0x0000000000003f54       0x48 zephyr/libzephyr.a(log_core.c.obj)
                0x0000000000003f54                z_impl_log_panic
 .text.log_free
                0x0000000000003f9c       0x34 zephyr/libzephyr.a(log_core.c.obj)
                0x0000000000003f9c                log_free
 .text.log_msg_pool_init
                0x0000000000003fd0       0x14 zephyr/libzephyr.a(log_msg.c.obj)
                0x0000000000003fd0                log_msg_pool_init
 .text.log_msg_no_space_handle
                0x0000000000003fe4       0x30 zephyr/libzephyr.a(log_msg.c.obj)
                0x0000000000003fe4                log_msg_no_space_handle
 .text.log_msg_chunk_alloc
                0x0000000000004014       0x28 zephyr/libzephyr.a(log_msg.c.obj)
                0x0000000000004014                log_msg_chunk_alloc
 .text.msg_free
                0x000000000000403c       0x7c zephyr/libzephyr.a(log_msg.c.obj)
 .text.print_formatted
                0x00000000000040b8       0x24 zephyr/libzephyr.a(log_output.c.obj)
 .text.prefix_print
                0x00000000000040dc      0x11c zephyr/libzephyr.a(log_output.c.obj)
 .text.postfix_print
                0x00000000000041f8       0x3c zephyr/libzephyr.a(log_output.c.obj)
 .text.hexdump_line_print
                0x0000000000004234       0xe4 zephyr/libzephyr.a(log_output.c.obj)
 .text.log_output_msg_process
                0x0000000000004318       0xf4 zephyr/libzephyr.a(log_output.c.obj)
                0x0000000000004318                log_output_msg_process
 .text.log_output_dropped_process
                0x000000000000440c       0x58 zephyr/libzephyr.a(log_output.c.obj)
                0x000000000000440c                log_output_dropped_process
 .text.log_output_timestamp_freq_set
                0x0000000000004464       0x30 zephyr/libzephyr.a(log_output.c.obj)
                0x0000000000004464                log_output_timestamp_freq_set
 .text.log_backend_rtt_init
                0x0000000000004494        0xc zephyr/libzephyr.a(log_backend_rtt.c.obj)
 .text.panic    0x00000000000044a0       0x14 zephyr/libzephyr.a(log_backend_rtt.c.obj)
 .text.dropped  0x00000000000044b4        0xc zephyr/libzephyr.a(log_backend_rtt.c.obj)
 .text.put      0x00000000000044c0       0x24 zephyr/libzephyr.a(log_backend_rtt.c.obj)
 .text.on_failed_write.part.0
                0x00000000000044e4       0x1c zephyr/libzephyr.a(log_backend_rtt.c.obj)
 .text.data_out_block_mode
                0x0000000000004500       0xa0 zephyr/libzephyr.a(log_backend_rtt.c.obj)
 .text.lec_ccc_cfg_changed
                0x00000000000045a0       0x34 zephyr/libzephyr.a(lses.c.obj)
 .text.lora_config.constprop.0
                0x00000000000045d4        0xc zephyr/libzephyr.a(lses.c.obj)
 .text.send_command_cb
                0x00000000000045e0      0x128 zephyr/libzephyr.a(lses.c.obj)
 .text.change_config
                0x0000000000004708       0xdc zephyr/libzephyr.a(lses.c.obj)
                0x0000000000004708                change_config
 .text.bt_lses_notify
                0x00000000000047e4       0x3c zephyr/libzephyr.a(lses.c.obj)
                0x00000000000047e4                bt_lses_notify
 .text.anything_cb
                0x0000000000004820      0x210 zephyr/libzephyr.a(lses.c.obj)
 .text.pm_state_notify
                0x0000000000004a30       0x4c zephyr/libzephyr.a(power.c.obj)
 .text.pm_system_resume
                0x0000000000004a7c       0x2c zephyr/libzephyr.a(power.c.obj)
                0x0000000000004a7c                pm_system_resume
 .text.pm_system_suspend
                0x0000000000004aa8       0x48 zephyr/libzephyr.a(power.c.obj)
                0x0000000000004aa8                pm_system_suspend
 .text.rtt_console_init
                0x0000000000004af0       0x18 zephyr/libzephyr.a(rtt_console.c.obj)
 .text.rtt_console_out
                0x0000000000004b08       0x6c zephyr/libzephyr.a(rtt_console.c.obj)
 .text.onoff_stop
                0x0000000000004b74       0x48 zephyr/libzephyr.a(clock_control_nrf.c.obj)
 .text.onoff_start
                0x0000000000004bbc       0x54 zephyr/libzephyr.a(clock_control_nrf.c.obj)
 .text.clk_init
                0x0000000000004c10       0x60 zephyr/libzephyr.a(clock_control_nrf.c.obj)
 .text.clkstarted_handle.constprop.0
                0x0000000000004c70       0x34 zephyr/libzephyr.a(clock_control_nrf.c.obj)
 .text.clock_event_handler
                0x0000000000004ca4       0x1c zephyr/libzephyr.a(clock_control_nrf.c.obj)
 .text.generic_hfclk_start
                0x0000000000004cc0       0x64 zephyr/libzephyr.a(clock_control_nrf.c.obj)
 .text.generic_hfclk_stop
                0x0000000000004d24       0x2c zephyr/libzephyr.a(clock_control_nrf.c.obj)
 .text.api_blocking_start
                0x0000000000004d50       0x3c zephyr/libzephyr.a(clock_control_nrf.c.obj)
 .text.z_nrf_clock_control_get_onoff
                0x0000000000004d8c       0x10 zephyr/libzephyr.a(clock_control_nrf.c.obj)
                0x0000000000004d8c                z_nrf_clock_control_get_onoff
 .text.z_nrf_clock_bt_ctlr_hf_request
                0x0000000000004d9c       0x2c zephyr/libzephyr.a(clock_control_nrf.c.obj)
                0x0000000000004d9c                z_nrf_clock_bt_ctlr_hf_request
 .text.z_nrf_clock_bt_ctlr_hf_release
                0x0000000000004dc8       0x2c zephyr/libzephyr.a(clock_control_nrf.c.obj)
                0x0000000000004dc8                z_nrf_clock_bt_ctlr_hf_release
 .text.z_nrf_clock_control_lf_on
                0x0000000000004df4      0x10c zephyr/libzephyr.a(clock_control_nrf.c.obj)
                0x0000000000004df4                z_nrf_clock_control_lf_on
 .text.sys_clock_timeout_handler
                0x0000000000004f00       0x18 zephyr/libzephyr.a(nrf_rtc_timer.c.obj)
 .text.set_absolute_alarm
                0x0000000000004f18       0x98 zephyr/libzephyr.a(nrf_rtc_timer.c.obj)
 .text.rtc_nrf_isr
                0x0000000000004fb0       0x50 zephyr/libzephyr.a(nrf_rtc_timer.c.obj)
                0x0000000000004fb0                rtc_nrf_isr
 .text.sys_clock_driver_init
                0x0000000000005000       0x54 zephyr/libzephyr.a(nrf_rtc_timer.c.obj)
                0x0000000000005000                sys_clock_driver_init
 .text.sys_clock_set_timeout
                0x0000000000005054       0x64 zephyr/libzephyr.a(nrf_rtc_timer.c.obj)
                0x0000000000005054                sys_clock_set_timeout
 .text.sys_clock_elapsed
                0x00000000000050b8       0x34 zephyr/libzephyr.a(nrf_rtc_timer.c.obj)
                0x00000000000050b8                sys_clock_elapsed
 .text.sys_clock_cycle_get_32
                0x00000000000050ec       0x34 zephyr/libzephyr.a(nrf_rtc_timer.c.obj)
                0x00000000000050ec                sys_clock_cycle_get_32
 .text._DoInit  0x0000000000005120       0x60 zephyr/libzephyr.a(SEGGER_RTT.c.obj)
 .text.SEGGER_RTT_WriteSkipNoLock
                0x0000000000005180       0x98 zephyr/libzephyr.a(SEGGER_RTT.c.obj)
                0x0000000000005180                SEGGER_RTT_WriteSkipNoLock
 .text.SEGGER_RTT_WriteNoLock
                0x0000000000005218       0x68 zephyr/libzephyr.a(SEGGER_RTT.c.obj)
                0x0000000000005218                SEGGER_RTT_WriteNoLock
 .text.SEGGER_RTT_HasDataUp
                0x0000000000005280       0x14 zephyr/libzephyr.a(SEGGER_RTT.c.obj)
                0x0000000000005280                SEGGER_RTT_HasDataUp
 .text.uECC_get_rng
                0x0000000000005294        0xc zephyr/libzephyr.a(ecc.c.obj)
                0x0000000000005294                uECC_get_rng
 .text.vli_mmod_fast_secp256r1
                0x00000000000052a0      0x1a0 zephyr/libzephyr.a(ecc.c.obj)
                0x00000000000052a0                vli_mmod_fast_secp256r1
 .text.tc_aes128_set_encrypt_key
                0x0000000000005440       0xa4 zephyr/libzephyr.a(aes_encrypt.c.obj)
                0x0000000000005440                tc_aes128_set_encrypt_key
 .text.tc_aes_encrypt
                0x00000000000054e4       0xd4 zephyr/libzephyr.a(aes_encrypt.c.obj)
                0x00000000000054e4                tc_aes_encrypt
 .text.arch_swap
                0x00000000000055b8       0x34 zephyr/arch/arch/arm/core/aarch32/libarch__arm__core__aarch32.a(swap.c.obj)
                0x00000000000055b8                arch_swap
 .text.z_arm_pendsv
                0x00000000000055ec       0x48 zephyr/arch/arch/arm/core/aarch32/libarch__arm__core__aarch32.a(swap_helper.S.obj)
                0x00000000000055ec                z_arm_pendsv
 .text.z_arm_svc
                0x0000000000005634       0x20 zephyr/arch/arch/arm/core/aarch32/libarch__arm__core__aarch32.a(swap_helper.S.obj)
                0x0000000000005634                z_arm_svc
 .text.arch_irq_enable
                0x0000000000005654       0x20 zephyr/arch/arch/arm/core/aarch32/libarch__arm__core__aarch32.a(irq_manage.c.obj)
                0x0000000000005654                arch_irq_enable
 .text.arch_irq_disable
                0x0000000000005674       0x28 zephyr/arch/arch/arm/core/aarch32/libarch__arm__core__aarch32.a(irq_manage.c.obj)
                0x0000000000005674                arch_irq_disable
 .text.arch_irq_is_enabled
                0x000000000000569c       0x1c zephyr/arch/arch/arm/core/aarch32/libarch__arm__core__aarch32.a(irq_manage.c.obj)
                0x000000000000569c                arch_irq_is_enabled
 .text.z_arm_irq_priority_set
                0x00000000000056b8       0x30 zephyr/arch/arch/arm/core/aarch32/libarch__arm__core__aarch32.a(irq_manage.c.obj)
                0x00000000000056b8                z_arm_irq_priority_set
 .text._arch_isr_direct_pm
                0x00000000000056e8       0x1c zephyr/arch/arch/arm/core/aarch32/libarch__arm__core__aarch32.a(irq_manage.c.obj)
                0x00000000000056e8                _arch_isr_direct_pm
 .text.arch_new_thread
                0x0000000000005704       0x38 zephyr/arch/arch/arm/core/aarch32/libarch__arm__core__aarch32.a(thread.c.obj)
                0x0000000000005704                arch_new_thread
 .text.arch_switch_to_main_thread
                0x000000000000573c       0x30 zephyr/arch/arch/arm/core/aarch32/libarch__arm__core__aarch32.a(thread.c.obj)
                0x000000000000573c                arch_switch_to_main_thread
 .text.z_arm_cpu_idle_init
                0x000000000000576c        0xc zephyr/arch/arch/arm/core/aarch32/libarch__arm__core__aarch32.a(cpu_idle.S.obj)
                0x000000000000576c                z_arm_cpu_idle_init
 .text.arch_cpu_idle
                0x0000000000005778       0x1c zephyr/arch/arch/arm/core/aarch32/libarch__arm__core__aarch32.a(cpu_idle.S.obj)
                0x0000000000005778                arch_cpu_idle
 .text.arch_cpu_atomic_idle
                0x0000000000005794       0x14 zephyr/arch/arch/arm/core/aarch32/libarch__arm__core__aarch32.a(cpu_idle.S.obj)
                0x0000000000005794                arch_cpu_atomic_idle
 .text.z_arm_fatal_error
                0x00000000000057a8       0x70 zephyr/arch/arch/arm/core/aarch32/libarch__arm__core__aarch32.a(fatal.c.obj)
                0x00000000000057a8                z_arm_fatal_error
 .text.z_SysNmiOnReset
                0x0000000000005818        0x8 zephyr/arch/arch/arm/core/aarch32/libarch__arm__core__aarch32.a(nmi_on_reset.S.obj)
                0x0000000000005818                z_SysNmiOnReset
 .text.z_arm_prep_c
                0x0000000000005820       0x44 zephyr/arch/arch/arm/core/aarch32/libarch__arm__core__aarch32.a(prep_c.c.obj)
                0x0000000000005820                z_arm_prep_c
 .text._isr_wrapper
                0x0000000000005864       0x40 zephyr/arch/arch/arm/core/aarch32/libarch__arm__core__aarch32.a(isr_wrapper.S.obj)
                0x0000000000005864                _isr_wrapper
 .text._reset_section
                0x00000000000058a4       0x30 zephyr/arch/arch/arm/core/aarch32/cortex_m/libarch__arm__core__aarch32__cortex_m.a(reset.S.obj)
                0x00000000000058a4                z_arm_reset
                0x00000000000058a4                __start
 .text.__fault  0x00000000000058d4       0x14 zephyr/arch/arch/arm/core/aarch32/cortex_m/libarch__arm__core__aarch32__cortex_m.a(fault_s.S.obj)
                0x00000000000058d4                z_arm_bus_fault
                0x00000000000058d4                z_arm_usage_fault
                0x00000000000058d4                z_arm_mpu_fault
                0x00000000000058d4                z_arm_exc_spurious
                0x00000000000058d4                z_arm_debug_monitor
                0x00000000000058d4                z_arm_hard_fault
 .text.usage_fault.isra.0
                0x00000000000058e8       0xb8 zephyr/arch/arch/arm/core/aarch32/cortex_m/libarch__arm__core__aarch32__cortex_m.a(fault.c.obj)
 .text.mem_manage_fault.isra.0
                0x00000000000059a0       0xd0 zephyr/arch/arch/arm/core/aarch32/cortex_m/libarch__arm__core__aarch32__cortex_m.a(fault.c.obj)
 .text.bus_fault.isra.0
                0x0000000000005a70       0xdc zephyr/arch/arch/arm/core/aarch32/cortex_m/libarch__arm__core__aarch32__cortex_m.a(fault.c.obj)
 .text.z_arm_fault
                0x0000000000005b4c      0x1a8 zephyr/arch/arch/arm/core/aarch32/cortex_m/libarch__arm__core__aarch32__cortex_m.a(fault.c.obj)
                0x0000000000005b4c                z_arm_fault
 .text.z_arm_fault_init
                0x0000000000005cf4       0x10 zephyr/arch/arch/arm/core/aarch32/cortex_m/libarch__arm__core__aarch32__cortex_m.a(fault.c.obj)
                0x0000000000005cf4                z_arm_fault_init
 .text._HandlerModeExit
                0x0000000000005d04       0x1c zephyr/arch/arch/arm/core/aarch32/cortex_m/libarch__arm__core__aarch32__cortex_m.a(exc_exit.S.obj)
                0x0000000000005d04                z_arm_exc_exit
                0x0000000000005d04                z_arm_int_exit
 .text.z_arm_interrupt_init
                0x0000000000005d20       0x18 zephyr/arch/arch/arm/core/aarch32/cortex_m/libarch__arm__core__aarch32__cortex_m.a(irq_init.c.obj)
                0x0000000000005d20                z_arm_interrupt_init
 .text.z_impl_k_thread_abort
                0x0000000000005d38       0x24 zephyr/arch/arch/arm/core/aarch32/cortex_m/libarch__arm__core__aarch32__cortex_m.a(thread_abort.c.obj)
                0x0000000000005d38                z_impl_k_thread_abort
 .text.z_arm_configure_static_mpu_regions
                0x0000000000005d5c       0x18 zephyr/arch/arch/arm/core/aarch32/cortex_m/mpu/libarch__arm__core__aarch32__cortex_m__mpu.a(arm_core_mpu.c.obj)
                0x0000000000005d5c                z_arm_configure_static_mpu_regions
 .text.mpu_configure_regions
                0x0000000000005d74       0xb8 zephyr/arch/arch/arm/core/aarch32/cortex_m/mpu/libarch__arm__core__aarch32__cortex_m__mpu.a(arm_mpu.c.obj)
 .text.arm_core_mpu_enable
                0x0000000000005e2c       0x14 zephyr/arch/arch/arm/core/aarch32/cortex_m/mpu/libarch__arm__core__aarch32__cortex_m__mpu.a(arm_mpu.c.obj)
                0x0000000000005e2c                arm_core_mpu_enable
 .text.arm_core_mpu_disable
                0x0000000000005e40       0x10 zephyr/arch/arch/arm/core/aarch32/cortex_m/mpu/libarch__arm__core__aarch32__cortex_m__mpu.a(arm_mpu.c.obj)
                0x0000000000005e40                arm_core_mpu_disable
 .text.arm_mpu_init
                0x0000000000005e50       0x5c zephyr/arch/arch/arm/core/aarch32/cortex_m/mpu/libarch__arm__core__aarch32__cortex_m__mpu.a(arm_mpu.c.obj)
 .text.arm_core_mpu_configure_static_mpu_regions
                0x0000000000005eac       0x14 zephyr/arch/arch/arm/core/aarch32/cortex_m/mpu/libarch__arm__core__aarch32__cortex_m__mpu.a(arm_mpu.c.obj)
                0x0000000000005eac                arm_core_mpu_configure_static_mpu_regions
 .text.__stdout_hook_install
                0x0000000000005ec0        0xc zephyr/lib/libc/newlib/liblib__libc__newlib.a(libc-hooks.c.obj)
                0x0000000000005ec0                __stdout_hook_install
 .text.nordicsemi_nrf52_init
                0x0000000000005ecc       0x30 zephyr/soc/arm/nordic_nrf/nrf52/libsoc__arm__nordic_nrf__nrf52.a(soc.c.obj)
 .text.arch_busy_wait
                0x0000000000005efc       0x14 zephyr/soc/arm/nordic_nrf/nrf52/libsoc__arm__nordic_nrf__nrf52.a(soc.c.obj)
                0x0000000000005efc                arch_busy_wait
 .text.bt_hex_real
                0x0000000000005f10       0x44 zephyr/subsys/bluetooth/common/libsubsys__bluetooth__common.a(log.c.obj)
                0x0000000000005f10                bt_hex_real
 .text.bt_addr_le_str_real
                0x0000000000005f54       0x7c zephyr/subsys/bluetooth/common/libsubsys__bluetooth__common.a(log.c.obj)
                0x0000000000005f54                bt_addr_le_str_real
 .text.ecc_thread
                0x0000000000005fd0      0x1dc zephyr/subsys/bluetooth/host/libsubsys__bluetooth__host.a(hci_ecc.c.obj)
 .text.le_gen_dhkey
                0x00000000000061ac       0x98 zephyr/subsys/bluetooth/host/libsubsys__bluetooth__host.a(hci_ecc.c.obj)
 .text.bt_hci_ecc_send
                0x0000000000006244       0xdc zephyr/subsys/bluetooth/host/libsubsys__bluetooth__host.a(hci_ecc.c.obj)
                0x0000000000006244                bt_hci_ecc_send
 .text.bt_hci_ecc_init
                0x0000000000006320       0x48 zephyr/subsys/bluetooth/host/libsubsys__bluetooth__host.a(hci_ecc.c.obj)
                0x0000000000006320                bt_hci_ecc_init
 .text.uuid_to_uuid128
                0x0000000000006368       0x88 zephyr/subsys/bluetooth/host/libsubsys__bluetooth__host.a(uuid.c.obj)
 .text.bt_buf_get_rx
                0x00000000000063f0       0x20 zephyr/subsys/bluetooth/host/libsubsys__bluetooth__host.a(buf.c.obj)
                0x00000000000063f0                bt_buf_get_rx
 .text.bt_buf_get_cmd_complete
                0x0000000000006410       0x4c zephyr/subsys/bluetooth/host/libsubsys__bluetooth__host.a(buf.c.obj)
                0x0000000000006410                bt_buf_get_cmd_complete
 .text.bt_buf_get_evt
                0x000000000000645c       0x54 zephyr/subsys/bluetooth/host/libsubsys__bluetooth__host.a(buf.c.obj)
                0x000000000000645c                bt_buf_get_evt
 .text.ver_str  0x00000000000064b0       0x38 zephyr/subsys/bluetooth/host/libsubsys__bluetooth__host.a(hci_core.c.obj)
 .text.hci_data_buf_overflow
                0x00000000000064e8       0x24 zephyr/subsys/bluetooth/host/libsubsys__bluetooth__host.a(hci_core.c.obj)
 .text.le_data_len_change
                0x000000000000650c       0x3c zephyr/subsys/bluetooth/host/libsubsys__bluetooth__host.a(hci_core.c.obj)
 .text.hci_disconn_complete_prio
                0x0000000000006548       0x50 zephyr/subsys/bluetooth/host/libsubsys__bluetooth__host.a(hci_core.c.obj)
 .text.hci_disconn_complete
                0x0000000000006598       0x54 zephyr/subsys/bluetooth/host/libsubsys__bluetooth__host.a(hci_core.c.obj)
 .text.hci_hardware_error
                0x00000000000065ec       0x30 zephyr/subsys/bluetooth/host/libsubsys__bluetooth__host.a(hci_core.c.obj)
 .text.hci_vendor_event
                0x000000000000661c       0x38 zephyr/subsys/bluetooth/host/libsubsys__bluetooth__host.a(hci_core.c.obj)
 .text.hci_encrypt_key_refresh_complete
                0x0000000000006654       0xa4 zephyr/subsys/bluetooth/host/libsubsys__bluetooth__host.a(hci_core.c.obj)
 .text.hci_encrypt_change
                0x00000000000066f8       0xa8 zephyr/subsys/bluetooth/host/libsubsys__bluetooth__host.a(hci_core.c.obj)
 .text.hci_cmd_done
                0x00000000000067a0      0x130 zephyr/subsys/bluetooth/host/libsubsys__bluetooth__host.a(hci_core.c.obj)
 .text.handle_event
                0x00000000000068d0       0x84 zephyr/subsys/bluetooth/host/libsubsys__bluetooth__host.a(hci_core.c.obj)
 .text.hci_le_meta_event
                0x0000000000006954       0x20 zephyr/subsys/bluetooth/host/libsubsys__bluetooth__host.a(hci_core.c.obj)
 .text.find_pending_connect.part.0
                0x0000000000006974       0x3c zephyr/subsys/bluetooth/host/libsubsys__bluetooth__host.a(hci_core.c.obj)
 .text.hci_num_completed_packets
                0x00000000000069b0      0x104 zephyr/subsys/bluetooth/host/libsubsys__bluetooth__host.a(hci_core.c.obj)
 .text.hci_tx_thread
                0x0000000000006ab4      0x188 zephyr/subsys/bluetooth/host/libsubsys__bluetooth__host.a(hci_core.c.obj)
 .text.le_conn_update_complete
                0x0000000000006c3c       0xa8 zephyr/subsys/bluetooth/host/libsubsys__bluetooth__host.a(hci_core.c.obj)
 .text.hci_cmd_status
                0x0000000000006ce4       0x2c zephyr/subsys/bluetooth/host/libsubsys__bluetooth__host.a(hci_core.c.obj)
 .text.hci_cmd_complete
                0x0000000000006d10       0x30 zephyr/subsys/bluetooth/host/libsubsys__bluetooth__host.a(hci_core.c.obj)
 .text.bt_hci_cmd_state_set_init
                0x0000000000006d40       0x24 zephyr/subsys/bluetooth/host/libsubsys__bluetooth__host.a(hci_core.c.obj)
                0x0000000000006d40                bt_hci_cmd_state_set_init
 .text.bt_hci_cmd_create
                0x0000000000006d64       0x70 zephyr/subsys/bluetooth/host/libsubsys__bluetooth__host.a(hci_core.c.obj)
                0x0000000000006d64                bt_hci_cmd_create
 .text.bt_hci_cmd_send
                0x0000000000006dd4       0x64 zephyr/subsys/bluetooth/host/libsubsys__bluetooth__host.a(hci_core.c.obj)
                0x0000000000006dd4                bt_hci_cmd_send
 .text.le_ltk_request
                0x0000000000006e38       0xd0 zephyr/subsys/bluetooth/host/libsubsys__bluetooth__host.a(hci_core.c.obj)
 .text.le_conn_param_neg_reply
                0x0000000000006f08       0x54 zephyr/subsys/bluetooth/host/libsubsys__bluetooth__host.a(hci_core.c.obj)
 .text.le_conn_param_req
                0x0000000000006f5c       0xd0 zephyr/subsys/bluetooth/host/libsubsys__bluetooth__host.a(hci_core.c.obj)
 .text.bt_hci_cmd_send_sync
                0x000000000000702c       0xf0 zephyr/subsys/bluetooth/host/libsubsys__bluetooth__host.a(hci_core.c.obj)
                0x000000000000702c                bt_hci_cmd_send_sync
 .text.hci_le_read_max_data_len
                0x000000000000711c       0x54 zephyr/subsys/bluetooth/host/libsubsys__bluetooth__host.a(hci_core.c.obj)
 .text.conn_auto_initiate
                0x0000000000007170      0x10c zephyr/subsys/bluetooth/host/libsubsys__bluetooth__host.a(hci_core.c.obj)
 .text.le_phy_update_complete
                0x000000000000727c       0x7c zephyr/subsys/bluetooth/host/libsubsys__bluetooth__host.a(hci_core.c.obj)
 .text.le_remote_feat_complete
                0x00000000000072f8       0x74 zephyr/subsys/bluetooth/host/libsubsys__bluetooth__host.a(hci_core.c.obj)
 .text.enh_conn_complete
                0x000000000000736c      0x1d4 zephyr/subsys/bluetooth/host/libsubsys__bluetooth__host.a(hci_core.c.obj)
 .text.bt_security_err_get
                0x0000000000007540       0x10 zephyr/subsys/bluetooth/host/libsubsys__bluetooth__host.a(hci_core.c.obj)
                0x0000000000007540                bt_security_err_get
 .text.hci_event_prio
                0x0000000000007550       0xa4 zephyr/subsys/bluetooth/host/libsubsys__bluetooth__host.a(hci_core.c.obj)
                0x0000000000007550                hci_event_prio
 .text.bt_recv  0x00000000000075f4      0x148 zephyr/subsys/bluetooth/host/libsubsys__bluetooth__host.a(hci_core.c.obj)
                0x00000000000075f4                bt_recv
 .text.bt_recv_prio
                0x000000000000773c       0x3c zephyr/subsys/bluetooth/host/libsubsys__bluetooth__host.a(hci_core.c.obj)
                0x000000000000773c                bt_recv_prio
 .text.bt_hci_driver_register
                0x0000000000007778       0x28 zephyr/subsys/bluetooth/host/libsubsys__bluetooth__host.a(hci_core.c.obj)
                0x0000000000007778                bt_hci_driver_register
 .text.bt_finalize_init
                0x00000000000077a0       0xec zephyr/subsys/bluetooth/host/libsubsys__bluetooth__host.a(hci_core.c.obj)
                0x00000000000077a0                bt_finalize_init
 .text.init_work
                0x000000000000788c       0x2c zephyr/subsys/bluetooth/host/libsubsys__bluetooth__host.a(hci_core.c.obj)
 .text.bt_enable
                0x00000000000078b8      0x100 zephyr/subsys/bluetooth/host/libsubsys__bluetooth__host.a(hci_core.c.obj)
                0x00000000000078b8                bt_enable
 .text.bt_get_name
                0x00000000000079b8        0x8 zephyr/subsys/bluetooth/host/libsubsys__bluetooth__host.a(hci_core.c.obj)
                0x00000000000079b8                bt_get_name
 .text.id_find  0x00000000000079c0       0x34 zephyr/subsys/bluetooth/host/libsubsys__bluetooth__host.a(id.c.obj)
 .text.set_random_address
                0x00000000000079f4       0x5c zephyr/subsys/bluetooth/host/libsubsys__bluetooth__host.a(id.c.obj)
 .text.id_create.isra.0
                0x0000000000007a50       0x58 zephyr/subsys/bluetooth/host/libsubsys__bluetooth__host.a(id.c.obj)
 .text.bt_id_pending_keys_update
                0x0000000000007aa8       0x34 zephyr/subsys/bluetooth/host/libsubsys__bluetooth__host.a(id.c.obj)
                0x0000000000007aa8                bt_id_pending_keys_update
 .text.bt_id_add
                0x0000000000007adc      0x1a8 zephyr/subsys/bluetooth/host/libsubsys__bluetooth__host.a(id.c.obj)
                0x0000000000007adc                bt_id_add
 .text.bt_id_del
                0x0000000000007c84      0x144 zephyr/subsys/bluetooth/host/libsubsys__bluetooth__host.a(id.c.obj)
                0x0000000000007c84                bt_id_del
 .text.bt_id_create
                0x0000000000007dc8       0xb4 zephyr/subsys/bluetooth/host/libsubsys__bluetooth__host.a(id.c.obj)
                0x0000000000007dc8                bt_id_create
 .text.bt_id_read_public_addr
                0x0000000000007e7c       0x88 zephyr/subsys/bluetooth/host/libsubsys__bluetooth__host.a(id.c.obj)
                0x0000000000007e7c                bt_id_read_public_addr
 .text.bt_setup_public_id_addr
                0x0000000000007f04       0x20 zephyr/subsys/bluetooth/host/libsubsys__bluetooth__host.a(id.c.obj)
                0x0000000000007f04                bt_setup_public_id_addr
 .text.bt_read_static_addr
                0x0000000000007f24       0xb8 zephyr/subsys/bluetooth/host/libsubsys__bluetooth__host.a(id.c.obj)
                0x0000000000007f24                bt_read_static_addr
 .text.bt_setup_random_id_addr
                0x0000000000007fdc       0x54 zephyr/subsys/bluetooth/host/libsubsys__bluetooth__host.a(id.c.obj)
                0x0000000000007fdc                bt_setup_random_id_addr
 .text.bt_id_set_adv_own_addr
                0x0000000000008030       0xa0 zephyr/subsys/bluetooth/host/libsubsys__bluetooth__host.a(id.c.obj)
                0x0000000000008030                bt_id_set_adv_own_addr
 .text.bt_id_init
                0x00000000000080d0       0x68 zephyr/subsys/bluetooth/host/libsubsys__bluetooth__host.a(id.c.obj)
                0x00000000000080d0                bt_id_init
 .text.valid_adv_param
                0x0000000000008138       0x88 zephyr/subsys/bluetooth/host/libsubsys__bluetooth__host.a(adv.c.obj)
 .text.hci_set_ad
                0x00000000000081c0       0xe4 zephyr/subsys/bluetooth/host/libsubsys__bluetooth__host.a(adv.c.obj)
 .text.le_adv_start_add_conn
                0x00000000000082a4       0xac zephyr/subsys/bluetooth/host/libsubsys__bluetooth__host.a(adv.c.obj)
 .text.bt_le_ext_adv_foreach
                0x0000000000008350        0xc zephyr/subsys/bluetooth/host/libsubsys__bluetooth__host.a(adv.c.obj)
                0x0000000000008350                bt_le_ext_adv_foreach
 .text.bt_le_adv_lookup_legacy
                0x000000000000835c        0x8 zephyr/subsys/bluetooth/host/libsubsys__bluetooth__host.a(adv.c.obj)
                0x000000000000835c                bt_le_adv_lookup_legacy
 .text.bt_le_adv_start_legacy
                0x0000000000008364      0x240 zephyr/subsys/bluetooth/host/libsubsys__bluetooth__host.a(adv.c.obj)
                0x0000000000008364                bt_le_adv_start_legacy
 .text.bt_le_adv_start
                0x00000000000085a4       0x1c zephyr/subsys/bluetooth/host/libsubsys__bluetooth__host.a(adv.c.obj)
                0x00000000000085a4                bt_le_adv_start
 .text.bt_le_adv_resume
                0x00000000000085c0       0x80 zephyr/subsys/bluetooth/host/libsubsys__bluetooth__host.a(adv.c.obj)
                0x00000000000085c0                bt_le_adv_resume
 .text.bt_pub_key_is_debug
                0x0000000000008640       0x18 zephyr/subsys/bluetooth/host/libsubsys__bluetooth__host.a(ecc.c.obj)
                0x0000000000008640                bt_pub_key_is_debug
 .text.bt_pub_key_gen
                0x0000000000008658      0x134 zephyr/subsys/bluetooth/host/libsubsys__bluetooth__host.a(ecc.c.obj)
                0x0000000000008658                bt_pub_key_gen
 .text.bt_pub_key_get
                0x000000000000878c       0x20 zephyr/subsys/bluetooth/host/libsubsys__bluetooth__host.a(ecc.c.obj)
                0x000000000000878c                bt_pub_key_get
 .text.bt_dh_key_gen
                0x00000000000087ac       0xb4 zephyr/subsys/bluetooth/host/libsubsys__bluetooth__host.a(ecc.c.obj)
                0x00000000000087ac                bt_dh_key_gen
 .text.bt_hci_evt_le_pkey_complete
                0x0000000000008860       0x90 zephyr/subsys/bluetooth/host/libsubsys__bluetooth__host.a(ecc.c.obj)
                0x0000000000008860                bt_hci_evt_le_pkey_complete
 .text.bt_hci_evt_le_dhkey_complete
                0x00000000000088f0       0x1c zephyr/subsys/bluetooth/host/libsubsys__bluetooth__host.a(ecc.c.obj)
                0x00000000000088f0                bt_hci_evt_le_dhkey_complete
 .text.tx_free  0x000000000000890c       0x14 zephyr/subsys/bluetooth/host/libsubsys__bluetooth__host.a(conn.c.obj)
 .text.notify_connected
                0x0000000000008920       0x2c zephyr/subsys/bluetooth/host/libsubsys__bluetooth__host.a(conn.c.obj)
 .text.send_frag
                0x000000000000894c      0x138 zephyr/subsys/bluetooth/host/libsubsys__bluetooth__host.a(conn.c.obj)
 .text.bt_conn_get_pkts
                0x0000000000008a84        0x8 zephyr/subsys/bluetooth/host/libsubsys__bluetooth__host.a(conn.c.obj)
                0x0000000000008a84                bt_conn_get_pkts
 .text.notify_le_param_updated
                0x0000000000008a8c       0x70 zephyr/subsys/bluetooth/host/libsubsys__bluetooth__host.a(conn.c.obj)
                0x0000000000008a8c                notify_le_param_updated
 .text.le_param_req
                0x0000000000008afc       0x40 zephyr/subsys/bluetooth/host/libsubsys__bluetooth__host.a(conn.c.obj)
                0x0000000000008afc                le_param_req
 .text.bt_conn_identity_resolved
                0x0000000000008b3c       0x34 zephyr/subsys/bluetooth/host/libsubsys__bluetooth__host.a(conn.c.obj)
                0x0000000000008b3c                bt_conn_identity_resolved
 .text.bt_conn_security_changed
                0x0000000000008b70       0x2c zephyr/subsys/bluetooth/host/libsubsys__bluetooth__host.a(conn.c.obj)
                0x0000000000008b70                bt_conn_security_changed
 .text.bt_conn_cb_register
                0x0000000000008b9c       0x10 zephyr/subsys/bluetooth/host/libsubsys__bluetooth__host.a(conn.c.obj)
                0x0000000000008b9c                bt_conn_cb_register
 .text.conn_cleanup
                0x0000000000008bac       0x44 zephyr/subsys/bluetooth/host/libsubsys__bluetooth__host.a(conn.c.obj)
 .text.bt_conn_recv
                0x0000000000008bf0      0x114 zephyr/subsys/bluetooth/host/libsubsys__bluetooth__host.a(conn.c.obj)
                0x0000000000008bf0                bt_conn_recv
 .text.bt_conn_send_cb
                0x0000000000008d04       0xd8 zephyr/subsys/bluetooth/host/libsubsys__bluetooth__host.a(conn.c.obj)
                0x0000000000008d04                bt_conn_send_cb
 .text.bt_conn_prepare_events
                0x0000000000008ddc       0x7c zephyr/subsys/bluetooth/host/libsubsys__bluetooth__host.a(conn.c.obj)
                0x0000000000008ddc                bt_conn_prepare_events
 .text.bt_conn_add_le
                0x0000000000008e58       0x5c zephyr/subsys/bluetooth/host/libsubsys__bluetooth__host.a(conn.c.obj)
                0x0000000000008e58                bt_conn_add_le
 .text.bt_conn_lookup_handle
                0x0000000000008eb4       0x18 zephyr/subsys/bluetooth/host/libsubsys__bluetooth__host.a(conn.c.obj)
                0x0000000000008eb4                bt_conn_lookup_handle
 .text.bt_conn_set_state
                0x0000000000008ecc      0x1e4 zephyr/subsys/bluetooth/host/libsubsys__bluetooth__host.a(conn.c.obj)
                0x0000000000008ecc                bt_conn_set_state
 .text.bt_conn_lookup_addr_le
                0x00000000000090b0       0x3c zephyr/subsys/bluetooth/host/libsubsys__bluetooth__host.a(conn.c.obj)
                0x00000000000090b0                bt_conn_lookup_addr_le
 .text.bt_conn_exists_le
                0x00000000000090ec       0x4c zephyr/subsys/bluetooth/host/libsubsys__bluetooth__host.a(conn.c.obj)
                0x00000000000090ec                bt_conn_exists_le
 .text.bt_conn_lookup_state_le
                0x0000000000009138       0x48 zephyr/subsys/bluetooth/host/libsubsys__bluetooth__host.a(conn.c.obj)
                0x0000000000009138                bt_conn_lookup_state_le
 .text.send_conn_le_param_update
                0x0000000000009180       0x60 zephyr/subsys/bluetooth/host/libsubsys__bluetooth__host.a(conn.c.obj)
 .text.deferred_work
                0x00000000000091e0       0x9c zephyr/subsys/bluetooth/host/libsubsys__bluetooth__host.a(conn.c.obj)
 .text.bt_conn_create_pdu_timeout
                0x000000000000927c       0x48 zephyr/subsys/bluetooth/host/libsubsys__bluetooth__host.a(conn.c.obj)
                0x000000000000927c                bt_conn_create_pdu_timeout
 .text.bt_conn_create_frag_timeout
                0x00000000000092c4        0xc zephyr/subsys/bluetooth/host/libsubsys__bluetooth__host.a(conn.c.obj)
                0x00000000000092c4                bt_conn_create_frag_timeout
 .text.create_frag.isra.0
                0x00000000000092d0       0x6c zephyr/subsys/bluetooth/host/libsubsys__bluetooth__host.a(conn.c.obj)
 .text.bt_conn_process_tx
                0x000000000000933c       0xd0 zephyr/subsys/bluetooth/host/libsubsys__bluetooth__host.a(conn.c.obj)
                0x000000000000933c                bt_conn_process_tx
 .text.bt_conn_auth_cb_register
                0x000000000000940c       0x38 zephyr/subsys/bluetooth/host/libsubsys__bluetooth__host.a(conn.c.obj)
                0x000000000000940c                bt_conn_auth_cb_register
 .text.bt_conn_index
                0x0000000000009444       0x18 zephyr/subsys/bluetooth/host/libsubsys__bluetooth__host.a(conn.c.obj)
                0x0000000000009444                bt_conn_index
 .text.bt_conn_init
                0x000000000000945c       0x40 zephyr/subsys/bluetooth/host/libsubsys__bluetooth__host.a(conn.c.obj)
                0x000000000000945c                bt_conn_init
 .text.l2cap_accept
                0x000000000000949c       0x44 zephyr/subsys/bluetooth/host/libsubsys__bluetooth__host.a(l2cap.c.obj)
 .text.l2cap_create_le_sig_pdu.isra.0
                0x00000000000094e0       0x50 zephyr/subsys/bluetooth/host/libsubsys__bluetooth__host.a(l2cap.c.obj)
 .text.l2cap_rtx_timeout
                0x0000000000009530       0x3c zephyr/subsys/bluetooth/host/libsubsys__bluetooth__host.a(l2cap.c.obj)
 .text.bt_l2cap_connected
                0x000000000000956c       0xb8 zephyr/subsys/bluetooth/host/libsubsys__bluetooth__host.a(l2cap.c.obj)
                0x000000000000956c                bt_l2cap_connected
 .text.l2cap_recv
                0x0000000000009624       0xe4 zephyr/subsys/bluetooth/host/libsubsys__bluetooth__host.a(l2cap.c.obj)
 .text.bt_l2cap_recv
                0x0000000000009708       0x70 zephyr/subsys/bluetooth/host/libsubsys__bluetooth__host.a(l2cap.c.obj)
                0x0000000000009708                bt_l2cap_recv
 .text.bt_l2cap_update_conn_param
                0x0000000000009778       0x5c zephyr/subsys/bluetooth/host/libsubsys__bluetooth__host.a(l2cap.c.obj)
                0x0000000000009778                bt_l2cap_update_conn_param
 .text.att_cfm_sent
                0x00000000000097d4       0x10 zephyr/subsys/bluetooth/host/libsubsys__bluetooth__host.a(att.c.obj)
 .text.att_rsp_sent
                0x00000000000097e4       0x10 zephyr/subsys/bluetooth/host/libsubsys__bluetooth__host.a(att.c.obj)
 .text.att_req_sent
                0x00000000000097f4       0x10 zephyr/subsys/bluetooth/host/libsubsys__bluetooth__host.a(att.c.obj)
 .text.bt_att_released
                0x0000000000009804       0x18 zephyr/subsys/bluetooth/host/libsubsys__bluetooth__host.a(att.c.obj)
 .text.read_group_cb
                0x000000000000981c       0xac zephyr/subsys/bluetooth/host/libsubsys__bluetooth__host.a(att.c.obj)
 .text.read_type_cb
                0x00000000000098c8       0xa8 zephyr/subsys/bluetooth/host/libsubsys__bluetooth__host.a(att.c.obj)
 .text.find_type_cb
                0x0000000000009970      0x164 zephyr/subsys/bluetooth/host/libsubsys__bluetooth__host.a(att.c.obj)
 .text.chan_send
                0x0000000000009ad4       0xe8 zephyr/subsys/bluetooth/host/libsubsys__bluetooth__host.a(att.c.obj)
 .text.att_get  0x0000000000009bbc       0x80 zephyr/subsys/bluetooth/host/libsubsys__bluetooth__host.a(att.c.obj)
 .text.bt_att_chan_send_rsp.constprop.0
                0x0000000000009c3c       0x24 zephyr/subsys/bluetooth/host/libsubsys__bluetooth__host.a(att.c.obj)
 .text.chan_req_sent
                0x0000000000009c60       0x1c zephyr/subsys/bluetooth/host/libsubsys__bluetooth__host.a(att.c.obj)
 .text.bt_att_accept
                0x0000000000009c7c       0xc8 zephyr/subsys/bluetooth/host/libsubsys__bluetooth__host.a(att.c.obj)
 .text.bt_att_connected
                0x0000000000009d44       0x5c zephyr/subsys/bluetooth/host/libsubsys__bluetooth__host.a(att.c.obj)
 .text.att_write_cmd
                0x0000000000009da0       0x70 zephyr/subsys/bluetooth/host/libsubsys__bluetooth__host.a(att.c.obj)
 .text.bt_att_chan_create_pdu
                0x0000000000009e10       0x88 zephyr/subsys/bluetooth/host/libsubsys__bluetooth__host.a(att.c.obj)
                0x0000000000009e10                bt_att_chan_create_pdu
 .text.bt_att_recv
                0x0000000000009e98      0x160 zephyr/subsys/bluetooth/host/libsubsys__bluetooth__host.a(att.c.obj)
 .text.att_write_req
                0x0000000000009ff8       0xb4 zephyr/subsys/bluetooth/host/libsubsys__bluetooth__host.a(att.c.obj)
 .text.bt_att_create_pdu
                0x000000000000a0ac       0x70 zephyr/subsys/bluetooth/host/libsubsys__bluetooth__host.a(att.c.obj)
                0x000000000000a0ac                bt_att_create_pdu
 .text.att_read_group_req
                0x000000000000a11c      0x104 zephyr/subsys/bluetooth/host/libsubsys__bluetooth__host.a(att.c.obj)
 .text.att_read_mult_req
                0x000000000000a220       0x84 zephyr/subsys/bluetooth/host/libsubsys__bluetooth__host.a(att.c.obj)
 .text.att_read_rsp
                0x000000000000a2a4       0x90 zephyr/subsys/bluetooth/host/libsubsys__bluetooth__host.a(att.c.obj)
 .text.att_read_type_req
                0x000000000000a334       0xc0 zephyr/subsys/bluetooth/host/libsubsys__bluetooth__host.a(att.c.obj)
 .text.att_find_type_req
                0x000000000000a3f4       0xd4 zephyr/subsys/bluetooth/host/libsubsys__bluetooth__host.a(att.c.obj)
 .text.att_find_info_req
                0x000000000000a4c8       0x70 zephyr/subsys/bluetooth/host/libsubsys__bluetooth__host.a(att.c.obj)
 .text.bt_att_req_alloc
                0x000000000000a538       0x2c zephyr/subsys/bluetooth/host/libsubsys__bluetooth__host.a(att.c.obj)
                0x000000000000a538                bt_att_req_alloc
 .text.bt_att_req_free
                0x000000000000a564       0x24 zephyr/subsys/bluetooth/host/libsubsys__bluetooth__host.a(att.c.obj)
                0x000000000000a564                bt_att_req_free
 .text.att_handle_rsp
                0x000000000000a588       0x98 zephyr/subsys/bluetooth/host/libsubsys__bluetooth__host.a(att.c.obj)
 .text.bt_att_disconnected
                0x000000000000a620       0xb4 zephyr/subsys/bluetooth/host/libsubsys__bluetooth__host.a(att.c.obj)
 .text.att_timeout
                0x000000000000a6d4       0x30 zephyr/subsys/bluetooth/host/libsubsys__bluetooth__host.a(att.c.obj)
 .text.gatt_indicate
                0x000000000000a704       0xac zephyr/subsys/bluetooth/host/libsubsys__bluetooth__host.a(gatt.c.obj)
 .text.read_ppcp
                0x000000000000a7b0       0x28 zephyr/subsys/bluetooth/host/libsubsys__bluetooth__host.a(gatt.c.obj)
 .text.find_sc_cfg
                0x000000000000a7d8       0x44 zephyr/subsys/bluetooth/host/libsubsys__bluetooth__host.a(gatt.c.obj)
 .text.sc_save  0x000000000000a81c       0x70 zephyr/subsys/bluetooth/host/libsubsys__bluetooth__host.a(gatt.c.obj)
 .text.find_cf_cfg
                0x000000000000a88c       0x60 zephyr/subsys/bluetooth/host/libsubsys__bluetooth__host.a(gatt.c.obj)
 .text.cf_write
                0x000000000000a8ec       0xac zephyr/subsys/bluetooth/host/libsubsys__bluetooth__host.a(gatt.c.obj)
 .text.sc_indicate_rsp
                0x000000000000a998       0x60 zephyr/subsys/bluetooth/host/libsubsys__bluetooth__host.a(gatt.c.obj)
 .text.bt_gatt_attr_write_ccc
                0x000000000000a9f8       0xd4 zephyr/subsys/bluetooth/host/libsubsys__bluetooth__host.a(gatt.c.obj)
                0x000000000000a9f8                bt_gatt_attr_write_ccc
 .text.gatt_notify
                0x000000000000aacc       0x74 zephyr/subsys/bluetooth/host/libsubsys__bluetooth__host.a(gatt.c.obj)
 .text.notify_cb
                0x000000000000ab40       0xf4 zephyr/subsys/bluetooth/host/libsubsys__bluetooth__host.a(gatt.c.obj)
 .text.disconnected_cb
                0x000000000000ac34       0xb8 zephyr/subsys/bluetooth/host/libsubsys__bluetooth__host.a(gatt.c.obj)
 .text.bt_gatt_init
                0x000000000000acec       0xa8 zephyr/subsys/bluetooth/host/libsubsys__bluetooth__host.a(gatt.c.obj)
                0x000000000000acec                bt_gatt_init
 .text.bt_gatt_attr_get_handle
                0x000000000000ad94       0x60 zephyr/subsys/bluetooth/host/libsubsys__bluetooth__host.a(gatt.c.obj)
                0x000000000000ad94                bt_gatt_attr_get_handle
 .text.bt_gatt_foreach_attr_type
                0x000000000000adf4       0xb4 zephyr/subsys/bluetooth/host/libsubsys__bluetooth__host.a(gatt.c.obj)
                0x000000000000adf4                bt_gatt_foreach_attr_type
 .text.db_hash_gen.isra.0
                0x000000000000aea8       0x90 zephyr/subsys/bluetooth/host/libsubsys__bluetooth__host.a(gatt.c.obj)
 .text.bt_gatt_notify_cb
                0x000000000000af38       0xec zephyr/subsys/bluetooth/host/libsubsys__bluetooth__host.a(gatt.c.obj)
                0x000000000000af38                bt_gatt_notify_cb
 .text.bt_gatt_indicate
                0x000000000000b024       0xf4 zephyr/subsys/bluetooth/host/libsubsys__bluetooth__host.a(gatt.c.obj)
                0x000000000000b024                bt_gatt_indicate
 .text.sc_process
                0x000000000000b118       0x68 zephyr/subsys/bluetooth/host/libsubsys__bluetooth__host.a(gatt.c.obj)
 .text.update_ccc
                0x000000000000b180      0x128 zephyr/subsys/bluetooth/host/libsubsys__bluetooth__host.a(gatt.c.obj)
 .text.bt_gatt_connected
                0x000000000000b2a8       0x34 zephyr/subsys/bluetooth/host/libsubsys__bluetooth__host.a(gatt.c.obj)
                0x000000000000b2a8                bt_gatt_connected
 .text.bt_gatt_encrypt_change
                0x000000000000b2dc       0x20 zephyr/subsys/bluetooth/host/libsubsys__bluetooth__host.a(gatt.c.obj)
                0x000000000000b2dc                bt_gatt_encrypt_change
 .text.db_hash_read
                0x000000000000b2fc       0x48 zephyr/subsys/bluetooth/host/libsubsys__bluetooth__host.a(gatt.c.obj)
 .text.bt_gatt_disconnected
                0x000000000000b344       0x5c zephyr/subsys/bluetooth/host/libsubsys__bluetooth__host.a(gatt.c.obj)
                0x000000000000b344                bt_gatt_disconnected
 .text.get_io_capa
                0x000000000000b3a0       0x4c zephyr/subsys/bluetooth/host/libsubsys__bluetooth__host.a(smp.c.obj)
 .text.smp_dhkey_generate
                0x000000000000b3ec       0x4c zephyr/subsys/bluetooth/host/libsubsys__bluetooth__host.a(smp.c.obj)
 .text.get_auth.isra.0
                0x000000000000b438       0x3c zephyr/subsys/bluetooth/host/libsubsys__bluetooth__host.a(smp.c.obj)
 .text.smp_chan_get
                0x000000000000b474       0x30 zephyr/subsys/bluetooth/host/libsubsys__bluetooth__host.a(smp.c.obj)
 .text.bt_smp_accept
                0x000000000000b4a4       0x44 zephyr/subsys/bluetooth/host/libsubsys__bluetooth__host.a(smp.c.obj)
 .text.smp_init
                0x000000000000b4e8       0x3c zephyr/subsys/bluetooth/host/libsubsys__bluetooth__host.a(smp.c.obj)
 .text.smp_send.isra.0
                0x000000000000b524       0x30 zephyr/subsys/bluetooth/host/libsubsys__bluetooth__host.a(smp.c.obj)
 .text.smp_find
                0x000000000000b554       0x1c zephyr/subsys/bluetooth/host/libsubsys__bluetooth__host.a(smp.c.obj)
 .text.compute_and_check_and_send_slave_dhcheck
                0x000000000000b570      0x264 zephyr/subsys/bluetooth/host/libsubsys__bluetooth__host.a(smp.c.obj)
 .text.smp_send_pairing_confirm
                0x000000000000b7d4       0xa4 zephyr/subsys/bluetooth/host/libsubsys__bluetooth__host.a(smp.c.obj)
 .text.smp_public_key_slave
                0x000000000000b878      0x16c zephyr/subsys/bluetooth/host/libsubsys__bluetooth__host.a(smp.c.obj)
 .text.smp_public_key
                0x000000000000b9e4       0xb4 zephyr/subsys/bluetooth/host/libsubsys__bluetooth__host.a(smp.c.obj)
 .text.smp_pairing_req
                0x000000000000ba98      0x390 zephyr/subsys/bluetooth/host/libsubsys__bluetooth__host.a(smp.c.obj)
 .text.smp_ident_info
                0x000000000000be28       0x7c zephyr/subsys/bluetooth/host/libsubsys__bluetooth__host.a(smp.c.obj)
 .text.smp_encrypt_info
                0x000000000000bea4       0x7c zephyr/subsys/bluetooth/host/libsubsys__bluetooth__host.a(smp.c.obj)
 .text.bt_smp_connected
                0x000000000000bf20       0x1c zephyr/subsys/bluetooth/host/libsubsys__bluetooth__host.a(smp.c.obj)
 .text.smp_pairing_confirm
                0x000000000000bf3c       0x98 zephyr/subsys/bluetooth/host/libsubsys__bluetooth__host.a(smp.c.obj)
 .text.smp_pairing_random
                0x000000000000bfd4      0x28c zephyr/subsys/bluetooth/host/libsubsys__bluetooth__host.a(smp.c.obj)
 .text.bt_smp_start_security
                0x000000000000c260      0x17c zephyr/subsys/bluetooth/host/libsubsys__bluetooth__host.a(smp.c.obj)
                0x000000000000c260                bt_smp_start_security
 .text.smp_pairing_complete
                0x000000000000c3dc       0xb8 zephyr/subsys/bluetooth/host/libsubsys__bluetooth__host.a(smp.c.obj)
 .text.bt_smp_recv
                0x000000000000c494      0x118 zephyr/subsys/bluetooth/host/libsubsys__bluetooth__host.a(smp.c.obj)
 .text.bt_smp_pkey_ready
                0x000000000000c5ac       0x68 zephyr/subsys/bluetooth/host/libsubsys__bluetooth__host.a(smp.c.obj)
 .text.smp_ident_addr_info
                0x000000000000c614      0x160 zephyr/subsys/bluetooth/host/libsubsys__bluetooth__host.a(smp.c.obj)
 .text.smp_master_ident
                0x000000000000c774       0xa0 zephyr/subsys/bluetooth/host/libsubsys__bluetooth__host.a(smp.c.obj)
 .text.smp_pairing_failed
                0x000000000000c814       0x68 zephyr/subsys/bluetooth/host/libsubsys__bluetooth__host.a(smp.c.obj)
 .text.bt_smp_encrypt_change
                0x000000000000c87c      0x220 zephyr/subsys/bluetooth/host/libsubsys__bluetooth__host.a(smp.c.obj)
 .text.smp_timeout
                0x000000000000ca9c       0x3c zephyr/subsys/bluetooth/host/libsubsys__bluetooth__host.a(smp.c.obj)
 .text.bt_smp_update_keys
                0x000000000000cad8      0x11c zephyr/subsys/bluetooth/host/libsubsys__bluetooth__host.a(smp.c.obj)
                0x000000000000cad8                bt_smp_update_keys
 .text.bt_smp_init
                0x000000000000cbf4       0x2c zephyr/subsys/bluetooth/host/libsubsys__bluetooth__host.a(smp.c.obj)
                0x000000000000cbf4                bt_smp_init
 .text.bt_keys_get_addr
                0x000000000000cc20       0x50 zephyr/subsys/bluetooth/host/libsubsys__bluetooth__host.a(keys.c.obj)
                0x000000000000cc20                bt_keys_get_addr
 .text.bt_keys_foreach
                0x000000000000cc70       0x1c zephyr/subsys/bluetooth/host/libsubsys__bluetooth__host.a(keys.c.obj)
                0x000000000000cc70                bt_keys_foreach
 .text.bt_keys_find
                0x000000000000cc8c       0x2c zephyr/subsys/bluetooth/host/libsubsys__bluetooth__host.a(keys.c.obj)
                0x000000000000cc8c                bt_keys_find
 .text.bt_keys_find_irk
                0x000000000000ccb8       0x74 zephyr/subsys/bluetooth/host/libsubsys__bluetooth__host.a(keys.c.obj)
                0x000000000000ccb8                bt_keys_find_irk
 .text.bt_keys_find_addr
                0x000000000000cd2c       0x20 zephyr/subsys/bluetooth/host/libsubsys__bluetooth__host.a(keys.c.obj)
                0x000000000000cd2c                bt_keys_find_addr
 .text.mem_init
                0x000000000000cd4c       0x40 zephyr/subsys/bluetooth/controller/libsubsys__bluetooth__controller.a(mem.c.obj)
                0x000000000000cd4c                mem_init
 .text.mem_acquire
                0x000000000000cd8c       0x2c zephyr/subsys/bluetooth/controller/libsubsys__bluetooth__controller.a(mem.c.obj)
                0x000000000000cd8c                mem_acquire
 .text.mem_release
                0x000000000000cdb8       0x34 zephyr/subsys/bluetooth/controller/libsubsys__bluetooth__controller.a(mem.c.obj)
                0x000000000000cdb8                mem_release
 .text.mem_get  0x000000000000cdec        0x8 zephyr/subsys/bluetooth/controller/libsubsys__bluetooth__controller.a(mem.c.obj)
                0x000000000000cdec                mem_get
 .text.mem_index_get
                0x000000000000cdf4        0xc zephyr/subsys/bluetooth/controller/libsubsys__bluetooth__controller.a(mem.c.obj)
                0x000000000000cdf4                mem_index_get
 .text.mem_rcopy
                0x000000000000ce00       0x1c zephyr/subsys/bluetooth/controller/libsubsys__bluetooth__controller.a(mem.c.obj)
                0x000000000000ce00                mem_rcopy
 .text.mem_nz   0x000000000000ce1c       0x18 zephyr/subsys/bluetooth/controller/libsubsys__bluetooth__controller.a(mem.c.obj)
                0x000000000000ce1c                mem_nz
 .text.memq_init
                0x000000000000ce34        0x8 zephyr/subsys/bluetooth/controller/libsubsys__bluetooth__controller.a(memq.c.obj)
                0x000000000000ce34                memq_init
 .text.memq_deinit
                0x000000000000ce3c       0x14 zephyr/subsys/bluetooth/controller/libsubsys__bluetooth__controller.a(memq.c.obj)
                0x000000000000ce3c                memq_deinit
 .text.memq_enqueue
                0x000000000000ce50       0x10 zephyr/subsys/bluetooth/controller/libsubsys__bluetooth__controller.a(memq.c.obj)
                0x000000000000ce50                memq_enqueue
 .text.memq_peek
                0x000000000000ce60       0x10 zephyr/subsys/bluetooth/controller/libsubsys__bluetooth__controller.a(memq.c.obj)
                0x000000000000ce60                memq_peek
 .text.memq_dequeue
                0x000000000000ce70       0x20 zephyr/subsys/bluetooth/controller/libsubsys__bluetooth__controller.a(memq.c.obj)
                0x000000000000ce70                memq_dequeue
 .text.mayfly_init
                0x000000000000ce90       0x40 zephyr/subsys/bluetooth/controller/libsubsys__bluetooth__controller.a(mayfly.c.obj)
                0x000000000000ce90                mayfly_init
 .text.mayfly_enable
                0x000000000000ced0       0x68 zephyr/subsys/bluetooth/controller/libsubsys__bluetooth__controller.a(mayfly.c.obj)
                0x000000000000ced0                mayfly_enable
 .text.mayfly_enqueue
                0x000000000000cf38       0xa8 zephyr/subsys/bluetooth/controller/libsubsys__bluetooth__controller.a(mayfly.c.obj)
                0x000000000000cf38                mayfly_enqueue
 .text.mayfly_run
                0x000000000000cfe0      0x144 zephyr/subsys/bluetooth/controller/libsubsys__bluetooth__controller.a(mayfly.c.obj)
                0x000000000000cfe0                mayfly_run
 .text.util_ones_count_get
                0x000000000000d124       0x30 zephyr/subsys/bluetooth/controller/libsubsys__bluetooth__controller.a(util.c.obj)
                0x000000000000d124                util_ones_count_get
 .text.ticker_worker
                0x000000000000d154      0x2e4 zephyr/subsys/bluetooth/controller/libsubsys__bluetooth__controller.a(ticker.c.obj)
                0x000000000000d154                ticker_worker
 .text.ticker_job
                0x000000000000d438      0xe88 zephyr/subsys/bluetooth/controller/libsubsys__bluetooth__controller.a(ticker.c.obj)
                0x000000000000d438                ticker_job
 .text.ticker_init
                0x000000000000e2c0       0x98 zephyr/subsys/bluetooth/controller/libsubsys__bluetooth__controller.a(ticker.c.obj)
                0x000000000000e2c0                ticker_init
 .text.ticker_trigger
                0x000000000000e358       0x30 zephyr/subsys/bluetooth/controller/libsubsys__bluetooth__controller.a(ticker.c.obj)
                0x000000000000e358                ticker_trigger
 .text.ticker_start_ext
                0x000000000000e388       0xac zephyr/subsys/bluetooth/controller/libsubsys__bluetooth__controller.a(ticker.c.obj)
                0x000000000000e388                ticker_start_ext
 .text.ticker_start
                0x000000000000e434       0x38 zephyr/subsys/bluetooth/controller/libsubsys__bluetooth__controller.a(ticker.c.obj)
                0x000000000000e434                ticker_start
 .text.ticker_update_ext
                0x000000000000e46c       0xa8 zephyr/subsys/bluetooth/controller/libsubsys__bluetooth__controller.a(ticker.c.obj)
                0x000000000000e46c                ticker_update_ext
 .text.ticker_update
                0x000000000000e514       0x30 zephyr/subsys/bluetooth/controller/libsubsys__bluetooth__controller.a(ticker.c.obj)
                0x000000000000e514                ticker_update
 .text.ticker_stop
                0x000000000000e544       0x8c zephyr/subsys/bluetooth/controller/libsubsys__bluetooth__controller.a(ticker.c.obj)
                0x000000000000e544                ticker_stop
 .text.ticker_ticks_now_get
                0x000000000000e5d0        0x4 zephyr/subsys/bluetooth/controller/libsubsys__bluetooth__controller.a(ticker.c.obj)
                0x000000000000e5d0                ticker_ticks_now_get
 .text.ll_addr_get
                0x000000000000e5d4       0x3c zephyr/subsys/bluetooth/controller/libsubsys__bluetooth__controller.a(ll_addr.c.obj)
                0x000000000000e5d4                ll_addr_get
 .text.ll_addr_set
                0x000000000000e610       0x3c zephyr/subsys/bluetooth/controller/libsubsys__bluetooth__controller.a(ll_addr.c.obj)
                0x000000000000e610                ll_addr_set
 .text.ll_tx_pwr_lvl_get
                0x000000000000e64c       0x20 zephyr/subsys/bluetooth/controller/libsubsys__bluetooth__controller.a(ll_tx_pwr.c.obj)
                0x000000000000e64c                ll_tx_pwr_lvl_get
 .text.ll_tx_pwr_get
                0x000000000000e66c        0x8 zephyr/subsys/bluetooth/controller/libsubsys__bluetooth__controller.a(ll_tx_pwr.c.obj)
                0x000000000000e66c                ll_tx_pwr_get
 .text.hci_driver_init
                0x000000000000e674       0x10 zephyr/subsys/bluetooth/controller/libsubsys__bluetooth__controller.a(hci_driver.c.obj)
 .text.recv_thread
                0x000000000000e684       0xf4 zephyr/subsys/bluetooth/controller/libsubsys__bluetooth__controller.a(hci_driver.c.obj)
 .text.prio_recv_thread
                0x000000000000e778       0xc0 zephyr/subsys/bluetooth/controller/libsubsys__bluetooth__controller.a(hci_driver.c.obj)
 .text.hci_driver_send
                0x000000000000e838       0xb0 zephyr/subsys/bluetooth/controller/libsubsys__bluetooth__controller.a(hci_driver.c.obj)
 .text.hci_driver_open
                0x000000000000e8e8       0xbc zephyr/subsys/bluetooth/controller/libsubsys__bluetooth__controller.a(hci_driver.c.obj)
 .text.cmd_complete_status
                0x000000000000e9a4       0x24 zephyr/subsys/bluetooth/controller/libsubsys__bluetooth__controller.a(hci.c.obj)
 .text.meta_evt
                0x000000000000e9c8       0x30 zephyr/subsys/bluetooth/controller/libsubsys__bluetooth__controller.a(hci.c.obj)
 .text.encrypt_change.part.0
                0x000000000000e9f8       0x34 zephyr/subsys/bluetooth/controller/libsubsys__bluetooth__controller.a(hci.c.obj)
 .text.le_remote_feat_complete
                0x000000000000ea2c       0x6c zephyr/subsys/bluetooth/controller/libsubsys__bluetooth__controller.a(hci.c.obj)
 .text.hci_disconn_complete_encode.part.0
                0x000000000000ea98       0x30 zephyr/subsys/bluetooth/controller/libsubsys__bluetooth__controller.a(hci.c.obj)
 .text.hci_cmd_complete
                0x000000000000eac8       0x20 zephyr/subsys/bluetooth/controller/libsubsys__bluetooth__controller.a(hci.c.obj)
                0x000000000000eac8                hci_cmd_complete
 .text.hci_vendor_cmd_handle_common
                0x000000000000eae8      0x120 zephyr/subsys/bluetooth/controller/libsubsys__bluetooth__controller.a(hci.c.obj)
                0x000000000000eae8                hci_vendor_cmd_handle_common
 .text.hci_cmd_handle
                0x000000000000ec08      0x7a0 zephyr/subsys/bluetooth/controller/libsubsys__bluetooth__controller.a(hci.c.obj)
                0x000000000000ec08                hci_cmd_handle
 .text.hci_acl_handle
                0x000000000000f3a8      0x140 zephyr/subsys/bluetooth/controller/libsubsys__bluetooth__controller.a(hci.c.obj)
                0x000000000000f3a8                hci_acl_handle
 .text.hci_disconn_complete_encode
                0x000000000000f4e8       0x20 zephyr/subsys/bluetooth/controller/libsubsys__bluetooth__controller.a(hci.c.obj)
                0x000000000000f4e8                hci_disconn_complete_encode
 .text.hci_disconn_complete_process
                0x000000000000f508       0x10 zephyr/subsys/bluetooth/controller/libsubsys__bluetooth__controller.a(hci.c.obj)
                0x000000000000f508                hci_disconn_complete_process
 .text.hci_acl_encode
                0x000000000000f518       0x74 zephyr/subsys/bluetooth/controller/libsubsys__bluetooth__controller.a(hci.c.obj)
                0x000000000000f518                hci_acl_encode
 .text.hci_evt_encode
                0x000000000000f58c      0x500 zephyr/subsys/bluetooth/controller/libsubsys__bluetooth__controller.a(hci.c.obj)
                0x000000000000f58c                hci_evt_encode
 .text.hci_num_cmplt_encode
                0x000000000000fa8c       0x30 zephyr/subsys/bluetooth/controller/libsubsys__bluetooth__controller.a(hci.c.obj)
                0x000000000000fa8c                hci_num_cmplt_encode
 .text.hci_get_class
                0x000000000000fabc       0x2c zephyr/subsys/bluetooth/controller/libsubsys__bluetooth__controller.a(hci.c.obj)
                0x000000000000fabc                hci_get_class
 .text.hci_init
                0x000000000000fae8       0x40 zephyr/subsys/bluetooth/controller/libsubsys__bluetooth__controller.a(hci.c.obj)
                0x000000000000fae8                hci_init
 .text.bt_rand  0x000000000000fb28        0x4 zephyr/subsys/bluetooth/controller/libsubsys__bluetooth__controller.a(crypto.c.obj)
                0x000000000000fb28                bt_rand
 .text.bt_encrypt_le
                0x000000000000fb2c        0xc zephyr/subsys/bluetooth/controller/libsubsys__bluetooth__controller.a(crypto.c.obj)
                0x000000000000fb2c                bt_encrypt_le
 .text.perform_lll_reset
                0x000000000000fb38       0x94 zephyr/subsys/bluetooth/controller/libsubsys__bluetooth__controller.a(ull.c.obj)
 .text.ull_ticker_status_give
                0x000000000000fbcc        0xc zephyr/subsys/bluetooth/controller/libsubsys__bluetooth__controller.a(ull.c.obj)
                0x000000000000fbcc                ull_ticker_status_give
 .text.disabled_cb
                0x000000000000fbd8        0x4 zephyr/subsys/bluetooth/controller/libsubsys__bluetooth__controller.a(ull.c.obj)
 .text.tx_cmplt_get
                0x000000000000fbdc       0xcc zephyr/subsys/bluetooth/controller/libsubsys__bluetooth__controller.a(ull.c.obj)
 .text.ull_done
                0x000000000000fca8      0x120 zephyr/subsys/bluetooth/controller/libsubsys__bluetooth__controller.a(ull.c.obj)
 .text.rx_demux
                0x000000000000fdc8      0x1dc zephyr/subsys/bluetooth/controller/libsubsys__bluetooth__controller.a(ull.c.obj)
 .text.ll_init  0x000000000000ffa4      0x2f0 zephyr/subsys/bluetooth/controller/libsubsys__bluetooth__controller.a(ull.c.obj)
                0x000000000000ffa4                ll_init
 .text.ll_reset
                0x0000000000010294      0x324 zephyr/subsys/bluetooth/controller/libsubsys__bluetooth__controller.a(ull.c.obj)
                0x0000000000010294                ll_reset
 .text.ll_rx_get
                0x00000000000105b8      0x1d4 zephyr/subsys/bluetooth/controller/libsubsys__bluetooth__controller.a(ull.c.obj)
                0x00000000000105b8                ll_rx_get
 .text.ll_rx_dequeue
                0x000000000001078c      0x1a0 zephyr/subsys/bluetooth/controller/libsubsys__bluetooth__controller.a(ull.c.obj)
                0x000000000001078c                ll_rx_dequeue
 .text.ll_rx_mem_release
                0x000000000001092c      0x25c zephyr/subsys/bluetooth/controller/libsubsys__bluetooth__controller.a(ull.c.obj)
                0x000000000001092c                ll_rx_mem_release
 .text.ll_rx_link_alloc
                0x0000000000010b88        0xc zephyr/subsys/bluetooth/controller/libsubsys__bluetooth__controller.a(ull.c.obj)
                0x0000000000010b88                ll_rx_link_alloc
 .text.ll_rx_link_release
                0x0000000000010b94        0xc zephyr/subsys/bluetooth/controller/libsubsys__bluetooth__controller.a(ull.c.obj)
                0x0000000000010b94                ll_rx_link_release
 .text.ll_rx_alloc
                0x0000000000010ba0        0xc zephyr/subsys/bluetooth/controller/libsubsys__bluetooth__controller.a(ull.c.obj)
                0x0000000000010ba0                ll_rx_alloc
 .text.ll_rx_release
                0x0000000000010bac        0xc zephyr/subsys/bluetooth/controller/libsubsys__bluetooth__controller.a(ull.c.obj)
                0x0000000000010bac                ll_rx_release
 .text.ll_rx_put
                0x0000000000010bb8       0x14 zephyr/subsys/bluetooth/controller/libsubsys__bluetooth__controller.a(ull.c.obj)
                0x0000000000010bb8                ll_rx_put
 .text.ll_rx_sched
                0x0000000000010bcc        0xc zephyr/subsys/bluetooth/controller/libsubsys__bluetooth__controller.a(ull.c.obj)
                0x0000000000010bcc                ll_rx_sched
 .text.ll_pdu_rx_alloc_peek
                0x0000000000010bd8       0x3c zephyr/subsys/bluetooth/controller/libsubsys__bluetooth__controller.a(ull.c.obj)
                0x0000000000010bd8                ll_pdu_rx_alloc_peek
 .text.ll_pdu_rx_alloc
                0x0000000000010c14       0x30 zephyr/subsys/bluetooth/controller/libsubsys__bluetooth__controller.a(ull.c.obj)
                0x0000000000010c14                ll_pdu_rx_alloc
 .text.ll_tx_ack_put
                0x0000000000010c44       0x60 zephyr/subsys/bluetooth/controller/libsubsys__bluetooth__controller.a(ull.c.obj)
                0x0000000000010c44                ll_tx_ack_put
 .text.ull_ticker_status_take
                0x0000000000010ca4       0x50 zephyr/subsys/bluetooth/controller/libsubsys__bluetooth__controller.a(ull.c.obj)
                0x0000000000010ca4                ull_ticker_status_take
 .text.ull_disable_mark
                0x0000000000010cf4       0x18 zephyr/subsys/bluetooth/controller/libsubsys__bluetooth__controller.a(ull.c.obj)
                0x0000000000010cf4                ull_disable_mark
 .text.ull_disable_unmark
                0x0000000000010d0c       0x18 zephyr/subsys/bluetooth/controller/libsubsys__bluetooth__controller.a(ull.c.obj)
                0x0000000000010d0c                ull_disable_unmark
 .text.ull_disable_mark_get
                0x0000000000010d24        0xc zephyr/subsys/bluetooth/controller/libsubsys__bluetooth__controller.a(ull.c.obj)
                0x0000000000010d24                ull_disable_mark_get
 .text.ull_update_mark
                0x0000000000010d30       0x18 zephyr/subsys/bluetooth/controller/libsubsys__bluetooth__controller.a(ull.c.obj)
                0x0000000000010d30                ull_update_mark
 .text.ull_update_unmark
                0x0000000000010d48       0x18 zephyr/subsys/bluetooth/controller/libsubsys__bluetooth__controller.a(ull.c.obj)
                0x0000000000010d48                ull_update_unmark
 .text.ull_update_mark_get
                0x0000000000010d60        0xc zephyr/subsys/bluetooth/controller/libsubsys__bluetooth__controller.a(ull.c.obj)
                0x0000000000010d60                ull_update_mark_get
 .text.ull_disable
                0x0000000000010d6c       0x7c zephyr/subsys/bluetooth/controller/libsubsys__bluetooth__controller.a(ull.c.obj)
                0x0000000000010d6c                ull_disable
 .text.ull_ticker_stop_with_mark
                0x0000000000010de8       0x80 zephyr/subsys/bluetooth/controller/libsubsys__bluetooth__controller.a(ull.c.obj)
                0x0000000000010de8                ull_ticker_stop_with_mark
 .text.ull_pdu_rx_alloc_peek
                0x0000000000010e68       0x3c zephyr/subsys/bluetooth/controller/libsubsys__bluetooth__controller.a(ull.c.obj)
                0x0000000000010e68                ull_pdu_rx_alloc_peek
 .text.ull_pdu_rx_alloc
                0x0000000000010ea4       0x30 zephyr/subsys/bluetooth/controller/libsubsys__bluetooth__controller.a(ull.c.obj)
                0x0000000000010ea4                ull_pdu_rx_alloc
 .text.ull_rx_put
                0x0000000000010ed4       0x20 zephyr/subsys/bluetooth/controller/libsubsys__bluetooth__controller.a(ull.c.obj)
                0x0000000000010ed4                ull_rx_put
 .text.ull_rx_sched
                0x0000000000010ef4       0x10 zephyr/subsys/bluetooth/controller/libsubsys__bluetooth__controller.a(ull.c.obj)
                0x0000000000010ef4                ull_rx_sched
 .text.ull_prepare_enqueue
                0x0000000000010f04       0x7c zephyr/subsys/bluetooth/controller/libsubsys__bluetooth__controller.a(ull.c.obj)
                0x0000000000010f04                ull_prepare_enqueue
 .text.ull_prepare_dequeue_get
                0x0000000000010f80       0x1c zephyr/subsys/bluetooth/controller/libsubsys__bluetooth__controller.a(ull.c.obj)
                0x0000000000010f80                ull_prepare_dequeue_get
 .text.ull_prepare_dequeue_iter
                0x0000000000010f9c       0x3c zephyr/subsys/bluetooth/controller/libsubsys__bluetooth__controller.a(ull.c.obj)
                0x0000000000010f9c                ull_prepare_dequeue_iter
 .text.ull_prepare_dequeue
                0x0000000000010fd8       0xb8 zephyr/subsys/bluetooth/controller/libsubsys__bluetooth__controller.a(ull.c.obj)
                0x0000000000010fd8                ull_prepare_dequeue
 .text.ull_event_done_extra_get
                0x0000000000011090       0x20 zephyr/subsys/bluetooth/controller/libsubsys__bluetooth__controller.a(ull.c.obj)
                0x0000000000011090                ull_event_done_extra_get
 .text.ull_event_done
                0x00000000000110b0       0x5c zephyr/subsys/bluetooth/controller/libsubsys__bluetooth__controller.a(ull.c.obj)
                0x00000000000110b0                ull_event_done
 .text.lll_prepare
                0x000000000001110c       0x18 zephyr/subsys/bluetooth/controller/libsubsys__bluetooth__controller.a(lll_common.c.obj)
                0x000000000001110c                lll_prepare
 .text.lll_resume
                0x0000000000011124       0x4c zephyr/subsys/bluetooth/controller/libsubsys__bluetooth__controller.a(lll_common.c.obj)
                0x0000000000011124                lll_resume
 .text.ticker_cb
                0x0000000000011170      0x138 zephyr/subsys/bluetooth/controller/libsubsys__bluetooth__controller.a(ull_adv.c.obj)
 .text.ticker_op_stop_cb
                0x00000000000112a8       0xa4 zephyr/subsys/bluetooth/controller/libsubsys__bluetooth__controller.a(ull_adv.c.obj)
 .text.disabled_cb
                0x000000000001134c       0x94 zephyr/subsys/bluetooth/controller/libsubsys__bluetooth__controller.a(ull_adv.c.obj)
 .text.ticker_op_update_cb
                0x00000000000113e0       0x38 zephyr/subsys/bluetooth/controller/libsubsys__bluetooth__controller.a(ull_adv.c.obj)
 .text.ticker_stop_cb
                0x0000000000011418       0x88 zephyr/subsys/bluetooth/controller/libsubsys__bluetooth__controller.a(ull_adv.c.obj)
 .text.init_reset
                0x00000000000114a0       0x60 zephyr/subsys/bluetooth/controller/libsubsys__bluetooth__controller.a(ull_adv.c.obj)
 .text.conn_release.constprop.0
                0x0000000000011500       0x84 zephyr/subsys/bluetooth/controller/libsubsys__bluetooth__controller.a(ull_adv.c.obj)
 .text.ll_adv_params_set
                0x0000000000011584      0x13c zephyr/subsys/bluetooth/controller/libsubsys__bluetooth__controller.a(ull_adv.c.obj)
                0x0000000000011584                ll_adv_params_set
 .text.ull_adv_init
                0x00000000000116c0        0x4 zephyr/subsys/bluetooth/controller/libsubsys__bluetooth__controller.a(ull_adv.c.obj)
                0x00000000000116c0                ull_adv_init
 .text.ull_adv_reset
                0x00000000000116c4      0x150 zephyr/subsys/bluetooth/controller/libsubsys__bluetooth__controller.a(ull_adv.c.obj)
                0x00000000000116c4                ull_adv_reset
 .text.ull_adv_reset_finalize
                0x0000000000011814       0x20 zephyr/subsys/bluetooth/controller/libsubsys__bluetooth__controller.a(ull_adv.c.obj)
                0x0000000000011814                ull_adv_reset_finalize
 .text.ull_adv_handle_get
                0x0000000000011834       0x1c zephyr/subsys/bluetooth/controller/libsubsys__bluetooth__controller.a(ull_adv.c.obj)
                0x0000000000011834                ull_adv_handle_get
 .text.ull_adv_lll_handle_get
                0x0000000000011850       0x1c zephyr/subsys/bluetooth/controller/libsubsys__bluetooth__controller.a(ull_adv.c.obj)
                0x0000000000011850                ull_adv_lll_handle_get
 .text.ull_adv_is_enabled_get
                0x000000000001186c       0x1c zephyr/subsys/bluetooth/controller/libsubsys__bluetooth__controller.a(ull_adv.c.obj)
                0x000000000001186c                ull_adv_is_enabled_get
 .text.ull_adv_is_enabled
                0x0000000000011888       0x18 zephyr/subsys/bluetooth/controller/libsubsys__bluetooth__controller.a(ull_adv.c.obj)
                0x0000000000011888                ull_adv_is_enabled
 .text.ull_adv_filter_pol_get
                0x00000000000118a0       0x20 zephyr/subsys/bluetooth/controller/libsubsys__bluetooth__controller.a(ull_adv.c.obj)
                0x00000000000118a0                ull_adv_filter_pol_get
 .text.ull_adv_data_set
                0x00000000000118c0       0x8c zephyr/subsys/bluetooth/controller/libsubsys__bluetooth__controller.a(ull_adv.c.obj)
                0x00000000000118c0                ull_adv_data_set
 .text.ll_adv_data_set
                0x000000000001194c       0x10 zephyr/subsys/bluetooth/controller/libsubsys__bluetooth__controller.a(ull_adv.c.obj)
                0x000000000001194c                ll_adv_data_set
 .text.ull_scan_rsp_set
                0x000000000001195c       0x54 zephyr/subsys/bluetooth/controller/libsubsys__bluetooth__controller.a(ull_adv.c.obj)
                0x000000000001195c                ull_scan_rsp_set
 .text.ll_adv_scan_rsp_set
                0x00000000000119b0       0x10 zephyr/subsys/bluetooth/controller/libsubsys__bluetooth__controller.a(ull_adv.c.obj)
                0x00000000000119b0                ll_adv_scan_rsp_set
 .text.ull_adv_pdu_update_addrs
                0x00000000000119c0       0x60 zephyr/subsys/bluetooth/controller/libsubsys__bluetooth__controller.a(ull_adv.c.obj)
                0x00000000000119c0                ull_adv_pdu_update_addrs
 .text.tx_ull_dequeue
                0x0000000000011a20       0x84 zephyr/subsys/bluetooth/controller/libsubsys__bluetooth__controller.a(ull_conn.c.obj)
 .text.init_reset
                0x0000000000011aa4       0x74 zephyr/subsys/bluetooth/controller/libsubsys__bluetooth__controller.a(ull_conn.c.obj)
 .text.ctrl_tx_pause_enqueue
                0x0000000000011b18       0xcc zephyr/subsys/bluetooth/controller/libsubsys__bluetooth__controller.a(ull_conn.c.obj)
 .text.tx_lll_flush
                0x0000000000011be4       0xf4 zephyr/subsys/bluetooth/controller/libsubsys__bluetooth__controller.a(ull_conn.c.obj)
 .text.ticker_op_stop_cb
                0x0000000000011cd8       0x64 zephyr/subsys/bluetooth/controller/libsubsys__bluetooth__controller.a(ull_conn.c.obj)
 .text.ticker_start_conn_op_cb
                0x0000000000011d3c       0x58 zephyr/subsys/bluetooth/controller/libsubsys__bluetooth__controller.a(ull_conn.c.obj)
 .text.ticker_stop_conn_op_cb
                0x0000000000011d94       0x58 zephyr/subsys/bluetooth/controller/libsubsys__bluetooth__controller.a(ull_conn.c.obj)
 .text.ticker_update_conn_op_cb
                0x0000000000011dec       0x40 zephyr/subsys/bluetooth/controller/libsubsys__bluetooth__controller.a(ull_conn.c.obj)
 .text.reject_ext_ind_send
                0x0000000000011e2c       0xf0 zephyr/subsys/bluetooth/controller/libsubsys__bluetooth__controller.a(ull_conn.c.obj)
 .text.start_enc_rsp_send
                0x0000000000011f1c       0xdc zephyr/subsys/bluetooth/controller/libsubsys__bluetooth__controller.a(ull_conn.c.obj)
 .text.ctrl_tx_sec_enqueue
                0x0000000000011ff8      0x134 zephyr/subsys/bluetooth/controller/libsubsys__bluetooth__controller.a(ull_conn.c.obj)
 .text.event_phy_upd_ind_prep
                0x000000000001212c      0x360 zephyr/subsys/bluetooth/controller/libsubsys__bluetooth__controller.a(ull_conn.c.obj)
 .text.ll_conn_acquire
                0x000000000001248c        0xc zephyr/subsys/bluetooth/controller/libsubsys__bluetooth__controller.a(ull_conn.c.obj)
                0x000000000001248c                ll_conn_acquire
 .text.ll_conn_release
                0x0000000000012498        0xc zephyr/subsys/bluetooth/controller/libsubsys__bluetooth__controller.a(ull_conn.c.obj)
                0x0000000000012498                ll_conn_release
 .text.ll_conn_handle_get
                0x00000000000124a4       0x10 zephyr/subsys/bluetooth/controller/libsubsys__bluetooth__controller.a(ull_conn.c.obj)
                0x00000000000124a4                ll_conn_handle_get
 .text.ll_conn_get
                0x00000000000124b4       0x10 zephyr/subsys/bluetooth/controller/libsubsys__bluetooth__controller.a(ull_conn.c.obj)
                0x00000000000124b4                ll_conn_get
 .text.ll_connected_get
                0x00000000000124c4       0x24 zephyr/subsys/bluetooth/controller/libsubsys__bluetooth__controller.a(ull_conn.c.obj)
                0x00000000000124c4                ll_connected_get
 .text.ll_tx_mem_acquire
                0x00000000000124e8        0xc zephyr/subsys/bluetooth/controller/libsubsys__bluetooth__controller.a(ull_conn.c.obj)
                0x00000000000124e8                ll_tx_mem_acquire
 .text.ll_tx_mem_release
                0x00000000000124f4        0xc zephyr/subsys/bluetooth/controller/libsubsys__bluetooth__controller.a(ull_conn.c.obj)
                0x00000000000124f4                ll_tx_mem_release
 .text.ll_tx_mem_enqueue
                0x0000000000012500       0x94 zephyr/subsys/bluetooth/controller/libsubsys__bluetooth__controller.a(ull_conn.c.obj)
                0x0000000000012500                ll_tx_mem_enqueue
 .text.ll_conn_update
                0x0000000000012594      0x12c zephyr/subsys/bluetooth/controller/libsubsys__bluetooth__controller.a(ull_conn.c.obj)
                0x0000000000012594                ll_conn_update
 .text.ll_chm_get
                0x00000000000126c0       0x40 zephyr/subsys/bluetooth/controller/libsubsys__bluetooth__controller.a(ull_conn.c.obj)
                0x00000000000126c0                ll_chm_get
 .text.ll_terminate_ind_send
                0x0000000000012700       0x84 zephyr/subsys/bluetooth/controller/libsubsys__bluetooth__controller.a(ull_conn.c.obj)
                0x0000000000012700                ll_terminate_ind_send
 .text.ll_feature_req_send
                0x0000000000012784       0x4c zephyr/subsys/bluetooth/controller/libsubsys__bluetooth__controller.a(ull_conn.c.obj)
                0x0000000000012784                ll_feature_req_send
 .text.ll_version_ind_send
                0x00000000000127d0       0x4c zephyr/subsys/bluetooth/controller/libsubsys__bluetooth__controller.a(ull_conn.c.obj)
                0x00000000000127d0                ll_version_ind_send
 .text.ll_length_req_send
                0x000000000001281c       0xb0 zephyr/subsys/bluetooth/controller/libsubsys__bluetooth__controller.a(ull_conn.c.obj)
                0x000000000001281c                ll_length_req_send
 .text.ll_length_default_get
                0x00000000000128cc       0x18 zephyr/subsys/bluetooth/controller/libsubsys__bluetooth__controller.a(ull_conn.c.obj)
                0x00000000000128cc                ll_length_default_get
 .text.ll_length_default_set
                0x00000000000128e4       0x14 zephyr/subsys/bluetooth/controller/libsubsys__bluetooth__controller.a(ull_conn.c.obj)
                0x00000000000128e4                ll_length_default_set
 .text.ll_length_max_get
                0x00000000000128f8       0x14 zephyr/subsys/bluetooth/controller/libsubsys__bluetooth__controller.a(ull_conn.c.obj)
                0x00000000000128f8                ll_length_max_get
 .text.ll_phy_get
                0x000000000001290c       0x3c zephyr/subsys/bluetooth/controller/libsubsys__bluetooth__controller.a(ull_conn.c.obj)
                0x000000000001290c                ll_phy_get
 .text.ll_phy_default_set
                0x0000000000012948       0x14 zephyr/subsys/bluetooth/controller/libsubsys__bluetooth__controller.a(ull_conn.c.obj)
                0x0000000000012948                ll_phy_default_set
 .text.ll_phy_req_send
                0x000000000001295c       0xa0 zephyr/subsys/bluetooth/controller/libsubsys__bluetooth__controller.a(ull_conn.c.obj)
                0x000000000001295c                ll_phy_req_send
 .text.ll_apto_get
                0x00000000000129fc       0x48 zephyr/subsys/bluetooth/controller/libsubsys__bluetooth__controller.a(ull_conn.c.obj)
                0x00000000000129fc                ll_apto_get
 .text.ll_apto_set
                0x0000000000012a44       0x44 zephyr/subsys/bluetooth/controller/libsubsys__bluetooth__controller.a(ull_conn.c.obj)
                0x0000000000012a44                ll_apto_set
 .text.ull_conn_init
                0x0000000000012a88        0x4 zephyr/subsys/bluetooth/controller/libsubsys__bluetooth__controller.a(ull_conn.c.obj)
                0x0000000000012a88                ull_conn_init
 .text.ull_conn_reset
                0x0000000000012a8c       0x74 zephyr/subsys/bluetooth/controller/libsubsys__bluetooth__controller.a(ull_conn.c.obj)
                0x0000000000012a8c                ull_conn_reset
 .text.ull_conn_default_tx_octets_get
                0x0000000000012b00        0xc zephyr/subsys/bluetooth/controller/libsubsys__bluetooth__controller.a(ull_conn.c.obj)
                0x0000000000012b00                ull_conn_default_tx_octets_get
 .text.ull_conn_default_tx_time_get